Archive member included to satisfy reference by file (symbol)

a:/intelfpga_lite/nios2eds/bin/gnu/h-x86_64-mingw32/bin/../lib/gcc/nios2-elf/5.3.0/../../../../../H-x86_64-mingw32/nios2-elf/lib/mno-hw-mul\libc.a(lib_a-puts.o)
                              obj/default/hello_ucosii.o (puts)
a:/intelfpga_lite/nios2eds/bin/gnu/h-x86_64-mingw32/bin/../lib/gcc/nios2-elf/5.3.0/../../../../../H-x86_64-mingw32/nios2-elf/lib/mno-hw-mul\libc.a(lib_a-strlen.o)
                              a:/intelfpga_lite/nios2eds/bin/gnu/h-x86_64-mingw32/bin/../lib/gcc/nios2-elf/5.3.0/../../../../../H-x86_64-mingw32/nios2-elf/lib/mno-hw-mul\libc.a(lib_a-puts.o) (strlen)
a:/intelfpga_lite/nios2eds/bin/gnu/h-x86_64-mingw32/bin/../lib/gcc/nios2-elf/5.3.0/../../../../../H-x86_64-mingw32/nios2-elf/lib/mno-hw-mul\libc.a(lib_a-findfp.o)
                              a:/intelfpga_lite/nios2eds/bin/gnu/h-x86_64-mingw32/bin/../lib/gcc/nios2-elf/5.3.0/../../../../../H-x86_64-mingw32/nios2-elf/lib/mno-hw-mul\libc.a(lib_a-puts.o) (__sinit)
a:/intelfpga_lite/nios2eds/bin/gnu/h-x86_64-mingw32/bin/../lib/gcc/nios2-elf/5.3.0/../../../../../H-x86_64-mingw32/nios2-elf/lib/mno-hw-mul\libc.a(lib_a-fvwrite.o)
                              a:/intelfpga_lite/nios2eds/bin/gnu/h-x86_64-mingw32/bin/../lib/gcc/nios2-elf/5.3.0/../../../../../H-x86_64-mingw32/nios2-elf/lib/mno-hw-mul\libc.a(lib_a-puts.o) (__sfvwrite_r)
a:/intelfpga_lite/nios2eds/bin/gnu/h-x86_64-mingw32/bin/../lib/gcc/nios2-elf/5.3.0/../../../../../H-x86_64-mingw32/nios2-elf/lib/mno-hw-mul\libc.a(lib_a-fwalk.o)
                              a:/intelfpga_lite/nios2eds/bin/gnu/h-x86_64-mingw32/bin/../lib/gcc/nios2-elf/5.3.0/../../../../../H-x86_64-mingw32/nios2-elf/lib/mno-hw-mul\libc.a(lib_a-findfp.o) (_fwalk)
a:/intelfpga_lite/nios2eds/bin/gnu/h-x86_64-mingw32/bin/../lib/gcc/nios2-elf/5.3.0/../../../../../H-x86_64-mingw32/nios2-elf/lib/mno-hw-mul\libc.a(lib_a-impure.o)
                              a:/intelfpga_lite/nios2eds/bin/gnu/h-x86_64-mingw32/bin/../lib/gcc/nios2-elf/5.3.0/../../../../../H-x86_64-mingw32/nios2-elf/lib/mno-hw-mul\libc.a(lib_a-findfp.o) (_global_impure_ptr)
a:/intelfpga_lite/nios2eds/bin/gnu/h-x86_64-mingw32/bin/../lib/gcc/nios2-elf/5.3.0/../../../../../H-x86_64-mingw32/nios2-elf/lib/mno-hw-mul\libc.a(lib_a-mallocr.o)
                              a:/intelfpga_lite/nios2eds/bin/gnu/h-x86_64-mingw32/bin/../lib/gcc/nios2-elf/5.3.0/../../../../../H-x86_64-mingw32/nios2-elf/lib/mno-hw-mul\libc.a(lib_a-findfp.o) (_malloc_r)
a:/intelfpga_lite/nios2eds/bin/gnu/h-x86_64-mingw32/bin/../lib/gcc/nios2-elf/5.3.0/../../../../../H-x86_64-mingw32/nios2-elf/lib/mno-hw-mul\libc.a(lib_a-memchr.o)
                              a:/intelfpga_lite/nios2eds/bin/gnu/h-x86_64-mingw32/bin/../lib/gcc/nios2-elf/5.3.0/../../../../../H-x86_64-mingw32/nios2-elf/lib/mno-hw-mul\libc.a(lib_a-fvwrite.o) (memchr)
a:/intelfpga_lite/nios2eds/bin/gnu/h-x86_64-mingw32/bin/../lib/gcc/nios2-elf/5.3.0/../../../../../H-x86_64-mingw32/nios2-elf/lib/mno-hw-mul\libc.a(lib_a-memcpy.o)
                              a:/intelfpga_lite/nios2eds/bin/gnu/h-x86_64-mingw32/bin/../lib/gcc/nios2-elf/5.3.0/../../../../../H-x86_64-mingw32/nios2-elf/lib/mno-hw-mul\libc.a(lib_a-fvwrite.o) (memcpy)
a:/intelfpga_lite/nios2eds/bin/gnu/h-x86_64-mingw32/bin/../lib/gcc/nios2-elf/5.3.0/../../../../../H-x86_64-mingw32/nios2-elf/lib/mno-hw-mul\libc.a(lib_a-memmove.o)
                              a:/intelfpga_lite/nios2eds/bin/gnu/h-x86_64-mingw32/bin/../lib/gcc/nios2-elf/5.3.0/../../../../../H-x86_64-mingw32/nios2-elf/lib/mno-hw-mul\libc.a(lib_a-fvwrite.o) (memmove)
a:/intelfpga_lite/nios2eds/bin/gnu/h-x86_64-mingw32/bin/../lib/gcc/nios2-elf/5.3.0/../../../../../H-x86_64-mingw32/nios2-elf/lib/mno-hw-mul\libc.a(lib_a-memset.o)
                              a:/intelfpga_lite/nios2eds/bin/gnu/h-x86_64-mingw32/bin/../lib/gcc/nios2-elf/5.3.0/../../../../../H-x86_64-mingw32/nios2-elf/lib/mno-hw-mul\libc.a(lib_a-findfp.o) (memset)
a:/intelfpga_lite/nios2eds/bin/gnu/h-x86_64-mingw32/bin/../lib/gcc/nios2-elf/5.3.0/../../../../../H-x86_64-mingw32/nios2-elf/lib/mno-hw-mul\libc.a(lib_a-reallocr.o)
                              a:/intelfpga_lite/nios2eds/bin/gnu/h-x86_64-mingw32/bin/../lib/gcc/nios2-elf/5.3.0/../../../../../H-x86_64-mingw32/nios2-elf/lib/mno-hw-mul\libc.a(lib_a-fvwrite.o) (_realloc_r)
a:/intelfpga_lite/nios2eds/bin/gnu/h-x86_64-mingw32/bin/../lib/gcc/nios2-elf/5.3.0/../../../../../H-x86_64-mingw32/nios2-elf/lib/mno-hw-mul\libc.a(lib_a-sbrkr.o)
                              a:/intelfpga_lite/nios2eds/bin/gnu/h-x86_64-mingw32/bin/../lib/gcc/nios2-elf/5.3.0/../../../../../H-x86_64-mingw32/nios2-elf/lib/mno-hw-mul\libc.a(lib_a-mallocr.o) (_sbrk_r)
a:/intelfpga_lite/nios2eds/bin/gnu/h-x86_64-mingw32/bin/../lib/gcc/nios2-elf/5.3.0/../../../../../H-x86_64-mingw32/nios2-elf/lib/mno-hw-mul\libc.a(lib_a-stdio.o)
[...]
Memory Configuration

Name             Origin             Length             Attributes
reset            0x0000000000020000 0x0000000000000020
OnChip_Memory    0x0000000000020020 0x000000000001f3e0
*default*        0x0000000000000000 0xffffffffffffffff

Linker script and memory map

LOAD ../lab3_bsp//obj/HAL/src/crt0.o
LOAD obj/default/hello_ucosii.o
LOAD a:/intelfpga_lite/nios2eds/bin/gnu/h-x86_64-mingw32/bin/../lib/gcc/nios2-elf/5.3.0/../../../../../H-x86_64-mingw32/nios2-elf/lib/mno-hw-mul\libstdc++.a
LOAD a:/intelfpga_lite/nios2eds/bin/gnu/h-x86_64-mingw32/bin/../lib/gcc/nios2-elf/5.3.0/../../../../../H-x86_64-mingw32/nios2-elf/lib/mno-hw-mul\libm.a
LOAD a:/intelfpga_lite/nios2eds/bin/gnu/h-x86_64-mingw32/bin/../lib/gcc/nios2-elf/5.3.0/mno-hw-mul\libgcc.a
START GROUP
LOAD a:/intelfpga_lite/nios2eds/bin/gnu/h-x86_64-mingw32/bin/../lib/gcc/nios2-elf/5.3.0/../../../../../H-x86_64-mingw32/nios2-elf/lib/mno-hw-mul\libc.a
LOAD a:/intelfpga_lite/nios2eds/bin/gnu/h-x86_64-mingw32/bin/../lib/gcc/nios2-elf/5.3.0/mno-hw-mul\libgcc.a
LOAD ../lab3_bsp/\libucosii_bsp.a
LOAD a:/intelfpga_lite/nios2eds/bin/gnu/h-x86_64-mingw32/bin/../lib/gcc/nios2-elf/5.3.0/../../../../../H-x86_64-mingw32/nios2-elf/lib/mno-hw-mul\libm.a
END GROUP
LOAD a:/intelfpga_lite/nios2eds/bin/gnu/h-x86_64-mingw32/bin/../lib/gcc/nios2-elf/5.3.0/mno-hw-mul\libgcc.a
                0x0000000000020000                __alt_mem_OnChip_Memory = 0x20000

.entry          0x0000000000020000       0x20
 *(.entry)
 .entry         0x0000000000020000       0x20 ../lab3_bsp//obj/HAL/src/crt0.o
                0x0000000000020000                __reset

.exceptions     0x0000000000020020      0x210
                0x0000000000020020                PROVIDE (__ram_exceptions_start, ABSOLUTE (.))
                0x0000000000020020                . = ALIGN (0x20)
 *(.irq)
 *(.exceptions.entry.label)
 .exceptions.entry.label
                0x0000000000020020        0x0 ../lab3_bsp/\libucosii_bsp.a(alt_irq_entry.o)
                0x0000000000020020                alt_irq_entry
 .exceptions.entry.label
                0x0000000000020020        0x0 ../lab3_bsp/\libucosii_bsp.a(alt_exception_entry.o)
                0x0000000000020020                alt_exception
 *(.exceptions.entry.user)
 *(.exceptions.entry.ecc_fatal)
 *(.exceptions.entry)
 .exceptions.entry
                0x0000000000020020       0x54 ../lab3_bsp/\libucosii_bsp.a(alt_exception_entry.o)
 *(.exceptions.irqtest.user)
 *(.exceptions.irqtest)
 .exceptions.irqtest
                0x0000000000020074       0x10 ../lab3_bsp/\libucosii_bsp.a(alt_irq_entry.o)
 *(.exceptions.irqhandler.user)
 *(.exceptions.irqhandler)
 .exceptions.irqhandler
                0x0000000000020084        0x4 ../lab3_bsp/\libucosii_bsp.a(alt_irq_entry.o)
 *(.exceptions.irqreturn.user)
 *(.exceptions.irqreturn)
 .exceptions.irqreturn
                0x0000000000020088        0x4 ../lab3_bsp/\libucosii_bsp.a(alt_irq_entry.o)
 *(.exceptions.notirq.label)
 .exceptions.notirq.label
                0x000000000002008c        0x0 ../lab3_bsp/\libucosii_bsp.a(alt_irq_entry.o)
 *(.exceptions.notirq.user)
 *(.exceptions.notirq)
 .exceptions.notirq
                0x000000000002008c        0x8 ../lab3_bsp/\libucosii_bsp.a(alt_exception_entry.o)
 *(.exceptions.soft.user)
 *(.exceptions.soft)
 *(.exceptions.unknown.user)
 *(.exceptions.unknown)
 .exceptions.unknown
                0x0000000000020094       0x14 ../lab3_bsp/\libucosii_bsp.a(alt_exception_entry.o)
 *(.exceptions.exit.label)
 .exceptions.exit.label
                0x00000000000200a8        0x0 ../lab3_bsp/\libucosii_bsp.a(alt_irq_entry.o)
 .exceptions.exit.label
                0x00000000000200a8        0x0 ../lab3_bsp/\libucosii_bsp.a(alt_exception_entry.o)
 *(.exceptions.exit.user)
 *(.exceptions.exit)
 .exceptions.exit
                0x00000000000200a8       0x54 ../lab3_bsp/\libucosii_bsp.a(alt_exception_entry.o)
 *(.exceptions)
 .exceptions    0x00000000000200fc       0xd4 ../lab3_bsp/\libucosii_bsp.a(alt_irq_handler.o)
                0x00000000000200fc                alt_irq_handler
 .exceptions    0x00000000000201d0       0x60 ../lab3_bsp/\libucosii_bsp.a(alt_instruction_exception_entry.o)
                0x00000000000201d0                alt_instruction_exception_entry
                0x0000000000020230                PROVIDE (__ram_exceptions_end, ABSOLUTE (.))
                0x0000000000020020                PROVIDE (__flash_exceptions_start, LOADADDR (.exceptions))

.text           0x0000000000020230     0xd748
                [!provide]                        PROVIDE (stext, ABSOLUTE (.))
 *(.interp)
 *(.hash)
 *(.dynsym)
 *(.dynstr)
 *(.gnu.version)
 *(.gnu.version_d)
 *(.gnu.version_r)
 *(.rel.init)
 *(.rela.init)
 *(.rel.text .rel.text.* .rel.gnu.linkonce.t.*)
 *(.rela.text .rela.text.* .rela.gnu.linkonce.t.*)
 *(.rel.fini)
 *(.rela.fini)
 *(.rel.rodata .rel.rodata.* .rel.gnu.linkonce.r.*)
 *(.rela.rodata .rela.rodata.* .rela.gnu.linkonce.r.*)
 *(.rel.data .rel.data.* .rel.gnu.linkonce.d.*)
 *(.rela.data .rela.data.* .rela.gnu.linkonce.d.*)
 *(.rel.tdata .rel.tdata.* .rel.gnu.linkonce.td.*)
 *(.rela.tdata .rela.tdata.* .rela.gnu.linkonce.td.*)
 *(.rel.tbss .rel.tbss.* .rel.gnu.linkonce.tb.*)
 *(.rela.tbss .rela.tbss.* .rela.gnu.linkonce.tb.*)
 *(.rel.ctors)
 *(.rela.ctors)
 *(.rel.dtors)
 *(.rela.dtors)
 *(.rel.got)
 *(.rela.got)
 *(.rel.sdata .rel.sdata.* .rel.gnu.linkonce.s.*)
 *(.rela.sdata .rela.sdata.* .rela.gnu.linkonce.s.*)
 *(.rel.sbss .rel.sbss.* .rel.gnu.linkonce.sb.*)
 *(.rela.sbss .rela.sbss.* .rela.gnu.linkonce.sb.*)
 *(.rel.sdata2 .rel.sdata2.* .rel.gnu.linkonce.s2.*)
 *(.rela.sdata2 .rela.sdata2.* .rela.gnu.linkonce.s2.*)
 *(.rel.sbss2 .rel.sbss2.* .rel.gnu.linkonce.sb2.*)
 *(.rela.sbss2 .rela.sbss2.* .rela.gnu.linkonce.sb2.*)
 *(.rel.bss .rel.bss.* .rel.gnu.linkonce.b.*)
 *(.rela.bss .rela.bss.* .rela.gnu.linkonce.b.*)
 *(.rel.plt)
 *(.rela.plt)
 *(.rel.dyn)
 *(.init)
 *(.plt)
 *(.text .stub .text.* .gnu.linkonce.t.*)
 .text          0x0000000000020230       0x3c ../lab3_bsp//obj/HAL/src/crt0.o
                0x0000000000020230                _start
 .text          0x000000000002026c      0x11c obj/default/hello_ucosii.o
                0x000000000002026c                task1
                0x00000000000202a4                task2
                0x00000000000202dc                main
 .text          0x0000000000020388        0x0 a:/intelfpga_lite/nios2eds/bin/gnu/h-x86_64-mingw32/bin/../lib/gcc/nios2-elf/5.3.0/../../../../../H-x86_64-mingw32/nios2-elf/lib/mno-hw-mul\libc.a(lib_a-puts.o)
 .text._puts_r  0x0000000000020388       0xc0 a:/intelfpga_lite/nios2eds/bin/gnu/h-x86_64-mingw32/bin/../lib/gcc/nios2-elf/5.3.0/../../../../../H-x86_64-mingw32/nios2-elf/lib/mno-hw-mul\libc.a(lib_a-puts.o)
                0x0000000000020388                _puts_r
 .text.puts     0x0000000000020448       0x14 a:/intelfpga_lite/nios2eds/bin/gnu/h-x86_64-mingw32/bin/../lib/gcc/nios2-elf/5.3.0/../../../../../H-x86_64-mingw32/nios2-elf/lib/mno-hw-mul\libc.a(lib_a-puts.o)
                0x0000000000020448                puts
 .text          0x000000000002045c        0x0 a:/intelfpga_lite/nios2eds/bin/gnu/h-x86_64-mingw32/bin/../lib/gcc/nios2-elf/5.3.0/../../../../../H-x86_64-mingw32/nios2-elf/lib/mno-hw-mul\libc.a(lib_a-strlen.o)
 .text.strlen   0x000000000002045c       0x98 a:/intelfpga_lite/nios2eds/bin/gnu/h-x86_64-mingw32/bin/../lib/gcc/nios2-elf/5.3.0/../../../../../H-x86_64-mingw32/nios2-elf/lib/mno-hw-mul\libc.a(lib_a-strlen.o)
                0x000000000002045c                strlen
 .text          0x00000000000204f4        0x0 a:/intelfpga_lite/nios2eds/bin/gnu/h-x86_64-mingw32/bin/../lib/gcc/nios2-elf/5.3.0/../../../../../H-x86_64-mingw32/nios2-elf/lib/mno-hw-mul\libc.a(lib_a-findfp.o)
 .text.__fp_unlock
                0x00000000000204f4        0x8 a:/intelfpga_lite/nios2eds/bin/gnu/h-x86_64-mingw32/bin/../lib/gcc/nios2-elf/5.3.0/../../../../../H-x86_64-mingw32/nios2-elf/lib/mno-hw-mul\libc.a(lib_a-findfp.o)
 .text._cleanup_r
                0x00000000000204fc        0xc a:/intelfpga_lite/nios2eds/bin/gnu/h-x86_64-mingw32/bin/../lib/gcc/nios2-elf/5.3.0/../../../../../H-x86_64-mingw32/nios2-elf/lib/mno-hw-mul\libc.a(lib_a-findfp.o)
                0x00000000000204fc                _cleanup_r
 .text.__sinit.part.1
                0x0000000000020508      0x19c a:/intelfpga_lite/nios2eds/bin/gnu/h-x86_64-mingw32/bin/../lib/gcc/nios2-elf/5.3.0/../../../../../H-x86_64-mingw32/nios2-elf/lib/mno-hw-mul\libc.a(lib_a-findfp.o)
 .text.__fp_lock
                0x00000000000206a4        0x8 a:/intelfpga_lite/nios2eds/bin/gnu/h-x86_64-mingw32/bin/../lib/gcc/nios2-elf/5.3.0/../../../../../H-x86_64-mingw32/nios2-elf/lib/mno-hw-mul\libc.a(lib_a-findfp.o)
 .text.__sfmoreglue
                0x00000000000206ac       0x78 a:/intelfpga_lite/nios2eds/bin/gnu/h-x86_64-mingw32/bin/../lib/gcc/nios2-elf/5.3.0/../../../../../H-x86_64-mingw32/nios2-elf/lib/mno-hw-mul\libc.a(lib_a-findfp.o)
                0x00000000000206ac                __sfmoreglue
 .text.__sfp    0x0000000000020724      0x118 a:/intelfpga_lite/nios2eds/bin/gnu/h-x86_64-mingw32/bin/../lib/gcc/nios2-elf/5.3.0/../../../../../H-x86_64-mingw32/nios2-elf/lib/mno-hw-mul\libc.a(lib_a-findfp.o)
                0x0000000000020724                __sfp
 .text._cleanup
                0x000000000002083c       0x18 a:/intelfpga_lite/nios2eds/bin/gnu/h-x86_64-mingw32/bin/../lib/gcc/nios2-elf/5.3.0/../../../../../H-x86_64-mingw32/nios2-elf/lib/mno-hw-mul\libc.a(lib_a-findfp.o)
                0x000000000002083c                _cleanup
 .text.__sinit  0x0000000000020854       0x10 a:/intelfpga_lite/nios2eds/bin/gnu/h-x86_64-mingw32/bin/../lib/gcc/nios2-elf/5.3.0/../../../../../H-x86_64-mingw32/nios2-elf/lib/mno-hw-mul\libc.a(lib_a-findfp.o)
                0x0000000000020854                __sinit
 .text.__sfp_lock_acquire
                0x0000000000020864        0x4 a:/intelfpga_lite/nios2eds/bin/gnu/h-x86_64-mingw32/bin/../lib/gcc/nios2-elf/5.3.0/../../../../../H-x86_64-mingw32/nios2-elf/lib/mno-hw-mul\libc.a(lib_a-findfp.o)
                0x0000000000020864                __sfp_lock_acquire
 .text.__sfp_lock_release
                0x0000000000020868        0x4 a:/intelfpga_lite/nios2eds/bin/gnu/h-x86_64-mingw32/bin/../lib/gcc/nios2-elf/5.3.0/../../../../../H-x86_64-mingw32/nios2-elf/lib/mno-hw-mul\libc.a(lib_a-findfp.o)
                0x0000000000020868                __sfp_lock_release
 .text.__sinit_lock_acquire
                0x000000000002086c        0x4 a:/intelfpga_lite/nios2eds/bin/gnu/h-x86_64-mingw32/bin/../lib/gcc/nios2-elf/5.3.0/../../../../../H-x86_64-mingw32/nios2-elf/lib/mno-hw-mul\libc.a(lib_a-findfp.o)
                0x000000000002086c                __sinit_lock_acquire
 .text.__sinit_lock_release
                0x0000000000020870        0x4 a:/intelfpga_lite/nios2eds/bin/gnu/h-x86_64-mingw32/bin/../lib/gcc/nios2-elf/5.3.0/../../../../../H-x86_64-mingw32/nios2-elf/lib/mno-hw-mul\libc.a(lib_a-findfp.o)
                0x0000000000020870                __sinit_lock_release
 .text.__fp_lock_all
                0x0000000000020874       0x18 a:/intelfpga_lite/nios2eds/bin/gnu/h-x86_64-mingw32/bin/../lib/gcc/nios2-elf/5.3.0/../../../../../H-x86_64-mingw32/nios2-elf/lib/mno-hw-mul\libc.a(lib_a-findfp.o)
                0x0000000000020874                __fp_lock_all
 .text.__fp_unlock_all
                0x000000000002088c       0x18 a:/intelfpga_lite/nios2eds/bin/gnu/h-x86_64-mingw32/bin/../lib/gcc/nios2-elf/5.3.0/../../../../../H-x86_64-mingw32/nios2-elf/lib/mno-hw-mul\libc.a(lib_a-findfp.o)
                0x000000000002088c                __fp_unlock_all
 .text          0x00000000000208a4        0x0 a:/intelfpga_lite/nios2eds/bin/gnu/h-x86_64-mingw32/bin/../lib/gcc/nios2-elf/5.3.0/../../../../../H-x86_64-mingw32/nios2-elf/lib/mno-hw-mul\libc.a(lib_a-fvwrite.o)
 .text.__sfvwrite_r
                0x00000000000208a4      0x4c8 a:/intelfpga_lite/nios2eds/bin/gnu/h-x86_64-mingw32/bin/../lib/gcc/nios2-elf/5.3.0/../../../../../H-x86_64-mingw32/nios2-elf/lib/mno-hw-mul\libc.a(lib_a-fvwrite.o)
                0x00000000000208a4                __sfvwrite_r
 .text          0x0000000000020d6c        0x0 a:/intelfpga_lite/nios2eds/bin/gnu/h-x86_64-mingw32/bin/../lib/gcc/nios2-elf/5.3.0/../../../../../H-x86_64-mingw32/nios2-elf/lib/mno-hw-mul\libc.a(lib_a-fwalk.o)
 .text._fwalk   0x0000000000020d6c       0xc4 a:/intelfpga_lite/nios2eds/bin/gnu/h-x86_64-mingw32/bin/../lib/gcc/nios2-elf/5.3.0/../../../../../H-x86_64-mingw32/nios2-elf/lib/mno-hw-mul\libc.a(lib_a-fwalk.o)
                0x0000000000020d6c                _fwalk
 .text._fwalk_reent
                0x0000000000020e30       0xc4 a:/intelfpga_lite/nios2eds/bin/gnu/h-x86_64-mingw32/bin/../lib/gcc/nios2-elf/5.3.0/../../../../../H-x86_64-mingw32/nios2-elf/lib/mno-hw-mul\libc.a(lib_a-fwalk.o)
                0x0000000000020e30                _fwalk_reent
 .text          0x0000000000020ef4        0x0 a:/intelfpga_lite/nios2eds/bin/gnu/h-x86_64-mingw32/bin/../lib/gcc/nios2-elf/5.3.0/../../../../../H-x86_64-mingw32/nios2-elf/lib/mno-hw-mul\libc.a(lib_a-impure.o)
 .text          0x0000000000020ef4        0x0 a:/intelfpga_lite/nios2eds/bin/gnu/h-x86_64-mingw32/bin/../lib/gcc/nios2-elf/5.3.0/../../../../../H-x86_64-mingw32/nios2-elf/lib/mno-hw-mul\libc.a(lib_a-mallocr.o)
 .text._malloc_r
                0x0000000000020ef4      0x80c a:/intelfpga_lite/nios2eds/bin/gnu/h-x86_64-mingw32/bin/../lib/gcc/nios2-elf/5.3.0/../../../../../H-x86_64-mingw32/nios2-elf/lib/mno-hw-mul\libc.a(lib_a-mallocr.o)
                0x0000000000020ef4                _malloc_r
 .text          0x0000000000021700        0x0 a:/intelfpga_lite/nios2eds/bin/gnu/h-x86_64-mingw32/bin/../lib/gcc/nios2-elf/5.3.0/../../../../../H-x86_64-mingw32/nios2-elf/lib/mno-hw-mul\libc.a(lib_a-memchr.o)
 .text.memchr   0x0000000000021700       0xe4 a:/intelfpga_lite/nios2eds/bin/gnu/h-x86_64-mingw32/bin/../lib/gcc/nios2-elf/5.3.0/../../../../../H-x86_64-mingw32/nios2-elf/lib/mno-hw-mul\libc.a(lib_a-memchr.o)
                0x0000000000021700                memchr
 .text          0x00000000000217e4        0x0 a:/intelfpga_lite/nios2eds/bin/gnu/h-x86_64-mingw32/bin/../lib/gcc/nios2-elf/5.3.0/../../../../../H-x86_64-mingw32/nios2-elf/lib/mno-hw-mul\libc.a(lib_a-memcpy.o)
 .text.memcpy   0x00000000000217e4      0x148 a:/intelfpga_lite/nios2eds/bin/gnu/h-x86_64-mingw32/bin/../lib/gcc/nios2-elf/5.3.0/../../../../../H-x86_64-mingw32/nios2-elf/lib/mno-hw-mul\libc.a(lib_a-memcpy.o)
                0x00000000000217e4                memcpy
 .text          0x000000000002192c        0x0 a:/intelfpga_lite/nios2eds/bin/gnu/h-x86_64-mingw32/bin/../lib/gcc/nios2-elf/5.3.0/../../../../../H-x86_64-mingw32/nios2-elf/lib/mno-hw-mul\libc.a(lib_a-memmove.o)
 .text.memmove  0x000000000002192c      0x15c a:/intelfpga_lite/nios2eds/bin/gnu/h-x86_64-mingw32/bin/../lib/gcc/nios2-elf/5.3.0/../../../../../H-x86_64-mingw32/nios2-elf/lib/mno-hw-mul\libc.a(lib_a-memmove.o)
                0x000000000002192c                memmove
 .text          0x0000000000021a88        0x0 a:/intelfpga_lite/nios2eds/bin/gnu/h-x86_64-mingw32/bin/../lib/gcc/nios2-elf/5.3.0/../../../../../H-x86_64-mingw32/nios2-elf/lib/mno-hw-mul\libc.a(lib_a-memset.o)
 .text.memset   0x0000000000021a88      0x128 a:/intelfpga_lite/nios2eds/bin/gnu/h-x86_64-mingw32/bin/../lib/gcc/nios2-elf/5.3.0/../../../../../H-x86_64-mingw32/nios2-elf/lib/mno-hw-mul\libc.a(lib_a-memset.o)
                0x0000000000021a88                memset
 .text          0x0000000000021bb0        0x0 a:/intelfpga_lite/nios2eds/bin/gnu/h-x86_64-mingw32/bin/../lib/gcc/nios2-elf/5.3.0/../../../../../H-x86_64-mingw32/nios2-elf/lib/mno-hw-mul\libc.a(lib_a-reallocr.o)
 .text._realloc_r
                0x0000000000021bb0      0x564 a:/intelfpga_lite/nios2eds/bin/gnu/h-x86_64-mingw32/bin/../lib/gcc/nios2-elf/5.3.0/../../../../../H-x86_64-mingw32/nios2-elf/lib/mno-hw-mul\libc.a(lib_a-reallocr.o)
                0x0000000000021bb0                _realloc_r
 .text          0x0000000000022114        0x0 a:/intelfpga_lite/nios2eds/bin/gnu/h-x86_64-mingw32/bin/../lib/gcc/nios2-elf/5.3.0/../../../../../H-x86_64-mingw32/nios2-elf/lib/mno-hw-mul\libc.a(lib_a-sbrkr.o)
 .text._sbrk_r  0x0000000000022114       0x54 a:/intelfpga_lite/nios2eds/bin/gnu/h-x86_64-mingw32/bin/../lib/gcc/nios2-elf/5.3.0/../../../../../H-x86_64-mingw32/nios2-elf/lib/mno-hw-mul\libc.a(lib_a-sbrkr.o)
                0x0000000000022114                _sbrk_r
 .text          0x0000000000022168        0x0 a:/intelfpga_lite/nios2eds/bin/gnu/h-x86_64-mingw32/bin/../lib/gcc/nios2-elf/5.3.0/../../../../../H-x86_64-mingw32/nios2-elf/lib/mno-hw-mul\libc.a(lib_a-stdio.o)
 .text.__sread  0x0000000000022168       0x54 a:/intelfpga_lite/nios2eds/bin/gnu/h-x86_64-mingw32/bin/../lib/gcc/nios2-elf/5.3.0/../../../../../H-x86_64-mingw32/nios2-elf/lib/mno-hw-mul\libc.a(lib_a-stdio.o)
                0x0000000000022168                __sread
 .text.__seofread
                0x00000000000221bc        0x8 a:/intelfpga_lite/nios2eds/bin/gnu/h-x86_64-mingw32/bin/../lib/gcc/nios2-elf/5.3.0/../../../../../H-x86_64-mingw32/nios2-elf/lib/mno-hw-mul\libc.a(lib_a-stdio.o)
                0x00000000000221bc                __seofread
 .text.__swrite
                0x00000000000221c4       0x7c a:/intelfpga_lite/nios2eds/bin/gnu/h-x86_64-mingw32/bin/../lib/gcc/nios2-elf/5.3.0/../../../../../H-x86_64-mingw32/nios2-elf/lib/mno-hw-mul\libc.a(lib_a-stdio.o)
                0x00000000000221c4                __swrite
 .text.__sseek  0x0000000000022240       0x5c a:/intelfpga_lite/nios2eds/bin/gnu/h-x86_64-mingw32/bin/../lib/gcc/nios2-elf/5.3.0/../../../../../H-x86_64-mingw32/nios2-elf/lib/mno-hw-mul\libc.a(lib_a-stdio.o)
                0x0000000000022240                __sseek
 .text.__sclose
                0x000000000002229c        0x8 a:/intelfpga_lite/nios2eds/bin/gnu/h-x86_64-mingw32/bin/../lib/gcc/nios2-elf/5.3.0/../../../../../H-x86_64-mingw32/nios2-elf/lib/mno-hw-mul\libc.a(lib_a-stdio.o)
                0x000000000002229c                __sclose
 .text          0x00000000000222a4        0x0 a:/intelfpga_lite/nios2eds/bin/gnu/h-x86_64-mingw32/bin/../lib/gcc/nios2-elf/5.3.0/../../../../../H-x86_64-mingw32/nios2-elf/lib/mno-hw-mul\libc.a(lib_a-writer.o)
 .text._write_r
                0x00000000000222a4       0x60 a:/intelfpga_lite/nios2eds/bin/gnu/h-x86_64-mingw32/bin/../lib/gcc/nios2-elf/5.3.0/../../../../../H-x86_64-mingw32/nios2-elf/lib/mno-hw-mul\libc.a(lib_a-writer.o)
                0x00000000000222a4                _write_r
 .text          0x0000000000022304        0x0 a:/intelfpga_lite/nios2eds/bin/gnu/h-x86_64-mingw32/bin/../lib/gcc/nios2-elf/5.3.0/../../../../../H-x86_64-mingw32/nios2-elf/lib/mno-hw-mul\libc.a(lib_a-wsetup.o)
 .text.__swsetup_r
                0x0000000000022304      0x154 a:/intelfpga_lite/nios2eds/bin/gnu/h-x86_64-mingw32/bin/../lib/gcc/nios2-elf/5.3.0/../../../../../H-x86_64-mingw32/nios2-elf/lib/mno-hw-mul\libc.a(lib_a-wsetup.o)
                0x0000000000022304                __swsetup_r
 .text          0x0000000000022458        0x0 a:/intelfpga_lite/nios2eds/bin/gnu/h-x86_64-mingw32/bin/../lib/gcc/nios2-elf/5.3.0/../../../../../H-x86_64-mingw32/nios2-elf/lib/mno-hw-mul\libc.a(closer.o)
 .text._close_r
                0x0000000000022458       0x54 a:/intelfpga_lite/nios2eds/bin/gnu/h-x86_64-mingw32/bin/../lib/gcc/nios2-elf/5.3.0/../../../../../H-x86_64-mingw32/nios2-elf/lib/mno-hw-mul\libc.a(closer.o)
                0x0000000000022458                _close_r
 .text          0x00000000000224ac        0x0 a:/intelfpga_lite/nios2eds/bin/gnu/h-x86_64-mingw32/bin/../lib/gcc/nios2-elf/5.3.0/../../../../../H-x86_64-mingw32/nios2-elf/lib/mno-hw-mul\libc.a(lib_a-fclose.o)
 .text._fclose_r
                0x00000000000224ac       0xf0 a:/intelfpga_lite/nios2eds/bin/gnu/h-x86_64-mingw32/bin/../lib/gcc/nios2-elf/5.3.0/../../../../../H-x86_64-mingw32/nios2-elf/lib/mno-hw-mul\libc.a(lib_a-fclose.o)
                0x00000000000224ac                _fclose_r
 .text.fclose   0x000000000002259c       0x14 a:/intelfpga_lite/nios2eds/bin/gnu/h-x86_64-mingw32/bin/../lib/gcc/nios2-elf/5.3.0/../../../../../H-x86_64-mingw32/nios2-elf/lib/mno-hw-mul\libc.a(lib_a-fclose.o)
                0x000000000002259c                fclose
 .text          0x00000000000225b0        0x0 a:/intelfpga_lite/nios2eds/bin/gnu/h-x86_64-mingw32/bin/../lib/gcc/nios2-elf/5.3.0/../../../../../H-x86_64-mingw32/nios2-elf/lib/mno-hw-mul\libc.a(lib_a-fflush.o)
 .text.__sflush_r
                0x00000000000225b0      0x21c a:/intelfpga_lite/nios2eds/bin/gnu/h-x86_64-mingw32/bin/../lib/gcc/nios2-elf/5.3.0/../../../../../H-x86_64-mingw32/nios2-elf/lib/mno-hw-mul\libc.a(lib_a-fflush.o)
                0x00000000000225b0                __sflush_r
 .text._fflush_r
                0x00000000000227cc       0x5c a:/intelfpga_lite/nios2eds/bin/gnu/h-x86_64-mingw32/bin/../lib/gcc/nios2-elf/5.3.0/../../../../../H-x86_64-mingw32/nios2-elf/lib/mno-hw-mul\libc.a(lib_a-fflush.o)
                0x00000000000227cc                _fflush_r
 .text.fflush   0x0000000000022828       0x30 a:/intelfpga_lite/nios2eds/bin/gnu/h-x86_64-mingw32/bin/../lib/gcc/nios2-elf/5.3.0/../../../../../H-x86_64-mingw32/nios2-elf/lib/mno-hw-mul\libc.a(lib_a-fflush.o)
                0x0000000000022828                fflush
 .text          0x0000000000022858        0x0 a:/intelfpga_lite/nios2eds/bin/gnu/h-x86_64-mingw32/bin/../lib/gcc/nios2-elf/5.3.0/../../../../../H-x86_64-mingw32/nios2-elf/lib/mno-hw-mul\libc.a(lib_a-freer.o)
 .text._malloc_trim_r
                0x0000000000022858      0x124 a:/intelfpga_lite/nios2eds/bin/gnu/h-x86_64-mingw32/bin/../lib/gcc/nios2-elf/5.3.0/../../../../../H-x86_64-mingw32/nios2-elf/lib/mno-hw-mul\libc.a(lib_a-freer.o)
                0x0000000000022858                _malloc_trim_r
 .text._free_r  0x000000000002297c      0x310 a:/intelfpga_lite/nios2eds/bin/gnu/h-x86_64-mingw32/bin/../lib/gcc/nios2-elf/5.3.0/../../../../../H-x86_64-mingw32/nios2-elf/lib/mno-hw-mul\libc.a(lib_a-freer.o)
                0x000000000002297c                _free_r
 .text          0x0000000000022c8c        0x0 a:/intelfpga_lite/nios2eds/bin/gnu/h-x86_64-mingw32/bin/../lib/gcc/nios2-elf/5.3.0/../../../../../H-x86_64-mingw32/nios2-elf/lib/mno-hw-mul\libc.a(lib_a-int_errno.o)
 .text          0x0000000000022c8c        0x0 a:/intelfpga_lite/nios2eds/bin/gnu/h-x86_64-mingw32/bin/../lib/gcc/nios2-elf/5.3.0/../../../../../H-x86_64-mingw32/nios2-elf/lib/mno-hw-mul\libc.a(lib_a-lseekr.o)
 .text._lseek_r
                0x0000000000022c8c       0x60 a:/intelfpga_lite/nios2eds/bin/gnu/h-x86_64-mingw32/bin/../lib/gcc/nios2-elf/5.3.0/../../../../../H-x86_64-mingw32/nios2-elf/lib/mno-hw-mul\libc.a(lib_a-lseekr.o)
                0x0000000000022c8c                _lseek_r
 .text          0x0000000000022cec        0x0 a:/intelfpga_lite/nios2eds/bin/gnu/h-x86_64-mingw32/bin/../lib/gcc/nios2-elf/5.3.0/../../../../../H-x86_64-mingw32/nios2-elf/lib/mno-hw-mul\libc.a(lib_a-makebuf.o)
 .text.__smakebuf_r
                0x0000000000022cec      0x1bc a:/intelfpga_lite/nios2eds/bin/gnu/h-x86_64-mingw32/bin/../lib/gcc/nios2-elf/5.3.0/../../../../../H-x86_64-mingw32/nios2-elf/lib/mno-hw-mul\libc.a(lib_a-makebuf.o)
                0x0000000000022cec                __smakebuf_r
 .text          0x0000000000022ea8        0x0 a:/intelfpga_lite/nios2eds/bin/gnu/h-x86_64-mingw32/bin/../lib/gcc/nios2-elf/5.3.0/../../../../../H-x86_64-mingw32/nios2-elf/lib/mno-hw-mul\libc.a(lib_a-readr.o)
 .text._read_r  0x0000000000022ea8       0x60 a:/intelfpga_lite/nios2eds/bin/gnu/h-x86_64-mingw32/bin/../lib/gcc/nios2-elf/5.3.0/../../../../../H-x86_64-mingw32/nios2-elf/lib/mno-hw-mul\libc.a(lib_a-readr.o)
                0x0000000000022ea8                _read_r
 .text          0x0000000000022f08        0x0 a:/intelfpga_lite/nios2eds/bin/gnu/h-x86_64-mingw32/bin/../lib/gcc/nios2-elf/5.3.0/../../../../../H-x86_64-mingw32/nios2-elf/lib/mno-hw-mul\libc.a(lib_a-fstatr.o)
 .text._fstat_r
                0x0000000000022f08       0x5c a:/intelfpga_lite/nios2eds/bin/gnu/h-x86_64-mingw32/bin/../lib/gcc/nios2-elf/5.3.0/../../../../../H-x86_64-mingw32/nios2-elf/lib/mno-hw-mul\libc.a(lib_a-fstatr.o)
                0x0000000000022f08                _fstat_r
 .text          0x0000000000022f64        0x0 a:/intelfpga_lite/nios2eds/bin/gnu/h-x86_64-mingw32/bin/../lib/gcc/nios2-elf/5.3.0/../../../../../H-x86_64-mingw32/nios2-elf/lib/mno-hw-mul\libc.a(lib_a-isattyr.o)
 .text._isatty_r
                0x0000000000022f64       0x54 a:/intelfpga_lite/nios2eds/bin/gnu/h-x86_64-mingw32/bin/../lib/gcc/nios2-elf/5.3.0/../../../../../H-x86_64-mingw32/nios2-elf/lib/mno-hw-mul\libc.a(lib_a-isattyr.o)
                0x0000000000022f64                _isatty_r
 .text          0x0000000000022fb8      0x1b4 a:/intelfpga_lite/nios2eds/bin/gnu/h-x86_64-mingw32/bin/../lib/gcc/nios2-elf/5.3.0/mno-hw-mul\libgcc.a(lib2-divmod.o)
                0x0000000000022fb8                __divsi3
                0x000000000002303c                __modsi3
                0x00000000000230b0                __udivsi3
                0x0000000000023114                __umodsi3
 .text          0x000000000002316c       0x28 a:/intelfpga_lite/nios2eds/bin/gnu/h-x86_64-mingw32/bin/../lib/gcc/nios2-elf/5.3.0/mno-hw-mul\libgcc.a(lib2-mul.o)
                0x000000000002316c                __mulsi3
 .text          0x0000000000023194      0x114 ../lab3_bsp/\libucosii_bsp.a(alt_close.o)
                0x00000000000231d0                close
 .text          0x00000000000232a8       0x2c ../lab3_bsp/\libucosii_bsp.a(alt_dev.o)
 .text          0x00000000000232d4        0x0 ../lab3_bsp/\libucosii_bsp.a(alt_errno.o)
 .text          0x00000000000232d4       0xf4 ../lab3_bsp/\libucosii_bsp.a(alt_fstat.o)
                0x0000000000023310                fstat
 .text          0x00000000000233c8       0xe8 ../lab3_bsp/\libucosii_bsp.a(alt_isatty.o)
                0x0000000000023404                isatty
 .text          0x00000000000234b0       0xec ../lab3_bsp/\libucosii_bsp.a(alt_load.o)
                0x0000000000023518                alt_load
 .text          0x000000000002359c      0x118 ../lab3_bsp/\libucosii_bsp.a(alt_lseek.o)
                0x00000000000235d8                lseek
 .text          0x00000000000236b4       0xbc ../lab3_bsp/\libucosii_bsp.a(alt_main.o)
                0x00000000000236b4                alt_main
 .text          0x0000000000023770      0x140 ../lab3_bsp/\libucosii_bsp.a(alt_read.o)
                0x00000000000237ac                read
 .text          0x00000000000238b0       0x84 ../lab3_bsp/\libucosii_bsp.a(alt_release_fd.o)
                0x00000000000238b0                alt_release_fd
 .text          0x0000000000023934       0xb0 ../lab3_bsp/\libucosii_bsp.a(alt_sbrk.o)
                0x0000000000023934                sbrk
 .text          0x00000000000239e4      0x13c ../lab3_bsp/\libucosii_bsp.a(alt_write.o)
                0x0000000000023a20                write
 .text          0x0000000000023b20      0x124 ../lab3_bsp/\libucosii_bsp.a(alt_env_lock.o)
                0x0000000000023b20                __env_lock
                0x0000000000023be4                __env_unlock
 .text          0x0000000000023c44      0x1ec ../lab3_bsp/\libucosii_bsp.a(alt_malloc_lock.o)
                0x0000000000023c44                __malloc_lock
                0x0000000000023d64                __malloc_unlock
 .text          0x0000000000023e30     0x2014 ../lab3_bsp/\libucosii_bsp.a(os_core.o)
                0x0000000000023e30                OSEventNameGet
                0x0000000000023f50                OSEventNameSet
                0x0000000000024090                OSEventPendMulti
                0x00000000000246a0                OSInit
                0x00000000000246f8                OSIntEnter
                0x0000000000024744                OSIntExit
                0x000000000002483c                OSSchedLock
                0x00000000000248c8                OSSchedUnlock
                0x00000000000249a4                OSStart
                0x0000000000024a14                OSStatInit
                0x0000000000024ac4                OSTimeTick
                0x0000000000024ce4                OSVersion
                0x0000000000024d04                OS_Dummy
                0x0000000000024d24                OS_EventTaskRdy
                0x0000000000024ebc                OS_EventTaskWait
                0x0000000000024fcc                OS_EventTaskWaitMulti
                0x000000000002511c                OS_EventTaskRemove
                0x00000000000251d4                OS_EventTaskRemoveMulti
                0x00000000000252d4                OS_EventWaitListInit
                0x00000000000256b4                OS_MemClr
                0x0000000000025708                OS_MemCopy
                0x0000000000025770                OS_Sched
                0x00000000000258b4                OS_StrCopy
                0x0000000000025928                OS_StrLen
                0x000000000002597c                OS_TaskIdle
                0x00000000000259d8                OS_TaskStat
                0x0000000000025aa4                OS_TaskStatStkChk
                0x0000000000025b70                OS_TCBInit
 .text          0x0000000000025e44      0x190 ../lab3_bsp/\libucosii_bsp.a(os_dbg.o)
                0x0000000000025e44                OSDebugInit
 .text          0x0000000000025fd4     0x1714 ../lab3_bsp/\libucosii_bsp.a(os_flag.o)
                0x0000000000025fd4                OSFlagAccept
                0x00000000000262dc                OSFlagCreate
                0x00000000000263e4                OSFlagDel
                0x000000000002662c                OSFlagNameGet
                0x0000000000026754                OSFlagNameSet
                0x00000000000268a0                OSFlagPend
                0x0000000000026e58                OSFlagPendGetFlagsRdy
                0x0000000000026eb8                OSFlagPost
                0x000000000002724c                OSFlagQuery
                0x0000000000027470                OS_FlagInit
                0x0000000000027644                OS_FlagUnlink
 .text          0x00000000000276e8      0x760 ../lab3_bsp/\libucosii_bsp.a(os_mem.o)
                0x00000000000276e8                OSMemCreate
                0x00000000000278bc                OSMemGet
                0x00000000000279ac                OSMemNameGet
                0x0000000000027a9c                OSMemNameSet
                0x0000000000027bb0                OSMemPut
                0x0000000000027c88                OSMemQuery
                0x0000000000027d70                OS_MemInit
 .text          0x0000000000027e48     0x1104 ../lab3_bsp/\libucosii_bsp.a(os_q.o)
                0x0000000000027e48                OSQAccept
                0x0000000000027f88                OSQCreate
                0x0000000000028134                OSQDel
                0x00000000000283b4                OSQFlush
                0x000000000002846c                OSQPend
                0x00000000000286f8                OSQPendAbort
                0x0000000000028864                OSQPost
                0x00000000000289cc                OSQPostFront
                0x0000000000028b3c                OSQPostOpt
                0x0000000000028d48                OSQQuery
                0x0000000000028ea4                OS_QInit
 .text          0x0000000000028f4c      0xa60 ../lab3_bsp/\libucosii_bsp.a(os_sem.o)
                0x0000000000028f4c                OSSemAccept
                0x0000000000028ffc                OSSemCreate
                0x00000000000290d4                OSSemDel
                0x0000000000029314                OSSemPend
                0x0000000000029520                OSSemPendAbort
                0x000000000002968c                OSSemPost
                0x000000000002979c                OSSemQuery
                0x00000000000298ac                OSSemSet
 .text          0x00000000000299ac     0x176c ../lab3_bsp/\libucosii_bsp.a(os_task.o)
                0x00000000000299ac                OSTaskChangePrio
                0x0000000000029e9c                OSTaskCreate
                0x000000000002a048                OSTaskCreateExt
                0x000000000002a22c                OSTaskDel
                0x000000000002a570                OSTaskDelReq
                0x000000000002a6c0                OSTaskNameGet
                0x000000000002a858                OSTaskNameSet
                0x000000000002aa0c                OSTaskResume
                0x000000000002abe0                OSTaskStkChk
                0x000000000002ada0                OSTaskSuspend
                0x000000000002af84                OSTaskQuery
                0x000000000002b0a8                OS_TaskStkClr
 .text          0x000000000002b118      0x514 ../lab3_bsp/\libucosii_bsp.a(os_time.o)
                0x000000000002b118                OSTimeDly
                0x000000000002b21c                OSTimeDlyHMSM
                0x000000000002b39c                OSTimeDlyResume
                0x000000000002b570                OSTimeGet
                0x000000000002b5cc                OSTimeSet
 .text          0x000000000002b62c       0xb4 ../lab3_bsp/\libucosii_bsp.a(alt_sys_init.o)
                0x000000000002b660                alt_irq_init
                0x000000000002b698                alt_sys_init
 .text          0x000000000002b6e0      0x164 ../lab3_bsp/\libucosii_bsp.a(altera_avalon_jtag_uart_fd.o)
                0x000000000002b6e0                altera_avalon_jtag_uart_read_fd
                0x000000000002b740                altera_avalon_jtag_uart_write_fd
                0x000000000002b7a0                altera_avalon_jtag_uart_close_fd
                0x000000000002b7f0                altera_avalon_jtag_uart_ioctl_fd
 .text          0x000000000002b844      0x558 ../lab3_bsp/\libucosii_bsp.a(altera_avalon_jtag_uart_init.o)
                0x000000000002b844                altera_avalon_jtag_uart_init
                0x000000000002bd34                altera_avalon_jtag_uart_close
 .text          0x000000000002bd9c       0xf0 ../lab3_bsp/\libucosii_bsp.a(altera_avalon_jtag_uart_ioctl.o)
                0x000000000002bd9c                altera_avalon_jtag_uart_ioctl
 .text          0x000000000002be8c      0x2bc ../lab3_bsp/\libucosii_bsp.a(altera_avalon_jtag_uart_read.o)
                0x000000000002be8c                altera_avalon_jtag_uart_read
 .text          0x000000000002c148      0x2c4 ../lab3_bsp/\libucosii_bsp.a(altera_avalon_jtag_uart_write.o)
                0x000000000002c148                altera_avalon_jtag_uart_write
 .text          0x000000000002c40c      0x12c ../lab3_bsp/\libucosii_bsp.a(alt_alarm_start.o)
                0x000000000002c40c                alt_alarm_start
 .text          0x000000000002c538       0x20 ../lab3_bsp/\libucosii_bsp.a(alt_dcache_flush_all.o)
                0x000000000002c538                alt_dcache_flush_all
 .text          0x000000000002c558       0xe0 ../lab3_bsp/\libucosii_bsp.a(alt_dev_llist_insert.o)
                0x000000000002c594                alt_dev_llist_insert
 .text          0x000000000002c638       0x60 ../lab3_bsp/\libucosii_bsp.a(alt_do_ctors.o)
                0x000000000002c638                _do_ctors
 .text          0x000000000002c698       0x60 ../lab3_bsp/\libucosii_bsp.a(alt_do_dtors.o)
                0x000000000002c698                _do_dtors
 .text          0x000000000002c6f8       0x20 ../lab3_bsp/\libucosii_bsp.a(alt_icache_flush_all.o)
                0x000000000002c6f8                alt_icache_flush_all
 .text          0x000000000002c718      0x1b0 ../lab3_bsp/\libucosii_bsp.a(alt_iic.o)
                0x000000000002c718                alt_ic_isr_register
                0x000000000002c768                alt_ic_irq_enable
                0x000000000002c7f0                alt_ic_irq_disable
                0x000000000002c87c                alt_ic_irq_enabled
 .text          0x000000000002c8c8       0xf0 ../lab3_bsp/\libucosii_bsp.a(alt_iic_isr_register.o)
                0x000000000002c8c8                alt_iic_isr_register
 .text          0x000000000002c9b8      0x160 ../lab3_bsp/\libucosii_bsp.a(alt_io_redirect.o)
                0x000000000002ca9c                alt_io_redirect
 .text          0x000000000002cb18        0x0 ../lab3_bsp/\libucosii_bsp.a(alt_irq_entry.o)
 .text          0x000000000002cb18        0x0 ../lab3_bsp/\libucosii_bsp.a(alt_irq_handler.o)
 .text          0x000000000002cb18        0x0 ../lab3_bsp/\libucosii_bsp.a(alt_irq_vars.o)
 .text          0x000000000002cb18      0x284 ../lab3_bsp/\libucosii_bsp.a(alt_open.o)
                0x000000000002cc40                open
 .text          0x000000000002cd9c      0x1a4 ../lab3_bsp/\libucosii_bsp.a(alt_tick.o)
                0x000000000002cd9c                alt_alarm_stop
                0x000000000002ce38                alt_tick
 .text          0x000000000002cf40       0x24 ../lab3_bsp/\libucosii_bsp.a(altera_nios2_gen2_irq.o)
                0x000000000002cf40                altera_nios2_gen2_irq_init
 .text          0x000000000002cf64       0xd0 ../lab3_bsp/\libucosii_bsp.a(os_cpu_a.o)
                0x000000000002cf64                OSCtxSw
                0x000000000002cf64                OSIntCtxSw
                0x000000000002cff0                OSStartHighRdy
                0x000000000002d010                OSStartTsk
 .text          0x000000000002d034      0x288 ../lab3_bsp/\libucosii_bsp.a(os_cpu_c.o)
                0x000000000002d034                OSTaskStkInit
                0x000000000002d190                OSTaskCreateHook
                0x000000000002d1b4                OSTaskDelHook
                0x000000000002d1d8                OSTaskSwHook
                0x000000000002d1f8                OSTaskStatHook
                0x000000000002d218                OSTimeTickHook
                0x000000000002d238                OSInitHookBegin
                0x000000000002d258                OSInitHookEnd
                0x000000000002d278                OSTaskIdleHook
                0x000000000002d298                OSTCBInitHook
 .text          0x000000000002d2bc        0x0 ../lab3_bsp/\libucosii_bsp.a(alt_exception_entry.o)
 .text          0x000000000002d2bc       0x90 ../lab3_bsp/\libucosii_bsp.a(alt_find_dev.o)
                0x000000000002d2bc                alt_find_dev
 .text          0x000000000002d34c      0x108 ../lab3_bsp/\libucosii_bsp.a(alt_find_file.o)
                0x000000000002d34c                alt_find_file
 .text          0x000000000002d454       0xf4 ../lab3_bsp/\libucosii_bsp.a(alt_get_fd.o)
                0x000000000002d454                alt_get_fd
 .text          0x000000000002d548       0x9c ../lab3_bsp/\libucosii_bsp.a(alt_instruction_exception_entry.o)
                0x000000000002d548                alt_exception_cause_generated_bad_addr
 .text          0x000000000002d5e4        0x0 a:/intelfpga_lite/nios2eds/bin/gnu/h-x86_64-mingw32/bin/../lib/gcc/nios2-elf/5.3.0/../../../../../H-x86_64-mingw32/nios2-elf/lib/mno-hw-mul\libc.a(lib_a-atexit.o)
 .text.atexit   0x000000000002d5e4       0x14 a:/intelfpga_lite/nios2eds/bin/gnu/h-x86_64-mingw32/bin/../lib/gcc/nios2-elf/5.3.0/../../../../../H-x86_64-mingw32/nios2-elf/lib/mno-hw-mul\libc.a(lib_a-atexit.o)
                0x000000000002d5e4                atexit
 .text          0x000000000002d5f8        0x0 a:/intelfpga_lite/nios2eds/bin/gnu/h-x86_64-mingw32/bin/../lib/gcc/nios2-elf/5.3.0/../../../../../H-x86_64-mingw32/nios2-elf/lib/mno-hw-mul\libc.a(lib_a-exit.o)
 .text.exit     0x000000000002d5f8       0x38 a:/intelfpga_lite/nios2eds/bin/gnu/h-x86_64-mingw32/bin/../lib/gcc/nios2-elf/5.3.0/../../../../../H-x86_64-mingw32/nios2-elf/lib/mno-hw-mul\libc.a(lib_a-exit.o)
                0x000000000002d5f8                exit
 .text          0x000000000002d630        0x0 a:/intelfpga_lite/nios2eds/bin/gnu/h-x86_64-mingw32/bin/../lib/gcc/nios2-elf/5.3.0/../../../../../H-x86_64-mingw32/nios2-elf/lib/mno-hw-mul\libc.a(lib_a-memcmp.o)
 .text.memcmp   0x000000000002d630       0x7c a:/intelfpga_lite/nios2eds/bin/gnu/h-x86_64-mingw32/bin/../lib/gcc/nios2-elf/5.3.0/../../../../../H-x86_64-mingw32/nios2-elf/lib/mno-hw-mul\libc.a(lib_a-memcmp.o)
                0x000000000002d630                memcmp
 .text          0x000000000002d6ac        0x0 a:/intelfpga_lite/nios2eds/bin/gnu/h-x86_64-mingw32/bin/../lib/gcc/nios2-elf/5.3.0/../../../../../H-x86_64-mingw32/nios2-elf/lib/mno-hw-mul\libc.a(lib_a-__atexit.o)
 .text.__register_exitproc
                0x000000000002d6ac      0x118 a:/intelfpga_lite/nios2eds/bin/gnu/h-x86_64-mingw32/bin/../lib/gcc/nios2-elf/5.3.0/../../../../../H-x86_64-mingw32/nios2-elf/lib/mno-hw-mul\libc.a(lib_a-__atexit.o)
                0x000000000002d6ac                __register_exitproc
 .text          0x000000000002d7c4        0x0 a:/intelfpga_lite/nios2eds/bin/gnu/h-x86_64-mingw32/bin/../lib/gcc/nios2-elf/5.3.0/../../../../../H-x86_64-mingw32/nios2-elf/lib/mno-hw-mul\libc.a(lib_a-__call_atexit.o)
 .text.__call_exitprocs
                0x000000000002d7c4      0x180 a:/intelfpga_lite/nios2eds/bin/gnu/h-x86_64-mingw32/bin/../lib/gcc/nios2-elf/5.3.0/../../../../../H-x86_64-mingw32/nios2-elf/lib/mno-hw-mul\libc.a(lib_a-__call_atexit.o)
                0x000000000002d7c4                __call_exitprocs
 .text          0x000000000002d944       0x34 ../lab3_bsp/\libucosii_bsp.a(alt_exit.o)
                0x000000000002d944                _exit
 *(.gnu.warning.*)
 *(.fini)
                [!provide]                        PROVIDE (__etext, ABSOLUTE (.))
                [!provide]                        PROVIDE (_etext, ABSOLUTE (.))
                [!provide]                        PROVIDE (etext, ABSOLUTE (.))
 *(.eh_frame_hdr)
                0x000000000002d978                . = ALIGN (0x4)
                [!provide]                        PROVIDE (__preinit_array_start, ABSOLUTE (.))
 *(.preinit_array)
                [!provide]                        PROVIDE (__preinit_array_end, ABSOLUTE (.))
                [!provide]                        PROVIDE (__init_array_start, ABSOLUTE (.))
 *(.init_array)
                [!provide]                        PROVIDE (__init_array_end, ABSOLUTE (.))
                [!provide]                        PROVIDE (__fini_array_start, ABSOLUTE (.))
 *(.fini_array)
                [!provide]                        PROVIDE (__fini_array_end, ABSOLUTE (.))
 *(.eh_frame)
 *(.gcc_except_table .gcc_except_table.*)
 *(.dynamic)
                0x000000000002d978                PROVIDE (__CTOR_LIST__, ABSOLUTE (.))
 *(.ctors)
 *(SORT(.ctors.*))
                0x000000000002d978                PROVIDE (__CTOR_END__, ABSOLUTE (.))
                0x000000000002d978                PROVIDE (__DTOR_LIST__, ABSOLUTE (.))
 *(.dtors)
 *(SORT(.dtors.*))
                0x000000000002d978                PROVIDE (__DTOR_END__, ABSOLUTE (.))
 *(.jcr)
                0x000000000002d978                . = ALIGN (0x4)

.rodata         0x000000000002d978      0x180
                0x000000000002d978                PROVIDE (__ram_rodata_start, ABSOLUTE (.))
                0x000000000002d978                . = ALIGN (0x4)
 *(.rodata .rodata.* .gnu.linkonce.r.*)
 .rodata        0x000000000002d978       0x25 obj/default/hello_ucosii.o
 *fill*         0x000000000002d99d        0x3 
 .rodata.str1.4
                0x000000000002d9a0        0x2 a:/intelfpga_lite/nios2eds/bin/gnu/h-x86_64-mingw32/bin/../lib/gcc/nios2-elf/5.3.0/../../../../../H-x86_64-mingw32/nios2-elf/lib/mno-hw-mul\libc.a(lib_a-puts.o)
 *fill*         0x000000000002d9a2        0x2 
 .rodata.str1.4
                0x000000000002d9a4        0x4 a:/intelfpga_lite/nios2eds/bin/gnu/h-x86_64-mingw32/bin/../lib/gcc/nios2-elf/5.3.0/../../../../../H-x86_64-mingw32/nios2-elf/lib/mno-hw-mul\libc.a(lib_a-impure.o)
                                          0x2 (size before relaxing)
 .rodata        0x000000000002d9a8        0xa ../lab3_bsp/\libucosii_bsp.a(alt_dev.o)
 *fill*         0x000000000002d9b2        0x2 
 .rodata        0x000000000002d9b4        0xf ../lab3_bsp/\libucosii_bsp.a(alt_main.o)
 *fill*         0x000000000002d9c3        0x1 
 .rodata        0x000000000002d9c4      0x11e ../lab3_bsp/\libucosii_bsp.a(os_core.o)
                0x000000000002d9c4                OSUnMapTbl
 *fill*         0x000000000002dae2        0x2 
 .rodata        0x000000000002dae4        0xf ../lab3_bsp/\libucosii_bsp.a(alt_sys_init.o)
 *fill*         0x000000000002daf3        0x1 
 .rodata        0x000000000002daf4        0x2 ../lab3_bsp/\libucosii_bsp.a(os_cpu_c.o)
 *(.rodata1)
                0x000000000002daf8                . = ALIGN (0x4)
 *fill*         0x000000000002daf6        0x2 
                0x000000000002daf8                PROVIDE (__ram_rodata_end, ABSOLUTE (.))
                0x000000000002d978                PROVIDE (__flash_rodata_start, LOADADDR (.rodata))

.rwdata         0x000000000002daf8     0x1af4 load address 0x000000000002f5ec
                0x000000000002daf8                PROVIDE (__ram_rwdata_start, ABSOLUTE (.))
                0x000000000002daf8                . = ALIGN (0x4)
 *(.got.plt)
 *(.got)
 *(.data1)
 *(.data .data.* .gnu.linkonce.d.*)
 .data          0x000000000002daf8        0x0 ../lab3_bsp//obj/HAL/src/crt0.o
 .data          0x000000000002daf8        0x0 obj/default/hello_ucosii.o
 .data          0x000000000002daf8        0x0 a:/intelfpga_lite/nios2eds/bin/gnu/h-x86_64-mingw32/bin/../lib/gcc/nios2-elf/5.3.0/../../../../../H-x86_64-mingw32/nios2-elf/lib/mno-hw-mul\libc.a(lib_a-puts.o)
 .data          0x000000000002daf8        0x0 a:/intelfpga_lite/nios2eds/bin/gnu/h-x86_64-mingw32/bin/../lib/gcc/nios2-elf/5.3.0/../../../../../H-x86_64-mingw32/nios2-elf/lib/mno-hw-mul\libc.a(lib_a-strlen.o)
 .data          0x000000000002daf8        0x0 a:/intelfpga_lite/nios2eds/bin/gnu/h-x86_64-mingw32/bin/../lib/gcc/nios2-elf/5.3.0/../../../../../H-x86_64-mingw32/nios2-elf/lib/mno-hw-mul\libc.a(lib_a-findfp.o)
 .data          0x000000000002daf8        0x0 a:/intelfpga_lite/nios2eds/bin/gnu/h-x86_64-mingw32/bin/../lib/gcc/nios2-elf/5.3.0/../../../../../H-x86_64-mingw32/nios2-elf/lib/mno-hw-mul\libc.a(lib_a-fvwrite.o)
 .data          0x000000000002daf8        0x0 a:/intelfpga_lite/nios2eds/bin/gnu/h-x86_64-mingw32/bin/../lib/gcc/nios2-elf/5.3.0/../../../../../H-x86_64-mingw32/nios2-elf/lib/mno-hw-mul\libc.a(lib_a-fwalk.o)
 .data          0x000000000002daf8        0x0 a:/intelfpga_lite/nios2eds/bin/gnu/h-x86_64-mingw32/bin/../lib/gcc/nios2-elf/5.3.0/../../../../../H-x86_64-mingw32/nios2-elf/lib/mno-hw-mul\libc.a(lib_a-impure.o)
 .data.impure_data
                0x000000000002daf8      0x424 a:/intelfpga_lite/nios2eds/bin/gnu/h-x86_64-mingw32/bin/../lib/gcc/nios2-elf/5.3.0/../../../../../H-x86_64-mingw32/nios2-elf/lib/mno-hw-mul\libc.a(lib_a-impure.o)
 .data          0x000000000002df1c        0x0 a:/intelfpga_lite/nios2eds/bin/gnu/h-x86_64-mingw32/bin/../lib/gcc/nios2-elf/5.3.0/../../../../../H-x86_64-mingw32/nios2-elf/lib/mno-hw-mul\libc.a(lib_a-mallocr.o)
 .data.__malloc_av_
                0x000000000002df1c      0x408 a:/intelfpga_lite/nios2eds/bin/gnu/h-x86_64-mingw32/bin/../lib/gcc/nios2-elf/5.3.0/../../../../../H-x86_64-mingw32/nios2-elf/lib/mno-hw-mul\libc.a(lib_a-mallocr.o)
                0x000000000002df1c                __malloc_av_
 .data          0x000000000002e324        0x0 a:/intelfpga_lite/nios2eds/bin/gnu/h-x86_64-mingw32/bin/../lib/gcc/nios2-elf/5.3.0/../../../../../H-x86_64-mingw32/nios2-elf/lib/mno-hw-mul\libc.a(lib_a-memchr.o)
 .data          0x000000000002e324        0x0 a:/intelfpga_lite/nios2eds/bin/gnu/h-x86_64-mingw32/bin/../lib/gcc/nios2-elf/5.3.0/../../../../../H-x86_64-mingw32/nios2-elf/lib/mno-hw-mul\libc.a(lib_a-memcpy.o)
 .data          0x000000000002e324        0x0 a:/intelfpga_lite/nios2eds/bin/gnu/h-x86_64-mingw32/bin/../lib/gcc/nios2-elf/5.3.0/../../../../../H-x86_64-mingw32/nios2-elf/lib/mno-hw-mul\libc.a(lib_a-memmove.o)
 .data          0x000000000002e324        0x0 a:/intelfpga_lite/nios2eds/bin/gnu/h-x86_64-mingw32/bin/../lib/gcc/nios2-elf/5.3.0/../../../../../H-x86_64-mingw32/nios2-elf/lib/mno-hw-mul\libc.a(lib_a-memset.o)
 .data          0x000000000002e324        0x0 a:/intelfpga_lite/nios2eds/bin/gnu/h-x86_64-mingw32/bin/../lib/gcc/nios2-elf/5.3.0/../../../../../H-x86_64-mingw32/nios2-elf/lib/mno-hw-mul\libc.a(lib_a-reallocr.o)
 .data          0x000000000002e324        0x0 a:/intelfpga_lite/nios2eds/bin/gnu/h-x86_64-mingw32/bin/../lib/gcc/nios2-elf/5.3.0/../../../../../H-x86_64-mingw32/nios2-elf/lib/mno-hw-mul\libc.a(lib_a-sbrkr.o)
 .data          0x000000000002e324        0x0 a:/intelfpga_lite/nios2eds/bin/gnu/h-x86_64-mingw32/bin/../lib/gcc/nios2-elf/5.3.0/../../../../../H-x86_64-mingw32/nios2-elf/lib/mno-hw-mul\libc.a(lib_a-stdio.o)
 .data          0x000000000002e324        0x0 a:/intelfpga_lite/nios2eds/bin/gnu/h-x86_64-mingw32/bin/../lib/gcc/nios2-elf/5.3.0/../../../../../H-x86_64-mingw32/nios2-elf/lib/mno-hw-mul\libc.a(lib_a-writer.o)
 .data          0x000000000002e324        0x0 a:/intelfpga_lite/nios2eds/bin/gnu/h-x86_64-mingw32/bin/../lib/gcc/nios2-elf/5.3.0/../../../../../H-x86_64-mingw32/nios2-elf/lib/mno-hw-mul\libc.a(lib_a-wsetup.o)
 .data          0x000000000002e324        0x0 a:/intelfpga_lite/nios2eds/bin/gnu/h-x86_64-mingw32/bin/../lib/gcc/nios2-elf/5.3.0/../../../../../H-x86_64-mingw32/nios2-elf/lib/mno-hw-mul\libc.a(closer.o)
 .data          0x000000000002e324        0x0 a:/intelfpga_lite/nios2eds/bin/gnu/h-x86_64-mingw32/bin/../lib/gcc/nios2-elf/5.3.0/../../../../../H-x86_64-mingw32/nios2-elf/lib/mno-hw-mul\libc.a(lib_a-fclose.o)
 .data          0x000000000002e324        0x0 a:/intelfpga_lite/nios2eds/bin/gnu/h-x86_64-mingw32/bin/../lib/gcc/nios2-elf/5.3.0/../../../../../H-x86_64-mingw32/nios2-elf/lib/mno-hw-mul\libc.a(lib_a-fflush.o)
 .data          0x000000000002e324        0x0 a:/intelfpga_lite/nios2eds/bin/gnu/h-x86_64-mingw32/bin/../lib/gcc/nios2-elf/5.3.0/../../../../../H-x86_64-mingw32/nios2-elf/lib/mno-hw-mul\libc.a(lib_a-freer.o)
 .data          0x000000000002e324        0x0 a:/intelfpga_lite/nios2eds/bin/gnu/h-x86_64-mingw32/bin/../lib/gcc/nios2-elf/5.3.0/../../../../../H-x86_64-mingw32/nios2-elf/lib/mno-hw-mul\libc.a(lib_a-int_errno.o)
 .data          0x000000000002e324        0x0 a:/intelfpga_lite/nios2eds/bin/gnu/h-x86_64-mingw32/bin/../lib/gcc/nios2-elf/5.3.0/../../../../../H-x86_64-mingw32/nios2-elf/lib/mno-hw-mul\libc.a(lib_a-lseekr.o)
 .data          0x000000000002e324        0x0 a:/intelfpga_lite/nios2eds/bin/gnu/h-x86_64-mingw32/bin/../lib/gcc/nios2-elf/5.3.0/../../../../../H-x86_64-mingw32/nios2-elf/lib/mno-hw-mul\libc.a(lib_a-makebuf.o)
 .data          0x000000000002e324        0x0 a:/intelfpga_lite/nios2eds/bin/gnu/h-x86_64-mingw32/bin/../lib/gcc/nios2-elf/5.3.0/../../../../../H-x86_64-mingw32/nios2-elf/lib/mno-hw-mul\libc.a(lib_a-readr.o)
 .data          0x000000000002e324        0x0 a:/intelfpga_lite/nios2eds/bin/gnu/h-x86_64-mingw32/bin/../lib/gcc/nios2-elf/5.3.0/../../../../../H-x86_64-mingw32/nios2-elf/lib/mno-hw-mul\libc.a(lib_a-fstatr.o)
 .data          0x000000000002e324        0x0 a:/intelfpga_lite/nios2eds/bin/gnu/h-x86_64-mingw32/bin/../lib/gcc/nios2-elf/5.3.0/../../../../../H-x86_64-mingw32/nios2-elf/lib/mno-hw-mul\libc.a(lib_a-isattyr.o)
 .data          0x000000000002e324        0x0 a:/intelfpga_lite/nios2eds/bin/gnu/h-x86_64-mingw32/bin/../lib/gcc/nios2-elf/5.3.0/mno-hw-mul\libgcc.a(lib2-divmod.o)
 .data          0x000000000002e324        0x0 a:/intelfpga_lite/nios2eds/bin/gnu/h-x86_64-mingw32/bin/../lib/gcc/nios2-elf/5.3.0/mno-hw-mul\libgcc.a(lib2-mul.o)
 .data          0x000000000002e324        0x0 ../lab3_bsp/\libucosii_bsp.a(alt_close.o)
 .data          0x000000000002e324      0x1a8 ../lab3_bsp/\libucosii_bsp.a(alt_dev.o)
                0x000000000002e324                alt_dev_null
                0x000000000002e34c                alt_fd_list
 .data          0x000000000002e4cc        0x0 ../lab3_bsp/\libucosii_bsp.a(alt_errno.o)
 .data          0x000000000002e4cc        0x0 ../lab3_bsp/\libucosii_bsp.a(alt_fstat.o)
 .data          0x000000000002e4cc        0x0 ../lab3_bsp/\libucosii_bsp.a(alt_isatty.o)
 .data          0x000000000002e4cc        0x0 ../lab3_bsp/\libucosii_bsp.a(alt_load.o)
 .data          0x000000000002e4cc        0x0 ../lab3_bsp/\libucosii_bsp.a(alt_lseek.o)
 .data          0x000000000002e4cc        0x0 ../lab3_bsp/\libucosii_bsp.a(alt_main.o)
 .data          0x000000000002e4cc        0x0 ../lab3_bsp/\libucosii_bsp.a(alt_read.o)
 .data          0x000000000002e4cc        0x0 ../lab3_bsp/\libucosii_bsp.a(alt_release_fd.o)
 .data          0x000000000002e4cc        0x0 ../lab3_bsp/\libucosii_bsp.a(alt_sbrk.o)
 .data          0x000000000002e4cc        0x0 ../lab3_bsp/\libucosii_bsp.a(alt_write.o)
 .data          0x000000000002e4cc        0x0 ../lab3_bsp/\libucosii_bsp.a(alt_env_lock.o)
 .data          0x000000000002e4cc        0x0 ../lab3_bsp/\libucosii_bsp.a(alt_malloc_lock.o)
 .data          0x000000000002e4cc        0x0 ../lab3_bsp/\libucosii_bsp.a(os_core.o)
 .data          0x000000000002e4cc        0x0 ../lab3_bsp/\libucosii_bsp.a(os_dbg.o)
 .data          0x000000000002e4cc        0x0 ../lab3_bsp/\libucosii_bsp.a(os_flag.o)
 .data          0x000000000002e4cc        0x0 ../lab3_bsp/\libucosii_bsp.a(os_mem.o)
 .data          0x000000000002e4cc        0x0 ../lab3_bsp/\libucosii_bsp.a(os_q.o)
 .data          0x000000000002e4cc        0x0 ../lab3_bsp/\libucosii_bsp.a(os_sem.o)
 .data          0x000000000002e4cc        0x0 ../lab3_bsp/\libucosii_bsp.a(os_task.o)
 .data          0x000000000002e4cc        0x0 ../lab3_bsp/\libucosii_bsp.a(os_time.o)
 .data          0x000000000002e4cc     0x106c ../lab3_bsp/\libucosii_bsp.a(alt_sys_init.o)
 .data          0x000000000002f538        0x0 ../lab3_bsp/\libucosii_bsp.a(altera_avalon_jtag_uart_fd.o)
 .data          0x000000000002f538        0x0 ../lab3_bsp/\libucosii_bsp.a(altera_avalon_jtag_uart_init.o)
 .data          0x000000000002f538        0x0 ../lab3_bsp/\libucosii_bsp.a(altera_avalon_jtag_uart_ioctl.o)
 .data          0x000000000002f538        0x0 ../lab3_bsp/\libucosii_bsp.a(altera_avalon_jtag_uart_read.o)
 .data          0x000000000002f538        0x0 ../lab3_bsp/\libucosii_bsp.a(altera_avalon_jtag_uart_write.o)
 .data          0x000000000002f538        0x0 ../lab3_bsp/\libucosii_bsp.a(alt_alarm_start.o)
 .data          0x000000000002f538        0x0 ../lab3_bsp/\libucosii_bsp.a(alt_dcache_flush_all.o)
 .data          0x000000000002f538        0x0 ../lab3_bsp/\libucosii_bsp.a(alt_dev_llist_insert.o)
 .data          0x000000000002f538        0x0 ../lab3_bsp/\libucosii_bsp.a(alt_do_ctors.o)
 .data          0x000000000002f538        0x0 ../lab3_bsp/\libucosii_bsp.a(alt_do_dtors.o)
 .data          0x000000000002f538        0x0 ../lab3_bsp/\libucosii_bsp.a(alt_icache_flush_all.o)
 .data          0x000000000002f538        0x0 ../lab3_bsp/\libucosii_bsp.a(alt_iic.o)
 .data          0x000000000002f538        0x0 ../lab3_bsp/\libucosii_bsp.a(alt_iic_isr_register.o)
 .data          0x000000000002f538        0x0 ../lab3_bsp/\libucosii_bsp.a(alt_io_redirect.o)
 .data          0x000000000002f538        0x0 ../lab3_bsp/\libucosii_bsp.a(alt_irq_entry.o)
 .data          0x000000000002f538        0x0 ../lab3_bsp/\libucosii_bsp.a(alt_irq_handler.o)
 .data          0x000000000002f538        0x0 ../lab3_bsp/\libucosii_bsp.a(alt_irq_vars.o)
 .data          0x000000000002f538        0x0 ../lab3_bsp/\libucosii_bsp.a(alt_open.o)
 .data          0x000000000002f538        0x0 ../lab3_bsp/\libucosii_bsp.a(alt_tick.o)
 .data          0x000000000002f538        0x0 ../lab3_bsp/\libucosii_bsp.a(altera_nios2_gen2_irq.o)
 .data          0x000000000002f538        0x0 ../lab3_bsp/\libucosii_bsp.a(os_cpu_a.o)
 .data          0x000000000002f538        0x0 ../lab3_bsp/\libucosii_bsp.a(os_cpu_c.o)
 .data          0x000000000002f538        0x0 ../lab3_bsp/\libucosii_bsp.a(alt_exception_entry.o)
 .data          0x000000000002f538        0x0 ../lab3_bsp/\libucosii_bsp.a(alt_find_dev.o)
 .data          0x000000000002f538        0x0 ../lab3_bsp/\libucosii_bsp.a(alt_find_file.o)
 .data          0x000000000002f538        0x0 ../lab3_bsp/\libucosii_bsp.a(alt_get_fd.o)
 .data          0x000000000002f538        0x0 ../lab3_bsp/\libucosii_bsp.a(alt_instruction_exception_entry.o)
 .data          0x000000000002f538        0x0 a:/intelfpga_lite/nios2eds/bin/gnu/h-x86_64-mingw32/bin/../lib/gcc/nios2-elf/5.3.0/../../../../../H-x86_64-mingw32/nios2-elf/lib/mno-hw-mul\libc.a(lib_a-atexit.o)
 .data          0x000000000002f538        0x0 a:/intelfpga_lite/nios2eds/bin/gnu/h-x86_64-mingw32/bin/../lib/gcc/nios2-elf/5.3.0/../../../../../H-x86_64-mingw32/nios2-elf/lib/mno-hw-mul\libc.a(lib_a-exit.o)
 .data          0x000000000002f538        0x0 a:/intelfpga_lite/nios2eds/bin/gnu/h-x86_64-mingw32/bin/../lib/gcc/nios2-elf/5.3.0/../../../../../H-x86_64-mingw32/nios2-elf/lib/mno-hw-mul\libc.a(lib_a-memcmp.o)
 .data          0x000000000002f538        0x0 a:/intelfpga_lite/nios2eds/bin/gnu/h-x86_64-mingw32/bin/../lib/gcc/nios2-elf/5.3.0/../../../../../H-x86_64-mingw32/nios2-elf/lib/mno-hw-mul\libc.a(lib_a-__atexit.o)
 .data          0x000000000002f538        0x0 a:/intelfpga_lite/nios2eds/bin/gnu/h-x86_64-mingw32/bin/../lib/gcc/nios2-elf/5.3.0/../../../../../H-x86_64-mingw32/nios2-elf/lib/mno-hw-mul\libc.a(lib_a-__call_atexit.o)
 .data          0x000000000002f538        0x0 ../lab3_bsp/\libucosii_bsp.a(alt_exit.o)
                0x0000000000037538                _gp = ABSOLUTE ((. + 0x8000))
                [!provide]                        PROVIDE (gp, _gp)
 *(.rwdata .rwdata.*)
 *(.sdata .sdata.* .gnu.linkonce.s.*)
 .sdata._global_impure_ptr
                0x000000000002f538        0x4 a:/intelfpga_lite/nios2eds/bin/gnu/h-x86_64-mingw32/bin/../lib/gcc/nios2-elf/5.3.0/../../../../../H-x86_64-mingw32/nios2-elf/lib/mno-hw-mul\libc.a(lib_a-impure.o)
                0x000000000002f538                _global_impure_ptr
 .sdata._impure_ptr
                0x000000000002f53c        0x4 a:/intelfpga_lite/nios2eds/bin/gnu/h-x86_64-mingw32/bin/../lib/gcc/nios2-elf/5.3.0/../../../../../H-x86_64-mingw32/nios2-elf/lib/mno-hw-mul\libc.a(lib_a-impure.o)
                0x000000000002f53c                _impure_ptr
 .sdata.__malloc_sbrk_base
                0x000000000002f540        0x4 a:/intelfpga_lite/nios2eds/bin/gnu/h-x86_64-mingw32/bin/../lib/gcc/nios2-elf/5.3.0/../../../../../H-x86_64-mingw32/nios2-elf/lib/mno-hw-mul\libc.a(lib_a-mallocr.o)
                0x000000000002f540                __malloc_sbrk_base
 .sdata.__malloc_trim_threshold
                0x000000000002f544        0x4 a:/intelfpga_lite/nios2eds/bin/gnu/h-x86_64-mingw32/bin/../lib/gcc/nios2-elf/5.3.0/../../../../../H-x86_64-mingw32/nios2-elf/lib/mno-hw-mul\libc.a(lib_a-mallocr.o)
                0x000000000002f544                __malloc_trim_threshold
 .sdata         0x000000000002f548       0x14 ../lab3_bsp/\libucosii_bsp.a(alt_dev.o)
                0x000000000002f548                alt_fs_list
                0x000000000002f550                alt_dev_list
                0x000000000002f558                alt_max_fd
 .sdata         0x000000000002f55c        0x4 ../lab3_bsp/\libucosii_bsp.a(alt_errno.o)
                0x000000000002f55c                alt_errno
 .sdata         0x000000000002f560        0x4 ../lab3_bsp/\libucosii_bsp.a(alt_sbrk.o)
 .sdata         0x000000000002f564        0x4 ../lab3_bsp/\libucosii_bsp.a(alt_env_lock.o)
 .sdata         0x000000000002f568        0x4 ../lab3_bsp/\libucosii_bsp.a(alt_malloc_lock.o)
 .sdata         0x000000000002f56c       0x72 ../lab3_bsp/\libucosii_bsp.a(os_dbg.o)
                0x000000000002f56c                OSDebugEn
                0x000000000002f570                OSEndiannessTest
                0x000000000002f574                OSEventEn
                0x000000000002f576                OSEventMax
                0x000000000002f578                OSEventNameSize
                0x000000000002f57a                OSEventSize
                0x000000000002f57c                OSEventTblSize
                0x000000000002f57e                OSEventMultiEn
                0x000000000002f580                OSFlagEn
                0x000000000002f582                OSFlagGrpSize
                0x000000000002f584                OSFlagNodeSize
                0x000000000002f586                OSFlagWidth
                0x000000000002f588                OSFlagMax
                0x000000000002f58a                OSFlagNameSize
                0x000000000002f58c                OSLowestPrio
                0x000000000002f58e                OSMboxEn
                0x000000000002f590                OSMemEn
                0x000000000002f592                OSMemMax
                0x000000000002f594                OSMemNameSize
                0x000000000002f596                OSMemSize
                0x000000000002f598                OSMemTblSize
                0x000000000002f59a                OSMutexEn
                0x000000000002f59c                OSPtrSize
                0x000000000002f59e                OSQEn
                0x000000000002f5a0                OSQMax
                0x000000000002f5a2                OSQSize
                0x000000000002f5a4                OSRdyTblSize
                0x000000000002f5a6                OSSemEn
                0x000000000002f5a8                OSStkWidth
                0x000000000002f5aa                OSTaskCreateEn
                0x000000000002f5ac                OSTaskCreateExtEn
                0x000000000002f5ae                OSTaskDelEn
                0x000000000002f5b0                OSTaskIdleStkSize
                0x000000000002f5b2                OSTaskProfileEn
                0x000000000002f5b4                OSTaskMax
                0x000000000002f5b6                OSTaskNameSize
                0x000000000002f5b8                OSTaskStatEn
                0x000000000002f5ba                OSTaskStatStkSize
                0x000000000002f5bc                OSTaskStatStkChkEn
                0x000000000002f5be                OSTaskSwHookEn
                0x000000000002f5c0                OSTCBPrioTblMax
                0x000000000002f5c2                OSTCBSize
                0x000000000002f5c4                OSTicksPerSec
                0x000000000002f5c6                OSTimeTickHookEn
                0x000000000002f5c8                OSVersionNbr
                0x000000000002f5ca                OSTmrEn
                0x000000000002f5cc                OSTmrCfgMax
                0x000000000002f5ce                OSTmrCfgNameSize
                0x000000000002f5d0                OSTmrCfgWheelSize
                0x000000000002f5d2                OSTmrCfgTicksPerSec
                0x000000000002f5d4                OSTmrSize
                0x000000000002f5d6                OSTmrTblSize
                0x000000000002f5d8                OSTmrWheelSize
                0x000000000002f5da                OSTmrWheelTblSize
                0x000000000002f5dc                OSDataSize
 *fill*         0x000000000002f5de        0x2 
 .sdata         0x000000000002f5e0        0x4 ../lab3_bsp/\libucosii_bsp.a(alt_irq_vars.o)
                0x000000000002f5e0                alt_priority_mask
 .sdata         0x000000000002f5e4        0x8 ../lab3_bsp/\libucosii_bsp.a(alt_tick.o)
                0x000000000002f5e4                alt_alarm_list
 *(.sdata2 .sdata2.* .gnu.linkonce.s2.*)
                0x000000000002f5ec                . = ALIGN (0x4)
                0x000000000002f5ec                _edata = ABSOLUTE (.)
                [!provide]                        PROVIDE (edata, ABSOLUTE (.))
                0x000000000002f5ec                PROVIDE (__ram_rwdata_end, ABSOLUTE (.))
                0x000000000002f5ec                PROVIDE (__flash_rwdata_start, LOADADDR (.rwdata))

.bss            0x00000000000310e0     0x73dc
                0x00000000000310e0                __bss_start = ABSOLUTE (.)
                [!provide]                        PROVIDE (__sbss_start, ABSOLUTE (.))
                [!provide]                        PROVIDE (___sbss_start, ABSOLUTE (.))
 *(.dynsbss)
 *(.sbss .sbss.* .gnu.linkonce.sb.*)
 .sbss.__malloc_max_total_mem
                0x00000000000310e0        0x4 a:/intelfpga_lite/nios2eds/bin/gnu/h-x86_64-mingw32/bin/../lib/gcc/nios2-elf/5.3.0/../../../../../H-x86_64-mingw32/nios2-elf/lib/mno-hw-mul\libc.a(lib_a-mallocr.o)
                0x00000000000310e0                __malloc_max_total_mem
 .sbss.__malloc_max_sbrked_mem
                0x00000000000310e4        0x4 a:/intelfpga_lite/nios2eds/bin/gnu/h-x86_64-mingw32/bin/../lib/gcc/nios2-elf/5.3.0/../../../../../H-x86_64-mingw32/nios2-elf/lib/mno-hw-mul\libc.a(lib_a-mallocr.o)
                0x00000000000310e4                __malloc_max_sbrked_mem
 .sbss.__malloc_top_pad
                0x00000000000310e8        0x4 a:/intelfpga_lite/nios2eds/bin/gnu/h-x86_64-mingw32/bin/../lib/gcc/nios2-elf/5.3.0/../../../../../H-x86_64-mingw32/nios2-elf/lib/mno-hw-mul\libc.a(lib_a-mallocr.o)
                0x00000000000310e8                __malloc_top_pad
 .sbss          0x00000000000310ec        0x4 a:/intelfpga_lite/nios2eds/bin/gnu/h-x86_64-mingw32/bin/../lib/gcc/nios2-elf/5.3.0/../../../../../H-x86_64-mingw32/nios2-elf/lib/mno-hw-mul\libc.a(lib_a-int_errno.o)
                0x00000000000310ec                errno
 .sbss          0x00000000000310f0        0x4 ../lab3_bsp/\libucosii_bsp.a(alt_dev.o)
                0x00000000000310f0                alt_fd_list_lock
 .sbss          0x00000000000310f4        0xc ../lab3_bsp/\libucosii_bsp.a(alt_main.o)
                0x00000000000310f4                alt_argc
                0x00000000000310f8                alt_argv
                0x00000000000310fc                alt_envp
 .sbss          0x0000000000031100        0x8 ../lab3_bsp/\libucosii_bsp.a(alt_env_lock.o)
                0x0000000000031104                alt_envsem
 .sbss          0x0000000000031108        0x8 ../lab3_bsp/\libucosii_bsp.a(alt_malloc_lock.o)
                0x000000000003110c                alt_heapsem
 .sbss          0x0000000000031110       0x50 ../lab3_bsp/\libucosii_bsp.a(os_core.o)
                0x0000000000031110                OSLockNesting
                0x0000000000031111                OSRunning
                0x0000000000031114                OSIdleCtr
                0x0000000000031118                OSPrioHighRdy
                0x0000000000031119                OSPrioCur
                0x000000000003111c                OSTCBList
                0x0000000000031120                OSTickStepState
                0x0000000000031124                OSCtxSwCtr
                0x0000000000031128                OSIdleCtrMax
                0x000000000003112c                OSTCBFreeList
                0x0000000000031130                OSCPUUsage
                0x0000000000031131                OSTaskCtr
                0x0000000000031134                OSMemFreeList
                0x0000000000031138                OSTCBHighRdy
                0x000000000003113c                OSQFreeList
                0x0000000000031140                OSRdyGrp
                0x0000000000031141                OSRdyTbl
                0x0000000000031144                OSEventFreeList
                0x0000000000031148                OSIntNesting
                0x000000000003114c                OSTCBCur
                0x0000000000031150                OSTime
                0x0000000000031154                OSFlagFreeList
                0x0000000000031158                OSStatRdy
                0x000000000003115c                OSIdleCtrRun
 .sbss          0x0000000000031160        0x4 ../lab3_bsp/\libucosii_bsp.a(alt_irq_vars.o)
                0x0000000000031160                alt_irq_active
 .sbss          0x0000000000031164        0x8 ../lab3_bsp/\libucosii_bsp.a(alt_tick.o)
                0x0000000000031164                _alt_tick_rate
                0x0000000000031168                _alt_nticks
 .sbss          0x000000000003116c        0x4 ../lab3_bsp/\libucosii_bsp.a(alt_instruction_exception_entry.o)
                0x000000000003116c                alt_instruction_exception_handler
 *(.sbss2 .sbss2.* .gnu.linkonce.sb2.*)
 *(.scommon)
                [!provide]                        PROVIDE (__sbss_end, ABSOLUTE (.))
                [!provide]                        PROVIDE (___sbss_end, ABSOLUTE (.))
 *(.dynbss)
 *(.bss .bss.* .gnu.linkonce.b.*)
 .bss           0x0000000000031170        0x0 ../lab3_bsp//obj/HAL/src/crt0.o
 .bss           0x0000000000031170        0x0 obj/default/hello_ucosii.o
 .bss           0x0000000000031170        0x0 a:/intelfpga_lite/nios2eds/bin/gnu/h-x86_64-mingw32/bin/../lib/gcc/nios2-elf/5.3.0/../../../../../H-x86_64-mingw32/nios2-elf/lib/mno-hw-mul\libc.a(lib_a-puts.o)
 .bss           0x0000000000031170        0x0 a:/intelfpga_lite/nios2eds/bin/gnu/h-x86_64-mingw32/bin/../lib/gcc/nios2-elf/5.3.0/../../../../../H-x86_64-mingw32/nios2-elf/lib/mno-hw-mul\libc.a(lib_a-strlen.o)
 .bss           0x0000000000031170        0x0 a:/intelfpga_lite/nios2eds/bin/gnu/h-x86_64-mingw32/bin/../lib/gcc/nios2-elf/5.3.0/../../../../../H-x86_64-mingw32/nios2-elf/lib/mno-hw-mul\libc.a(lib_a-findfp.o)
 .bss           0x0000000000031170        0x0 a:/intelfpga_lite/nios2eds/bin/gnu/h-x86_64-mingw32/bin/../lib/gcc/nios2-elf/5.3.0/../../../../../H-x86_64-mingw32/nios2-elf/lib/mno-hw-mul\libc.a(lib_a-fvwrite.o)
 .bss           0x0000000000031170        0x0 a:/intelfpga_lite/nios2eds/bin/gnu/h-x86_64-mingw32/bin/../lib/gcc/nios2-elf/5.3.0/../../../../../H-x86_64-mingw32/nios2-elf/lib/mno-hw-mul\libc.a(lib_a-fwalk.o)
 .bss           0x0000000000031170        0x0 a:/intelfpga_lite/nios2eds/bin/gnu/h-x86_64-mingw32/bin/../lib/gcc/nios2-elf/5.3.0/../../../../../H-x86_64-mingw32/nios2-elf/lib/mno-hw-mul\libc.a(lib_a-impure.o)
 .bss           0x0000000000031170        0x0 a:/intelfpga_lite/nios2eds/bin/gnu/h-x86_64-mingw32/bin/../lib/gcc/nios2-elf/5.3.0/../../../../../H-x86_64-mingw32/nios2-elf/lib/mno-hw-mul\libc.a(lib_a-mallocr.o)
 .bss.__malloc_current_mallinfo
                0x0000000000031170       0x28 a:/intelfpga_lite/nios2eds/bin/gnu/h-x86_64-mingw32/bin/../lib/gcc/nios2-elf/5.3.0/../../../../../H-x86_64-mingw32/nios2-elf/lib/mno-hw-mul\libc.a(lib_a-mallocr.o)
                0x0000000000031170                __malloc_current_mallinfo
 .bss           0x0000000000031198        0x0 a:/intelfpga_lite/nios2eds/bin/gnu/h-x86_64-mingw32/bin/../lib/gcc/nios2-elf/5.3.0/../../../../../H-x86_64-mingw32/nios2-elf/lib/mno-hw-mul\libc.a(lib_a-memchr.o)
 .bss           0x0000000000031198        0x0 a:/intelfpga_lite/nios2eds/bin/gnu/h-x86_64-mingw32/bin/../lib/gcc/nios2-elf/5.3.0/../../../../../H-x86_64-mingw32/nios2-elf/lib/mno-hw-mul\libc.a(lib_a-memcpy.o)
 .bss           0x0000000000031198        0x0 a:/intelfpga_lite/nios2eds/bin/gnu/h-x86_64-mingw32/bin/../lib/gcc/nios2-elf/5.3.0/../../../../../H-x86_64-mingw32/nios2-elf/lib/mno-hw-mul\libc.a(lib_a-memmove.o)
 .bss           0x0000000000031198        0x0 a:/intelfpga_lite/nios2eds/bin/gnu/h-x86_64-mingw32/bin/../lib/gcc/nios2-elf/5.3.0/../../../../../H-x86_64-mingw32/nios2-elf/lib/mno-hw-mul\libc.a(lib_a-memset.o)
 .bss           0x0000000000031198        0x0 a:/intelfpga_lite/nios2eds/bin/gnu/h-x86_64-mingw32/bin/../lib/gcc/nios2-elf/5.3.0/../../../../../H-x86_64-mingw32/nios2-elf/lib/mno-hw-mul\libc.a(lib_a-reallocr.o)
 .bss           0x0000000000031198        0x0 a:/intelfpga_lite/nios2eds/bin/gnu/h-x86_64-mingw32/bin/../lib/gcc/nios2-elf/5.3.0/../../../../../H-x86_64-mingw32/nios2-elf/lib/mno-hw-mul\libc.a(lib_a-sbrkr.o)
 .bss           0x0000000000031198        0x0 a:/intelfpga_lite/nios2eds/bin/gnu/h-x86_64-mingw32/bin/../lib/gcc/nios2-elf/5.3.0/../../../../../H-x86_64-mingw32/nios2-elf/lib/mno-hw-mul\libc.a(lib_a-stdio.o)
 .bss           0x0000000000031198        0x0 a:/intelfpga_lite/nios2eds/bin/gnu/h-x86_64-mingw32/bin/../lib/gcc/nios2-elf/5.3.0/../../../../../H-x86_64-mingw32/nios2-elf/lib/mno-hw-mul\libc.a(lib_a-writer.o)
 .bss           0x0000000000031198        0x0 a:/intelfpga_lite/nios2eds/bin/gnu/h-x86_64-mingw32/bin/../lib/gcc/nios2-elf/5.3.0/../../../../../H-x86_64-mingw32/nios2-elf/lib/mno-hw-mul\libc.a(lib_a-wsetup.o)
 .bss           0x0000000000031198        0x0 a:/intelfpga_lite/nios2eds/bin/gnu/h-x86_64-mingw32/bin/../lib/gcc/nios2-elf/5.3.0/../../../../../H-x86_64-mingw32/nios2-elf/lib/mno-hw-mul\libc.a(closer.o)
 .bss           0x0000000000031198        0x0 a:/intelfpga_lite/nios2eds/bin/gnu/h-x86_64-mingw32/bin/../lib/gcc/nios2-elf/5.3.0/../../../../../H-x86_64-mingw32/nios2-elf/lib/mno-hw-mul\libc.a(lib_a-fclose.o)
 .bss           0x0000000000031198        0x0 a:/intelfpga_lite/nios2eds/bin/gnu/h-x86_64-mingw32/bin/../lib/gcc/nios2-elf/5.3.0/../../../../../H-x86_64-mingw32/nios2-elf/lib/mno-hw-mul\libc.a(lib_a-fflush.o)
 .bss           0x0000000000031198        0x0 a:/intelfpga_lite/nios2eds/bin/gnu/h-x86_64-mingw32/bin/../lib/gcc/nios2-elf/5.3.0/../../../../../H-x86_64-mingw32/nios2-elf/lib/mno-hw-mul\libc.a(lib_a-freer.o)
 .bss           0x0000000000031198        0x0 a:/intelfpga_lite/nios2eds/bin/gnu/h-x86_64-mingw32/bin/../lib/gcc/nios2-elf/5.3.0/../../../../../H-x86_64-mingw32/nios2-elf/lib/mno-hw-mul\libc.a(lib_a-int_errno.o)
 .bss           0x0000000000031198        0x0 a:/intelfpga_lite/nios2eds/bin/gnu/h-x86_64-mingw32/bin/../lib/gcc/nios2-elf/5.3.0/../../../../../H-x86_64-mingw32/nios2-elf/lib/mno-hw-mul\libc.a(lib_a-lseekr.o)
 .bss           0x0000000000031198        0x0 a:/intelfpga_lite/nios2eds/bin/gnu/h-x86_64-mingw32/bin/../lib/gcc/nios2-elf/5.3.0/../../../../../H-x86_64-mingw32/nios2-elf/lib/mno-hw-mul\libc.a(lib_a-makebuf.o)
 .bss           0x0000000000031198        0x0 a:/intelfpga_lite/nios2eds/bin/gnu/h-x86_64-mingw32/bin/../lib/gcc/nios2-elf/5.3.0/../../../../../H-x86_64-mingw32/nios2-elf/lib/mno-hw-mul\libc.a(lib_a-readr.o)
 .bss           0x0000000000031198        0x0 a:/intelfpga_lite/nios2eds/bin/gnu/h-x86_64-mingw32/bin/../lib/gcc/nios2-elf/5.3.0/../../../../../H-x86_64-mingw32/nios2-elf/lib/mno-hw-mul\libc.a(lib_a-fstatr.o)
 .bss           0x0000000000031198        0x0 a:/intelfpga_lite/nios2eds/bin/gnu/h-x86_64-mingw32/bin/../lib/gcc/nios2-elf/5.3.0/../../../../../H-x86_64-mingw32/nios2-elf/lib/mno-hw-mul\libc.a(lib_a-isattyr.o)
 .bss           0x0000000000031198        0x0 a:/intelfpga_lite/nios2eds/bin/gnu/h-x86_64-mingw32/bin/../lib/gcc/nios2-elf/5.3.0/mno-hw-mul\libgcc.a(lib2-divmod.o)
 .bss           0x0000000000031198        0x0 a:/intelfpga_lite/nios2eds/bin/gnu/h-x86_64-mingw32/bin/../lib/gcc/nios2-elf/5.3.0/mno-hw-mul\libgcc.a(lib2-mul.o)
 .bss           0x0000000000031198        0x0 ../lab3_bsp/\libucosii_bsp.a(alt_close.o)
 .bss           0x0000000000031198        0x0 ../lab3_bsp/\libucosii_bsp.a(alt_dev.o)
 .bss           0x0000000000031198        0x0 ../lab3_bsp/\libucosii_bsp.a(alt_errno.o)
 .bss           0x0000000000031198        0x0 ../lab3_bsp/\libucosii_bsp.a(alt_fstat.o)
 .bss           0x0000000000031198        0x0 ../lab3_bsp/\libucosii_bsp.a(alt_isatty.o)
 .bss           0x0000000000031198        0x0 ../lab3_bsp/\libucosii_bsp.a(alt_load.o)
 .bss           0x0000000000031198        0x0 ../lab3_bsp/\libucosii_bsp.a(alt_lseek.o)
 .bss           0x0000000000031198        0x0 ../lab3_bsp/\libucosii_bsp.a(alt_main.o)
 .bss           0x0000000000031198        0x0 ../lab3_bsp/\libucosii_bsp.a(alt_read.o)
 .bss           0x0000000000031198        0x0 ../lab3_bsp/\libucosii_bsp.a(alt_release_fd.o)
 .bss           0x0000000000031198        0x0 ../lab3_bsp/\libucosii_bsp.a(alt_sbrk.o)
 .bss           0x0000000000031198        0x0 ../lab3_bsp/\libucosii_bsp.a(alt_write.o)
 .bss           0x0000000000031198        0x0 ../lab3_bsp/\libucosii_bsp.a(alt_env_lock.o)
 .bss           0x0000000000031198        0x0 ../lab3_bsp/\libucosii_bsp.a(alt_malloc_lock.o)
 .bss           0x0000000000031198        0x0 ../lab3_bsp/\libucosii_bsp.a(os_core.o)
 .bss           0x0000000000031198        0x0 ../lab3_bsp/\libucosii_bsp.a(os_dbg.o)
 .bss           0x0000000000031198        0x0 ../lab3_bsp/\libucosii_bsp.a(os_flag.o)
 .bss           0x0000000000031198        0x0 ../lab3_bsp/\libucosii_bsp.a(os_mem.o)
 .bss           0x0000000000031198        0x0 ../lab3_bsp/\libucosii_bsp.a(os_q.o)
 .bss           0x0000000000031198        0x0 ../lab3_bsp/\libucosii_bsp.a(os_sem.o)
 .bss           0x0000000000031198        0x0 ../lab3_bsp/\libucosii_bsp.a(os_task.o)
 .bss           0x0000000000031198        0x0 ../lab3_bsp/\libucosii_bsp.a(os_time.o)
 .bss           0x0000000000031198        0x0 ../lab3_bsp/\libucosii_bsp.a(alt_sys_init.o)
 .bss           0x0000000000031198        0x0 ../lab3_bsp/\libucosii_bsp.a(altera_avalon_jtag_uart_fd.o)
 .bss           0x0000000000031198        0x0 ../lab3_bsp/\libucosii_bsp.a(altera_avalon_jtag_uart_init.o)
 .bss           0x0000000000031198        0x0 ../lab3_bsp/\libucosii_bsp.a(altera_avalon_jtag_uart_ioctl.o)
 .bss           0x0000000000031198        0x0 ../lab3_bsp/\libucosii_bsp.a(altera_avalon_jtag_uart_read.o)
 .bss           0x0000000000031198        0x0 ../lab3_bsp/\libucosii_bsp.a(altera_avalon_jtag_uart_write.o)
 .bss           0x0000000000031198        0x0 ../lab3_bsp/\libucosii_bsp.a(alt_alarm_start.o)
 .bss           0x0000000000031198        0x0 ../lab3_bsp/\libucosii_bsp.a(alt_dcache_flush_all.o)
 .bss           0x0000000000031198        0x0 ../lab3_bsp/\libucosii_bsp.a(alt_dev_llist_insert.o)
 .bss           0x0000000000031198        0x0 ../lab3_bsp/\libucosii_bsp.a(alt_do_ctors.o)
 .bss           0x0000000000031198        0x0 ../lab3_bsp/\libucosii_bsp.a(alt_do_dtors.o)
 .bss           0x0000000000031198        0x0 ../lab3_bsp/\libucosii_bsp.a(alt_icache_flush_all.o)
 .bss           0x0000000000031198        0x0 ../lab3_bsp/\libucosii_bsp.a(alt_iic.o)
 .bss           0x0000000000031198        0x0 ../lab3_bsp/\libucosii_bsp.a(alt_iic_isr_register.o)
 .bss           0x0000000000031198        0x0 ../lab3_bsp/\libucosii_bsp.a(alt_io_redirect.o)
 .bss           0x0000000000031198        0x0 ../lab3_bsp/\libucosii_bsp.a(alt_irq_entry.o)
 .bss           0x0000000000031198        0x0 ../lab3_bsp/\libucosii_bsp.a(alt_irq_handler.o)
 .bss           0x0000000000031198        0x0 ../lab3_bsp/\libucosii_bsp.a(alt_irq_vars.o)
 .bss           0x0000000000031198        0x0 ../lab3_bsp/\libucosii_bsp.a(alt_open.o)
 .bss           0x0000000000031198        0x0 ../lab3_bsp/\libucosii_bsp.a(alt_tick.o)
 .bss           0x0000000000031198        0x0 ../lab3_bsp/\libucosii_bsp.a(altera_nios2_gen2_irq.o)
 .bss           0x0000000000031198        0x0 ../lab3_bsp/\libucosii_bsp.a(os_cpu_a.o)
 .bss           0x0000000000031198        0x0 ../lab3_bsp/\libucosii_bsp.a(os_cpu_c.o)
 .bss           0x0000000000031198        0x0 ../lab3_bsp/\libucosii_bsp.a(alt_exception_entry.o)
 .bss           0x0000000000031198        0x0 ../lab3_bsp/\libucosii_bsp.a(alt_find_dev.o)
 .bss           0x0000000000031198        0x0 ../lab3_bsp/\libucosii_bsp.a(alt_find_file.o)
 .bss           0x0000000000031198        0x0 ../lab3_bsp/\libucosii_bsp.a(alt_get_fd.o)
 .bss           0x0000000000031198        0x0 ../lab3_bsp/\libucosii_bsp.a(alt_instruction_exception_entry.o)
 .bss           0x0000000000031198        0x0 a:/intelfpga_lite/nios2eds/bin/gnu/h-x86_64-mingw32/bin/../lib/gcc/nios2-elf/5.3.0/../../../../../H-x86_64-mingw32/nios2-elf/lib/mno-hw-mul\libc.a(lib_a-atexit.o)
 .bss           0x0000000000031198        0x0 a:/intelfpga_lite/nios2eds/bin/gnu/h-x86_64-mingw32/bin/../lib/gcc/nios2-elf/5.3.0/../../../../../H-x86_64-mingw32/nios2-elf/lib/mno-hw-mul\libc.a(lib_a-exit.o)
 .bss           0x0000000000031198        0x0 a:/intelfpga_lite/nios2eds/bin/gnu/h-x86_64-mingw32/bin/../lib/gcc/nios2-elf/5.3.0/../../../../../H-x86_64-mingw32/nios2-elf/lib/mno-hw-mul\libc.a(lib_a-memcmp.o)
 .bss           0x0000000000031198        0x0 a:/intelfpga_lite/nios2eds/bin/gnu/h-x86_64-mingw32/bin/../lib/gcc/nios2-elf/5.3.0/../../../../../H-x86_64-mingw32/nios2-elf/lib/mno-hw-mul\libc.a(lib_a-__atexit.o)
 .bss           0x0000000000031198        0x0 a:/intelfpga_lite/nios2eds/bin/gnu/h-x86_64-mingw32/bin/../lib/gcc/nios2-elf/5.3.0/../../../../../H-x86_64-mingw32/nios2-elf/lib/mno-hw-mul\libc.a(lib_a-__call_atexit.o)
 .bss           0x0000000000031198        0x0 ../lab3_bsp/\libucosii_bsp.a(alt_exit.o)
 *(COMMON)
 COMMON         0x0000000000031198     0x4000 obj/default/hello_ucosii.o
                0x0000000000031198                task1_stk
                0x0000000000033198                task2_stk
 COMMON         0x0000000000035198     0x3224 ../lab3_bsp/\libucosii_bsp.a(os_core.o)
                0x0000000000035198                OSFlagTbl
                0x0000000000035508                OSMemTbl
                0x0000000000036138                OSTaskStatStk
                0x0000000000036938                OSQTbl
                0x0000000000036b18                OSTaskIdleStk
                0x0000000000037318                OSEventTbl
                0x0000000000037e58                OSTCBTbl
                0x0000000000038368                OSTCBPrioTbl
 COMMON         0x00000000000383bc      0x100 ../lab3_bsp/\libucosii_bsp.a(alt_irq_handler.o)
                0x00000000000383bc                alt_irq
                0x00000000000384bc                . = ALIGN (0x4)
                0x00000000000384bc                __bss_end = ABSOLUTE (.)

.OnChip_Memory  0x00000000000384bc        0x0
                [!provide]                        PROVIDE (_alt_partition_OnChip_Memory_start, ABSOLUTE (.))
 *(.OnChip_Memory .OnChip_Memory. OnChip_Memory.*)
                0x00000000000384bc                . = ALIGN (0x4)
                [!provide]                        PROVIDE (_alt_partition_OnChip_Memory_end, ABSOLUTE (.))
                0x00000000000384bc                _end = ABSOLUTE (.)
                0x00000000000384bc                end = ABSOLUTE (.)
                0x00000000000384bc                __alt_stack_base = ABSOLUTE (.)
                [!provide]                        PROVIDE (_alt_partition_OnChip_Memory_load_addr, LOADADDR (.OnChip_Memory))

.stab
 *(.stab)

.stabstr
 *(.stabstr)

.stab.excl
 *(.stab.excl)

.stab.exclstr
 *(.stab.exclstr)

.stab.index
 *(.stab.index)

.stab.indexstr
 *(.stab.indexstr)

.comment        0x0000000000000000       0x23
 *(.comment)
 .comment       0x0000000000000000       0x23 obj/default/hello_ucosii.o
                                         0x24 (size before relaxing)
 .comment       0x0000000000000023       0x24 a:/intelfpga_lite/nios2eds/bin/gnu/h-x86_64-mingw32/bin/../lib/gcc/nios2-elf/5.3.0/../../../../../H-x86_64-mingw32/nios2-elf/lib/mno-hw-mul\libc.a(lib_a-puts.o)
 .comment       0x0000000000000023       0x24 a:/intelfpga_lite/nios2eds/bin/gnu/h-x86_64-mingw32/bin/../lib/gcc/nios2-elf/5.3.0/../../../../../H-x86_64-mingw32/nios2-elf/lib/mno-hw-mul\libc.a(lib_a-strlen.o)
 .comment       0x0000000000000023       0x24 a:/intelfpga_lite/nios2eds/bin/gnu/h-x86_64-mingw32/bin/../lib/gcc/nios2-elf/5.3.0/../../../../../H-x86_64-mingw32/nios2-elf/lib/mno-hw-mul\libc.a(lib_a-findfp.o)
 .comment       0x0000000000000023       0x24 a:/intelfpga_lite/nios2eds/bin/gnu/h-x86_64-mingw32/bin/../lib/gcc/nios2-elf/5.3.0/../../../../../H-x86_64-mingw32/nios2-elf/lib/mno-hw-mul\libc.a(lib_a-fvwrite.o)
 .comment       0x0000000000000023       0x24 a:/intelfpga_lite/nios2eds/bin/gnu/h-x86_64-mingw32/bin/../lib/gcc/nios2-elf/5.3.0/../../../../../H-x86_64-mingw32/nios2-elf/lib/mno-hw-mul\libc.a(lib_a-fwalk.o)
 .comment       0x0000000000000023       0x24 a:/intelfpga_lite/nios2eds/bin/gnu/h-x86_64-mingw32/bin/../lib/gcc/nios2-elf/5.3.0/../../../../../H-x86_64-mingw32/nios2-elf/lib/mno-hw-mul\libc.a(lib_a-impure.o)
 .comment       0x0000000000000023       0x24 a:/intelfpga_lite/nios2eds/bin/gnu/h-x86_64-mingw32/bin/../lib/gcc/nios2-elf/5.3.0/../../../../../H-x86_64-mingw32/nios2-elf/lib/mno-hw-mul\libc.a(lib_a-mallocr.o)
 .comment       0x0000000000000023       0x24 a:/intelfpga_lite/nios2eds/bin/gnu/h-x86_64-mingw32/bin/../lib/gcc/nios2-elf/5.3.0/../../../../../H-x86_64-mingw32/nios2-elf/lib/mno-hw-mul\libc.a(lib_a-memchr.o)
 .comment       0x0000000000000023       0x24 a:/intelfpga_lite/nios2eds/bin/gnu/h-x86_64-mingw32/bin/../lib/gcc/nios2-elf/5.3.0/../../../../../H-x86_64-mingw32/nios2-elf/lib/mno-hw-mul\libc.a(lib_a-memcpy.o)
 .comment       0x0000000000000023       0x24 a:/intelfpga_lite/nios2eds/bin/gnu/h-x86_64-mingw32/bin/../lib/gcc/nios2-elf/5.3.0/../../../../../H-x86_64-mingw32/nios2-elf/lib/mno-hw-mul\libc.a(lib_a-memmove.o)
 .comment       0x0000000000000023       0x24 a:/intelfpga_lite/nios2eds/bin/gnu/h-x86_64-mingw32/bin/../lib/gcc/nios2-elf/5.3.0/../../../../../H-x86_64-mingw32/nios2-elf/lib/mno-hw-mul\libc.a(lib_a-memset.o)
 .comment       0x0000000000000023       0x24 a:/intelfpga_lite/nios2eds/bin/gnu/h-x86_64-mingw32/bin/../lib/gcc/nios2-elf/5.3.0/../../../../../H-x86_64-mingw32/nios2-elf/lib/mno-hw-mul\libc.a(lib_a-reallocr.o)
 .comment       0x0000000000000023       0x24 a:/intelfpga_lite/nios2eds/bin/gnu/h-x86_64-mingw32/bin/../lib/gcc/nios2-elf/5.3.0/../../../../../H-x86_64-mingw32/nios2-elf/lib/mno-hw-mul\libc.a(lib_a-sbrkr.o)
 .comment       0x0000000000000023       0x24 a:/intelfpga_lite/nios2eds/bin/gnu/h-x86_64-mingw32/bin/../lib/gcc/nios2-elf/5.3.0/../../../../../H-x86_64-mingw32/nios2-elf/lib/mno-hw-mul\libc.a(lib_a-stdio.o)
 .comment       0x0000000000000023       0x24 a:/intelfpga_lite/nios2eds/bin/gnu/h-x86_64-mingw32/bin/../lib/gcc/nios2-elf/5.3.0/../../../../../H-x86_64-mingw32/nios2-elf/lib/mno-hw-mul\libc.a(lib_a-writer.o)
 .comment       0x0000000000000023       0x24 a:/intelfpga_lite/nios2eds/bin/gnu/h-x86_64-mingw32/bin/../lib/gcc/nios2-elf/5.3.0/../../../../../H-x86_64-mingw32/nios2-elf/lib/mno-hw-mul\libc.a(lib_a-wsetup.o)
 .comment       0x0000000000000023       0x24 a:/intelfpga_lite/nios2eds/bin/gnu/h-x86_64-mingw32/bin/../lib/gcc/nios2-elf/5.3.0/../../../../../H-x86_64-mingw32/nios2-elf/lib/mno-hw-mul\libc.a(closer.o)
 .comment       0x0000000000000023       0x24 a:/intelfpga_lite/nios2eds/bin/gnu/h-x86_64-mingw32/bin/../lib/gcc/nios2-elf/5.3.0/../../../../../H-x86_64-mingw32/nios2-elf/lib/mno-hw-mul\libc.a(lib_a-fclose.o)
 .comment       0x0000000000000023       0x24 a:/intelfpga_lite/nios2eds/bin/gnu/h-x86_64-mingw32/bin/../lib/gcc/nios2-elf/5.3.0/../../../../../H-x86_64-mingw32/nios2-elf/lib/mno-hw-mul\libc.a(lib_a-fflush.o)
 .comment       0x0000000000000023       0x24 a:/intelfpga_lite/nios2eds/bin/gnu/h-x86_64-mingw32/bin/../lib/gcc/nios2-elf/5.3.0/../../../../../H-x86_64-mingw32/nios2-elf/lib/mno-hw-mul\libc.a(lib_a-freer.o)
 .comment       0x0000000000000023       0x24 a:/intelfpga_lite/nios2eds/bin/gnu/h-x86_64-mingw32/bin/../lib/gcc/nios2-elf/5.3.0/../../../../../H-x86_64-mingw32/nios2-elf/lib/mno-hw-mul\libc.a(lib_a-int_errno.o)
 .comment       0x0000000000000023       0x24 a:/intelfpga_lite/nios2eds/bin/gnu/h-x86_64-mingw32/bin/../lib/gcc/nios2-elf/5.3.0/../../../../../H-x86_64-mingw32/nios2-elf/lib/mno-hw-mul\libc.a(lib_a-lseekr.o)
 .comment       0x0000000000000023       0x24 a:/intelfpga_lite/nios2eds/bin/gnu/h-x86_64-mingw32/bin/../lib/gcc/nios2-elf/5.3.0/../../../../../H-x86_64-mingw32/nios2-elf/lib/mno-hw-mul\libc.a(lib_a-makebuf.o)
 .comment       0x0000000000000023       0x24 a:/intelfpga_lite/nios2eds/bin/gnu/h-x86_64-mingw32/bin/../lib/gcc/nios2-elf/5.3.0/../../../../../H-x86_64-mingw32/nios2-elf/lib/mno-hw-mul\libc.a(lib_a-readr.o)
 .comment       0x0000000000000023       0x24 a:/intelfpga_lite/nios2eds/bin/gnu/h-x86_64-mingw32/bin/../lib/gcc/nios2-elf/5.3.0/../../../../../H-x86_64-mingw32/nios2-elf/lib/mno-hw-mul\libc.a(lib_a-fstatr.o)
 .comment       0x0000000000000023       0x24 a:/intelfpga_lite/nios2eds/bin/gnu/h-x86_64-mingw32/bin/../lib/gcc/nios2-elf/5.3.0/../../../../../H-x86_64-mingw32/nios2-elf/lib/mno-hw-mul\libc.a(lib_a-isattyr.o)
 .comment       0x0000000000000023       0x24 a:/intelfpga_lite/nios2eds/bin/gnu/h-x86_64-mingw32/bin/../lib/gcc/nios2-elf/5.3.0/mno-hw-mul\libgcc.a(lib2-divmod.o)
 .comment       0x0000000000000023       0x24 a:/intelfpga_lite/nios2eds/bin/gnu/h-x86_64-mingw32/bin/../lib/gcc/nios2-elf/5.3.0/mno-hw-mul\libgcc.a(lib2-mul.o)
 .comment       0x0000000000000023       0x24 ../lab3_bsp/\libucosii_bsp.a(alt_close.o)
 .comment       0x0000000000000023       0x24 ../lab3_bsp/\libucosii_bsp.a(alt_dev.o)
 .comment       0x0000000000000023       0x24 ../lab3_bsp/\libucosii_bsp.a(alt_errno.o)
 .comment       0x0000000000000023       0x24 ../lab3_bsp/\libucosii_bsp.a(alt_fstat.o)
 .comment       0x0000000000000023       0x24 ../lab3_bsp/\libucosii_bsp.a(alt_isatty.o)
 .comment       0x0000000000000023       0x24 ../lab3_bsp/\libucosii_bsp.a(alt_load.o)
 .comment       0x0000000000000023       0x24 ../lab3_bsp/\libucosii_bsp.a(alt_lseek.o)
 .comment       0x0000000000000023       0x24 ../lab3_bsp/\libucosii_bsp.a(alt_main.o)
 .comment       0x0000000000000023       0x24 ../lab3_bsp/\libucosii_bsp.a(alt_read.o)
 .comment       0x0000000000000023       0x24 ../lab3_bsp/\libucosii_bsp.a(alt_release_fd.o)
 .comment       0x0000000000000023       0x24 ../lab3_bsp/\libucosii_bsp.a(alt_sbrk.o)
 .comment       0x0000000000000023       0x24 ../lab3_bsp/\libucosii_bsp.a(alt_write.o)
 .comment       0x0000000000000023       0x24 ../lab3_bsp/\libucosii_bsp.a(alt_env_lock.o)
 .comment       0x0000000000000023       0x24 ../lab3_bsp/\libucosii_bsp.a(alt_malloc_lock.o)
 .comment       0x0000000000000023       0x24 ../lab3_bsp/\libucosii_bsp.a(os_core.o)
 .comment       0x0000000000000023       0x24 ../lab3_bsp/\libucosii_bsp.a(os_dbg.o)
 .comment       0x0000000000000023       0x24 ../lab3_bsp/\libucosii_bsp.a(os_flag.o)
 .comment       0x0000000000000023       0x24 ../lab3_bsp/\libucosii_bsp.a(os_mem.o)
 .comment       0x0000000000000023       0x24 ../lab3_bsp/\libucosii_bsp.a(os_q.o)
 .comment       0x0000000000000023       0x24 ../lab3_bsp/\libucosii_bsp.a(os_sem.o)
 .comment       0x0000000000000023       0x24 ../lab3_bsp/\libucosii_bsp.a(os_task.o)
 .comment       0x0000000000000023       0x24 ../lab3_bsp/\libucosii_bsp.a(os_time.o)
 .comment       0x0000000000000023       0x24 ../lab3_bsp/\libucosii_bsp.a(alt_sys_init.o)
 .comment       0x0000000000000023       0x24 ../lab3_bsp/\libucosii_bsp.a(altera_avalon_jtag_uart_fd.o)
 .comment       0x0000000000000023       0x24 ../lab3_bsp/\libucosii_bsp.a(altera_avalon_jtag_uart_init.o)
 .comment       0x0000000000000023       0x24 ../lab3_bsp/\libucosii_bsp.a(altera_avalon_jtag_uart_ioctl.o)
 .comment       0x0000000000000023       0x24 ../lab3_bsp/\libucosii_bsp.a(altera_avalon_jtag_uart_read.o)
 .comment       0x0000000000000023       0x24 ../lab3_bsp/\libucosii_bsp.a(altera_avalon_jtag_uart_write.o)
 .comment       0x0000000000000023       0x24 ../lab3_bsp/\libucosii_bsp.a(alt_alarm_start.o)
 .comment       0x0000000000000023       0x24 ../lab3_bsp/\libucosii_bsp.a(alt_dcache_flush_all.o)
 .comment       0x0000000000000023       0x24 ../lab3_bsp/\libucosii_bsp.a(alt_dev_llist_insert.o)
 .comment       0x0000000000000023       0x24 ../lab3_bsp/\libucosii_bsp.a(alt_do_ctors.o)
 .comment       0x0000000000000023       0x24 ../lab3_bsp/\libucosii_bsp.a(alt_do_dtors.o)
 .comment       0x0000000000000023       0x24 ../lab3_bsp/\libucosii_bsp.a(alt_icache_flush_all.o)
 .comment       0x0000000000000023       0x24 ../lab3_bsp/\libucosii_bsp.a(alt_iic.o)
 .comment       0x0000000000000023       0x24 ../lab3_bsp/\libucosii_bsp.a(alt_iic_isr_register.o)
 .comment       0x0000000000000023       0x24 ../lab3_bsp/\libucosii_bsp.a(alt_io_redirect.o)
 .comment       0x0000000000000023       0x24 ../lab3_bsp/\libucosii_bsp.a(alt_irq_handler.o)
 .comment       0x0000000000000023       0x24 ../lab3_bsp/\libucosii_bsp.a(alt_irq_vars.o)
 .comment       0x0000000000000023       0x24 ../lab3_bsp/\libucosii_bsp.a(alt_open.o)
 .comment       0x0000000000000023       0x24 ../lab3_bsp/\libucosii_bsp.a(alt_tick.o)
 .comment       0x0000000000000023       0x24 ../lab3_bsp/\libucosii_bsp.a(altera_nios2_gen2_irq.o)
 .comment       0x0000000000000023       0x24 ../lab3_bsp/\libucosii_bsp.a(os_cpu_c.o)
 .comment       0x0000000000000023       0x24 ../lab3_bsp/\libucosii_bsp.a(alt_find_dev.o)
 .comment       0x0000000000000023       0x24 ../lab3_bsp/\libucosii_bsp.a(alt_find_file.o)
 .comment       0x0000000000000023       0x24 ../lab3_bsp/\libucosii_bsp.a(alt_get_fd.o)
 .comment       0x0000000000000023       0x24 ../lab3_bsp/\libucosii_bsp.a(alt_instruction_exception_entry.o)
 .comment       0x0000000000000023       0x24 a:/intelfpga_lite/nios2eds/bin/gnu/h-x86_64-mingw32/bin/../lib/gcc/nios2-elf/5.3.0/../../../../../H-x86_64-mingw32/nios2-elf/lib/mno-hw-mul\libc.a(lib_a-atexit.o)
 .comment       0x0000000000000023       0x24 a:/intelfpga_lite/nios2eds/bin/gnu/h-x86_64-mingw32/bin/../lib/gcc/nios2-elf/5.3.0/../../../../../H-x86_64-mingw32/nios2-elf/lib/mno-hw-mul\libc.a(lib_a-exit.o)
 .comment       0x0000000000000023       0x24 a:/intelfpga_lite/nios2eds/bin/gnu/h-x86_64-mingw32/bin/../lib/gcc/nios2-elf/5.3.0/../../../../../H-x86_64-mingw32/nios2-elf/lib/mno-hw-mul\libc.a(lib_a-memcmp.o)
 .comment       0x0000000000000023       0x24 a:/intelfpga_lite/nios2eds/bin/gnu/h-x86_64-mingw32/bin/../lib/gcc/nios2-elf/5.3.0/../../../../../H-x86_64-mingw32/nios2-elf/lib/mno-hw-mul\libc.a(lib_a-__atexit.o)
 .comment       0x0000000000000023       0x24 a:/intelfpga_lite/nios2eds/bin/gnu/h-x86_64-mingw32/bin/../lib/gcc/nios2-elf/5.3.0/../../../../../H-x86_64-mingw32/nios2-elf/lib/mno-hw-mul\libc.a(lib_a-__call_atexit.o)
 .comment       0x0000000000000023       0x24 ../lab3_bsp/\libucosii_bsp.a(alt_exit.o)

.debug
 *(.debug)

.line
 *(.line)

.debug_srcinfo
 *(.debug_srcinfo)

.debug_sfnames
 *(.debug_sfnames)

.debug_aranges  0x0000000000000000      0xb70
 *(.debug_aranges)
 .debug_aranges
                0x0000000000000000       0x28 ../lab3_bsp//obj/HAL/src/crt0.o
 .debug_aranges
                0x0000000000000028       0x20 obj/default/hello_ucosii.o
 .debug_aranges
                0x0000000000000048       0x28 a:/intelfpga_lite/nios2eds/bin/gnu/h-x86_64-mingw32/bin/../lib/gcc/nios2-elf/5.3.0/../../../../../H-x86_64-mingw32/nios2-elf/lib/mno-hw-mul\libc.a(lib_a-puts.o)
 .debug_aranges