Archive member included to satisfy reference by file (symbol)

a:/intelfpga_lite/nios2eds/bin/gnu/h-x86_64-mingw32/bin/../lib/gcc/nios2-elf/5.3.0/mhw-mulx\libgcc.a(_popcountsi2.o)
                              obj/default/hello_ucosii.o (__popcountsi2)
a:/intelfpga_lite/nios2eds/bin/gnu/h-x86_64-mingw32/bin/../lib/gcc/nios2-elf/5.3.0/../../../../../H-x86_64-mingw32/nios2-elf/lib/mhw-mulx\libc.a(lib_a-printf.o)
                              obj/default/hello_ucosii.o (printf)
a:/intelfpga_lite/nios2eds/bin/gnu/h-x86_64-mingw32/bin/../lib/gcc/nios2-elf/5.3.0/../../../../../H-x86_64-mingw32/nios2-elf/lib/mhw-mulx\libc.a(lib_a-vfprintf.o)
                              a:/intelfpga_lite/nios2eds/bin/gnu/h-x86_64-mingw32/bin/../lib/gcc/nios2-elf/5.3.0/../../../../../H-x86_64-mingw32/nios2-elf/lib/mhw-mulx\libc.a(lib_a-printf.o) (___vfprintf_internal_r)
a:/intelfpga_lite/nios2eds/bin/gnu/h-x86_64-mingw32/bin/../lib/gcc/nios2-elf/5.3.0/../../../../../H-x86_64-mingw32/nios2-elf/lib/mhw-mulx\libc.a(lib_a-wsetup.o)
                              a:/intelfpga_lite/nios2eds/bin/gnu/h-x86_64-mingw32/bin/../lib/gcc/nios2-elf/5.3.0/../../../../../H-x86_64-mingw32/nios2-elf/lib/mhw-mulx\libc.a(lib_a-vfprintf.o) (__swsetup_r)
a:/intelfpga_lite/nios2eds/bin/gnu/h-x86_64-mingw32/bin/../lib/gcc/nios2-elf/5.3.0/../../../../../H-x86_64-mingw32/nios2-elf/lib/mhw-mulx\libc.a(lib_a-dtoa.o)
                              a:/intelfpga_lite/nios2eds/bin/gnu/h-x86_64-mingw32/bin/../lib/gcc/nios2-elf/5.3.0/../../../../../H-x86_64-mingw32/nios2-elf/lib/mhw-mulx\libc.a(lib_a-vfprintf.o) (_dtoa_r)
a:/intelfpga_lite/nios2eds/bin/gnu/h-x86_64-mingw32/bin/../lib/gcc/nios2-elf/5.3.0/../../../../../H-x86_64-mingw32/nios2-elf/lib/mhw-mulx\libc.a(lib_a-fflush.o)
                              a:/intelfpga_lite/nios2eds/bin/gnu/h-x86_64-mingw32/bin/../lib/gcc/nios2-elf/5.3.0/../../../../../H-x86_64-mingw32/nios2-elf/lib/mhw-mulx\libc.a(lib_a-vfprintf.o) (_fflush_r)
a:/intelfpga_lite/nios2eds/bin/gnu/h-x86_64-mingw32/bin/../lib/gcc/nios2-elf/5.3.0/../../../../../H-x86_64-mingw32/nios2-elf/lib/mhw-mulx\libc.a(lib_a-findfp.o)
                              a:/intelfpga_lite/nios2eds/bin/gnu/h-x86_64-mingw32/bin/../lib/gcc/nios2-elf/5.3.0/../../../../../H-x86_64-mingw32/nios2-elf/lib/mhw-mulx\libc.a(lib_a-vfprintf.o) (__sinit)
a:/intelfpga_lite/nios2eds/bin/gnu/h-x86_64-mingw32/bin/../lib/gcc/nios2-elf/5.3.0/../../../../../H-x86_64-mingw32/nios2-elf/lib/mhw-mulx\libc.a(lib_a-freer.o)
                              a:/intelfpga_lite/nios2eds/bin/gnu/h-x86_64-mingw32/bin/../lib/gcc/nios2-elf/5.3.0/../../../../../H-x86_64-mingw32/nios2-elf/lib/mhw-mulx\libc.a(lib_a-wsetup.o) (_free_r)
a:/intelfpga_lite/nios2eds/bin/gnu/h-x86_64-mingw32/bin/../lib/gcc/nios2-elf/5.3.0/../../../../../H-x86_64-mingw32/nios2-elf/lib/mhw-mulx\libc.a(lib_a-fwalk.o)
                              a:/intelfpga_lite/nios2eds/bin/gnu/h-x86_64-mingw32/bin/../lib/gcc/nios2-elf/5.3.0/../../../../../H-x86_64-mingw32/nios2-elf/lib/mhw-mulx\libc.a(lib_a-findfp.o) (_fwalk)
a:/intelfpga_lite/nios2eds/bin/gnu/h-x86_64-mingw32/bin/../lib/gcc/nios2-elf/5.3.0/../../../../../H-x86_64-mingw32/nios2-elf/lib/mhw-mulx\libc.a(lib_a-impure.o)
                              a:/intelfpga_lite/nios2eds/bin/gnu/h-x86_64-mingw32/bin/../lib/gcc/nios2-elf/5.3.0/../../../../../H-x86_64-mingw32/nios2-elf/lib/mhw-mulx\libc.a(lib_a-fflush.o) (_global_impure_ptr)
a:/intelfpga_lite/nios2eds/bin/gnu/h-x86_64-mingw32/bin/../lib/gcc/nios2-elf/5.3.0/../../../../../H-x86_64-mingw32/nios2-elf/lib/mhw-mulx\libc.a(lib_a-locale.o)
                              a:/intelfpga_lite/nios2eds/bin/gnu/h-x86_64-mingw32/bin/../lib/gcc/nios2-elf/5.3.0/../../../../../H-x86_64-mingw32/nios2-elf/lib/mhw-mulx\libc.a(lib_a-vfprintf.o) (_localeconv_r)
a:/intelfpga_lite/nios2eds/bin/gnu/h-x86_64-mingw32/bin/../lib/gcc/nios2-elf/5.3.0/../../../../../H-x86_64-mingw32/nios2-elf/lib/mhw-mulx\libc.a(lib_a-makebuf.o)
                              a:/intelfpga_lite/nios2eds/bin/gnu/h-x86_64-mingw32/bin/../lib/gcc/nios2-elf/5.3.0/../../../../../H-x86_64-mingw32/nios2-elf/lib/mhw-mulx\libc.a(lib_a-wsetup.o) (__smakebuf_r)
a:/intelfpga_lite/nios2eds/bin/gnu/h-x86_64-mingw32/bin/../lib/gcc/nios2-elf/5.3.0/../../../../../H-x86_64-mingw32/nios2-elf/lib/mhw-mulx\libc.a(lib_a-mallocr.o)
                              a:/intelfpga_lite/nios2eds/bin/gnu/h-x86_64-mingw32/bin/../lib/gcc/nios2-elf/5.3.0/../../../../../H-x86_64-mingw32/nios2-elf/lib/mhw-mulx\libc.a(lib_a-findfp.o) (_malloc_r)
a:/intelfpga_lite/nios2eds/bin/gnu/h-x86_64-mingw32/bin/../lib/gcc/nios2-elf/5.3.0/../../../../../H-x86_64-mingw32/nios2-elf/lib/mhw-mulx\libc.a(lib_a-memchr.o)
                              a:/intelfpga_lite/nios2eds/bin/gnu/h-x86_64-mingw32/bin/../lib/gcc/nios2-elf/5.3.0/../../../../../H-x86_64-mingw32/nios2-elf/lib/mhw-mulx\libc.a(lib_a-vfprintf.o) (memchr)
[...]
Memory Configuration

Name             Origin             Length             Attributes
reset            0x0000000000000000 0x0000000000000020
SDRAM            0x0000000000000020 0x0000000001ffffe0
Onchip_SRAM      0x0000000008000000 0x0000000000040000
VGA_Subsystem_Char_Buf_Subsystem_Onchip_SRAM 0x0000000009000000 0x0000000000002000
ARM_A9_HPS_axi_sdram 0x0000000040000000 0x0000000040000000
*default*        0x0000000000000000 0xffffffffffffffff

Linker script and memory map

LOAD ../assdasdads_bsp//obj/HAL/src/crt0.o
LOAD obj/default/hello_ucosii.o
LOAD a:/intelfpga_lite/nios2eds/bin/gnu/h-x86_64-mingw32/bin/../lib/gcc/nios2-elf/5.3.0/../../../../../H-x86_64-mingw32/nios2-elf/lib/mhw-mulx\libstdc++.a
LOAD a:/intelfpga_lite/nios2eds/bin/gnu/h-x86_64-mingw32/bin/../lib/gcc/nios2-elf/5.3.0/../../../../../H-x86_64-mingw32/nios2-elf/lib/mhw-mulx\libm.a
LOAD a:/intelfpga_lite/nios2eds/bin/gnu/h-x86_64-mingw32/bin/../lib/gcc/nios2-elf/5.3.0/mhw-mulx\libgcc.a
START GROUP
LOAD a:/intelfpga_lite/nios2eds/bin/gnu/h-x86_64-mingw32/bin/../lib/gcc/nios2-elf/5.3.0/../../../../../H-x86_64-mingw32/nios2-elf/lib/mhw-mulx\libc.a
LOAD a:/intelfpga_lite/nios2eds/bin/gnu/h-x86_64-mingw32/bin/../lib/gcc/nios2-elf/5.3.0/mhw-mulx\libgcc.a
LOAD ../assdasdads_bsp/\libucosii_bsp.a
LOAD a:/intelfpga_lite/nios2eds/bin/gnu/h-x86_64-mingw32/bin/../lib/gcc/nios2-elf/5.3.0/../../../../../H-x86_64-mingw32/nios2-elf/lib/mhw-mulx\libm.a
END GROUP
LOAD a:/intelfpga_lite/nios2eds/bin/gnu/h-x86_64-mingw32/bin/../lib/gcc/nios2-elf/5.3.0/mhw-mulx\libgcc.a
                0x0000000000000000                __alt_mem_SDRAM = 0x0
                0x0000000008000000                __alt_mem_Onchip_SRAM = 0x8000000
                0x0000000009000000                __alt_mem_VGA_Subsystem_Char_Buf_Subsystem_Onchip_SRAM = 0x9000000
                0x0000000040000000                __alt_mem_ARM_A9_HPS_axi_sdram = 0x40000000

.entry          0x0000000000000000       0x20
 *(.entry)
 .entry         0x0000000000000000       0x20 ../assdasdads_bsp//obj/HAL/src/crt0.o
                0x0000000000000000                __reset

.exceptions     0x0000000000000020      0x228
                0x0000000000000020                PROVIDE (__ram_exceptions_start, ABSOLUTE (.))
                0x0000000000000020                . = ALIGN (0x20)
 *(.irq)
 *(.exceptions.entry.label)
 .exceptions.entry.label
                0x0000000000000020        0x0 ../assdasdads_bsp/\libucosii_bsp.a(alt_irq_entry.o)
                0x0000000000000020                alt_irq_entry
 .exceptions.entry.label
                0x0000000000000020        0x0 ../assdasdads_bsp/\libucosii_bsp.a(alt_exception_entry.o)
                0x0000000000000020                alt_exception
 *(.exceptions.entry.user)
 *(.exceptions.entry.ecc_fatal)
 *(.exceptions.entry)
 .exceptions.entry
                0x0000000000000020       0x54 ../assdasdads_bsp/\libucosii_bsp.a(alt_exception_entry.o)
 *(.exceptions.irqtest.user)
 *(.exceptions.irqtest)
 .exceptions.irqtest
                0x0000000000000074       0x10 ../assdasdads_bsp/\libucosii_bsp.a(alt_irq_entry.o)
 *(.exceptions.irqhandler.user)
 *(.exceptions.irqhandler)
 .exceptions.irqhandler
                0x0000000000000084        0x4 ../assdasdads_bsp/\libucosii_bsp.a(alt_irq_entry.o)
 *(.exceptions.irqreturn.user)
 *(.exceptions.irqreturn)
 .exceptions.irqreturn
                0x0000000000000088        0x4 ../assdasdads_bsp/\libucosii_bsp.a(alt_irq_entry.o)
 *(.exceptions.notirq.label)
 .exceptions.notirq.label
                0x000000000000008c        0x0 ../assdasdads_bsp/\libucosii_bsp.a(alt_irq_entry.o)
 *(.exceptions.notirq.user)
 *(.exceptions.notirq)
 .exceptions.notirq
                0x000000000000008c        0x8 ../assdasdads_bsp/\libucosii_bsp.a(alt_exception_entry.o)
 *(.exceptions.soft.user)
 *(.exceptions.soft)
 *(.exceptions.unknown.user)
 *(.exceptions.unknown)
 .exceptions.unknown
                0x0000000000000094       0x14 ../assdasdads_bsp/\libucosii_bsp.a(alt_exception_entry.o)
 *(.exceptions.exit.label)
 .exceptions.exit.label
                0x00000000000000a8        0x0 ../assdasdads_bsp/\libucosii_bsp.a(alt_irq_entry.o)
 .exceptions.exit.label
                0x00000000000000a8        0x0 ../assdasdads_bsp/\libucosii_bsp.a(alt_exception_entry.o)
 *(.exceptions.exit.user)
 *(.exceptions.exit)
 .exceptions.exit
                0x00000000000000a8       0x54 ../assdasdads_bsp/\libucosii_bsp.a(alt_exception_entry.o)
 *(.exceptions)
 .exceptions    0x00000000000000fc       0xd8 ../assdasdads_bsp/\libucosii_bsp.a(alt_irq_handler.o)
                0x00000000000000fc                alt_irq_handler
 .exceptions    0x00000000000001d4       0x74 ../assdasdads_bsp/\libucosii_bsp.a(alt_instruction_exception_entry.o)
                0x00000000000001d4                alt_instruction_exception_entry
                0x0000000000000248                PROVIDE (__ram_exceptions_end, ABSOLUTE (.))
                0x0000000000000020                PROVIDE (__flash_exceptions_start, LOADADDR (.exceptions))

.text           0x0000000000000248    0x194c0
                [!provide]                        PROVIDE (stext, ABSOLUTE (.))
 *(.interp)
 *(.hash)
 *(.dynsym)
 *(.dynstr)
 *(.gnu.version)
 *(.gnu.version_d)
 *(.gnu.version_r)
 *(.rel.init)
 *(.rela.init)
 *(.rel.text .rel.text.* .rel.gnu.linkonce.t.*)
 *(.rela.text .rela.text.* .rela.gnu.linkonce.t.*)
 *(.rel.fini)
 *(.rela.fini)
 *(.rel.rodata .rel.rodata.* .rel.gnu.linkonce.r.*)
 *(.rela.rodata .rela.rodata.* .rela.gnu.linkonce.r.*)
 *(.rel.data .rel.data.* .rel.gnu.linkonce.d.*)
 *(.rela.data .rela.data.* .rela.gnu.linkonce.d.*)
 *(.rel.tdata .rel.tdata.* .rel.gnu.linkonce.td.*)
 *(.rela.tdata .rela.tdata.* .rela.gnu.linkonce.td.*)
 *(.rel.tbss .rel.tbss.* .rel.gnu.linkonce.tb.*)
 *(.rela.tbss .rela.tbss.* .rela.gnu.linkonce.tb.*)
 *(.rel.ctors)
 *(.rela.ctors)
 *(.rel.dtors)
 *(.rela.dtors)
 *(.rel.got)
 *(.rela.got)
 *(.rel.sdata .rel.sdata.* .rel.gnu.linkonce.s.*)
 *(.rela.sdata .rela.sdata.* .rela.gnu.linkonce.s.*)
 *(.rel.sbss .rel.sbss.* .rel.gnu.linkonce.sb.*)
 *(.rela.sbss .rela.sbss.* .rela.gnu.linkonce.sb.*)
 *(.rel.sdata2 .rel.sdata2.* .rel.gnu.linkonce.s2.*)
 *(.rela.sdata2 .rela.sdata2.* .rela.gnu.linkonce.s2.*)
 *(.rel.sbss2 .rel.sbss2.* .rel.gnu.linkonce.sb2.*)
 *(.rela.sbss2 .rela.sbss2.* .rela.gnu.linkonce.sb2.*)
 *(.rel.bss .rel.bss.* .rel.gnu.linkonce.b.*)
 *(.rela.bss .rela.bss.* .rela.gnu.linkonce.b.*)
 *(.rel.plt)
 *(.rela.plt)
 *(.rel.dyn)
 *(.init)
 *(.plt)
 *(.text .stub .text.* .gnu.linkonce.t.*)
 .text          0x0000000000000248       0x3c ../assdasdads_bsp//obj/HAL/src/crt0.o
                0x0000000000000248                _start
 .text          0x0000000000000284      0x780 obj/default/hello_ucosii.o
                0x0000000000000284                task1
                0x00000000000004e8                task2
                0x000000000000056c                task3
                0x00000000000005f0                task4
                0x0000000000000674                task5
                0x00000000000006f8                task6
                0x000000000000077c                task7
                0x0000000000000800                main
 .text          0x0000000000000a04       0x54 a:/intelfpga_lite/nios2eds/bin/gnu/h-x86_64-mingw32/bin/../lib/gcc/nios2-elf/5.3.0/mhw-mulx\libgcc.a(_popcountsi2.o)
                0x0000000000000a04                __popcountsi2
 .text          0x0000000000000a58        0x0 a:/intelfpga_lite/nios2eds/bin/gnu/h-x86_64-mingw32/bin/../lib/gcc/nios2-elf/5.3.0/../../../../../H-x86_64-mingw32/nios2-elf/lib/mhw-mulx\libc.a(lib_a-printf.o)
 .text._printf_r
                0x0000000000000a58       0x30 a:/intelfpga_lite/nios2eds/bin/gnu/h-x86_64-mingw32/bin/../lib/gcc/nios2-elf/5.3.0/../../../../../H-x86_64-mingw32/nios2-elf/lib/mhw-mulx\libc.a(lib_a-printf.o)
                0x0000000000000a58                _printf_r
 .text.printf   0x0000000000000a88       0x3c a:/intelfpga_lite/nios2eds/bin/gnu/h-x86_64-mingw32/bin/../lib/gcc/nios2-elf/5.3.0/../../../../../H-x86_64-mingw32/nios2-elf/lib/mhw-mulx\libc.a(lib_a-printf.o)
                0x0000000000000a88                printf
 .text          0x0000000000000ac4        0x0 a:/intelfpga_lite/nios2eds/bin/gnu/h-x86_64-mingw32/bin/../lib/gcc/nios2-elf/5.3.0/../../../../../H-x86_64-mingw32/nios2-elf/lib/mhw-mulx\libc.a(lib_a-vfprintf.o)
 .text.___vfprintf_internal_r
                0x0000000000000ac4     0x21f8 a:/intelfpga_lite/nios2eds/bin/gnu/h-x86_64-mingw32/bin/../lib/gcc/nios2-elf/5.3.0/../../../../../H-x86_64-mingw32/nios2-elf/lib/mhw-mulx\libc.a(lib_a-vfprintf.o)
                0x0000000000000ac4                ___vfprintf_internal_r
 .text.__vfprintf_internal
                0x0000000000002cbc       0x1c a:/intelfpga_lite/nios2eds/bin/gnu/h-x86_64-mingw32/bin/../lib/gcc/nios2-elf/5.3.0/../../../../../H-x86_64-mingw32/nios2-elf/lib/mhw-mulx\libc.a(lib_a-vfprintf.o)
                0x0000000000002cbc                __vfprintf_internal
 .text.__sbprintf
                0x0000000000002cd8       0xbc a:/intelfpga_lite/nios2eds/bin/gnu/h-x86_64-mingw32/bin/../lib/gcc/nios2-elf/5.3.0/../../../../../H-x86_64-mingw32/nios2-elf/lib/mhw-mulx\libc.a(lib_a-vfprintf.o)
 .text          0x0000000000002d94        0x0 a:/intelfpga_lite/nios2eds/bin/gnu/h-x86_64-mingw32/bin/../lib/gcc/nios2-elf/5.3.0/../../../../../H-x86_64-mingw32/nios2-elf/lib/mhw-mulx\libc.a(lib_a-wsetup.o)
 .text.__swsetup_r
                0x0000000000002d94      0x154 a:/intelfpga_lite/nios2eds/bin/gnu/h-x86_64-mingw32/bin/../lib/gcc/nios2-elf/5.3.0/../../../../../H-x86_64-mingw32/nios2-elf/lib/mhw-mulx\libc.a(lib_a-wsetup.o)
                0x0000000000002d94                __swsetup_r
 .text          0x0000000000002ee8        0x0 a:/intelfpga_lite/nios2eds/bin/gnu/h-x86_64-mingw32/bin/../lib/gcc/nios2-elf/5.3.0/../../../../../H-x86_64-mingw32/nios2-elf/lib/mhw-mulx\libc.a(lib_a-dtoa.o)
 .text.quorem   0x0000000000002ee8      0x200 a:/intelfpga_lite/nios2eds/bin/gnu/h-x86_64-mingw32/bin/../lib/gcc/nios2-elf/5.3.0/../../../../../H-x86_64-mingw32/nios2-elf/lib/mhw-mulx\libc.a(lib_a-dtoa.o)
 .text._dtoa_r  0x00000000000030e8     0x1688 a:/intelfpga_lite/nios2eds/bin/gnu/h-x86_64-mingw32/bin/../lib/gcc/nios2-elf/5.3.0/../../../../../H-x86_64-mingw32/nios2-elf/lib/mhw-mulx\libc.a(lib_a-dtoa.o)
                0x00000000000030e8                _dtoa_r
 .text          0x0000000000004770        0x0 a:/intelfpga_lite/nios2eds/bin/gnu/h-x86_64-mingw32/bin/../lib/gcc/nios2-elf/5.3.0/../../../../../H-x86_64-mingw32/nios2-elf/lib/mhw-mulx\libc.a(lib_a-fflush.o)
 .text.__sflush_r
                0x0000000000004770      0x21c a:/intelfpga_lite/nios2eds/bin/gnu/h-x86_64-mingw32/bin/../lib/gcc/nios2-elf/5.3.0/../../../../../H-x86_64-mingw32/nios2-elf/lib/mhw-mulx\libc.a(lib_a-fflush.o)
                0x0000000000004770                __sflush_r
 .text._fflush_r
                0x000000000000498c       0x5c a:/intelfpga_lite/nios2eds/bin/gnu/h-x86_64-mingw32/bin/../lib/gcc/nios2-elf/5.3.0/../../../../../H-x86_64-mingw32/nios2-elf/lib/mhw-mulx\libc.a(lib_a-fflush.o)
                0x000000000000498c                _fflush_r
 .text.fflush   0x00000000000049e8       0x30 a:/intelfpga_lite/nios2eds/bin/gnu/h-x86_64-mingw32/bin/../lib/gcc/nios2-elf/5.3.0/../../../../../H-x86_64-mingw32/nios2-elf/lib/mhw-mulx\libc.a(lib_a-fflush.o)
                0x00000000000049e8                fflush
 .text          0x0000000000004a18        0x0 a:/intelfpga_lite/nios2eds/bin/gnu/h-x86_64-mingw32/bin/../lib/gcc/nios2-elf/5.3.0/../../../../../H-x86_64-mingw32/nios2-elf/lib/mhw-mulx\libc.a(lib_a-findfp.o)
 .text.__fp_unlock
                0x0000000000004a18        0x8 a:/intelfpga_lite/nios2eds/bin/gnu/h-x86_64-mingw32/bin/../lib/gcc/nios2-elf/5.3.0/../../../../../H-x86_64-mingw32/nios2-elf/lib/mhw-mulx\libc.a(lib_a-findfp.o)
 .text._cleanup_r
                0x0000000000004a20        0xc a:/intelfpga_lite/nios2eds/bin/gnu/h-x86_64-mingw32/bin/../lib/gcc/nios2-elf/5.3.0/../../../../../H-x86_64-mingw32/nios2-elf/lib/mhw-mulx\libc.a(lib_a-findfp.o)
                0x0000000000004a20                _cleanup_r
 .text.__sinit.part.1
                0x0000000000004a2c      0x19c a:/intelfpga_lite/nios2eds/bin/gnu/h-x86_64-mingw32/bin/../lib/gcc/nios2-elf/5.3.0/../../../../../H-x86_64-mingw32/nios2-elf/lib/mhw-mulx\libc.a(lib_a-findfp.o)
 .text.__fp_lock
                0x0000000000004bc8        0x8 a:/intelfpga_lite/nios2eds/bin/gnu/h-x86_64-mingw32/bin/../lib/gcc/nios2-elf/5.3.0/../../../../../H-x86_64-mingw32/nios2-elf/lib/mhw-mulx\libc.a(lib_a-findfp.o)
 .text.__sfmoreglue
                0x0000000000004bd0       0x68 a:/intelfpga_lite/nios2eds/bin/gnu/h-x86_64-mingw32/bin/../lib/gcc/nios2-elf/5.3.0/../../../../../H-x86_64-mingw32/nios2-elf/lib/mhw-mulx\libc.a(lib_a-findfp.o)
                0x0000000000004bd0                __sfmoreglue
 .text.__sfp    0x0000000000004c38      0x118 a:/intelfpga_lite/nios2eds/bin/gnu/h-x86_64-mingw32/bin/../lib/gcc/nios2-elf/5.3.0/../../../../../H-x86_64-mingw32/nios2-elf/lib/mhw-mulx\libc.a(lib_a-findfp.o)
                0x0000000000004c38                __sfp
 .text._cleanup
                0x0000000000004d50       0x18 a:/intelfpga_lite/nios2eds/bin/gnu/h-x86_64-mingw32/bin/../lib/gcc/nios2-elf/5.3.0/../../../../../H-x86_64-mingw32/nios2-elf/lib/mhw-mulx\libc.a(lib_a-findfp.o)
                0x0000000000004d50                _cleanup
 .text.__sinit  0x0000000000004d68       0x10 a:/intelfpga_lite/nios2eds/bin/gnu/h-x86_64-mingw32/bin/../lib/gcc/nios2-elf/5.3.0/../../../../../H-x86_64-mingw32/nios2-elf/lib/mhw-mulx\libc.a(lib_a-findfp.o)
                0x0000000000004d68                __sinit
 .text.__sfp_lock_acquire
                0x0000000000004d78        0x4 a:/intelfpga_lite/nios2eds/bin/gnu/h-x86_64-mingw32/bin/../lib/gcc/nios2-elf/5.3.0/../../../../../H-x86_64-mingw32/nios2-elf/lib/mhw-mulx\libc.a(lib_a-findfp.o)
                0x0000000000004d78                __sfp_lock_acquire
 .text.__sfp_lock_release
                0x0000000000004d7c        0x4 a:/intelfpga_lite/nios2eds/bin/gnu/h-x86_64-mingw32/bin/../lib/gcc/nios2-elf/5.3.0/../../../../../H-x86_64-mingw32/nios2-elf/lib/mhw-mulx\libc.a(lib_a-findfp.o)
                0x0000000000004d7c                __sfp_lock_release
 .text.__sinit_lock_acquire
                0x0000000000004d80        0x4 a:/intelfpga_lite/nios2eds/bin/gnu/h-x86_64-mingw32/bin/../lib/gcc/nios2-elf/5.3.0/../../../../../H-x86_64-mingw32/nios2-elf/lib/mhw-mulx\libc.a(lib_a-findfp.o)
                0x0000000000004d80                __sinit_lock_acquire
 .text.__sinit_lock_release
                0x0000000000004d84        0x4 a:/intelfpga_lite/nios2eds/bin/gnu/h-x86_64-mingw32/bin/../lib/gcc/nios2-elf/5.3.0/../../../../../H-x86_64-mingw32/nios2-elf/lib/mhw-mulx\libc.a(lib_a-findfp.o)
                0x0000000000004d84                __sinit_lock_release
 .text.__fp_lock_all
                0x0000000000004d88       0x18 a:/intelfpga_lite/nios2eds/bin/gnu/h-x86_64-mingw32/bin/../lib/gcc/nios2-elf/5.3.0/../../../../../H-x86_64-mingw32/nios2-elf/lib/mhw-mulx\libc.a(lib_a-findfp.o)
                0x0000000000004d88                __fp_lock_all
 .text.__fp_unlock_all
                0x0000000000004da0       0x18 a:/intelfpga_lite/nios2eds/bin/gnu/h-x86_64-mingw32/bin/../lib/gcc/nios2-elf/5.3.0/../../../../../H-x86_64-mingw32/nios2-elf/lib/mhw-mulx\libc.a(lib_a-findfp.o)
                0x0000000000004da0                __fp_unlock_all
 .text          0x0000000000004db8        0x0 a:/intelfpga_lite/nios2eds/bin/gnu/h-x86_64-mingw32/bin/../lib/gcc/nios2-elf/5.3.0/../../../../../H-x86_64-mingw32/nios2-elf/lib/mhw-mulx\libc.a(lib_a-freer.o)
 .text._malloc_trim_r
                0x0000000000004db8      0x124 a:/intelfpga_lite/nios2eds/bin/gnu/h-x86_64-mingw32/bin/../lib/gcc/nios2-elf/5.3.0/../../../../../H-x86_64-mingw32/nios2-elf/lib/mhw-mulx\libc.a(lib_a-freer.o)
                0x0000000000004db8                _malloc_trim_r
 .text._free_r  0x0000000000004edc      0x310 a:/intelfpga_lite/nios2eds/bin/gnu/h-x86_64-mingw32/bin/../lib/gcc/nios2-elf/5.3.0/../../../../../H-x86_64-mingw32/nios2-elf/lib/mhw-mulx\libc.a(lib_a-freer.o)
                0x0000000000004edc                _free_r
 .text          0x00000000000051ec        0x0 a:/intelfpga_lite/nios2eds/bin/gnu/h-x86_64-mingw32/bin/../lib/gcc/nios2-elf/5.3.0/../../../../../H-x86_64-mingw32/nios2-elf/lib/mhw-mulx\libc.a(lib_a-fwalk.o)
 .text._fwalk   0x00000000000051ec       0xc4 a:/intelfpga_lite/nios2eds/bin/gnu/h-x86_64-mingw32/bin/../lib/gcc/nios2-elf/5.3.0/../../../../../H-x86_64-mingw32/nios2-elf/lib/mhw-mulx\libc.a(lib_a-fwalk.o)
                0x00000000000051ec                _fwalk
 .text._fwalk_reent
                0x00000000000052b0       0xc4 a:/intelfpga_lite/nios2eds/bin/gnu/h-x86_64-mingw32/bin/../lib/gcc/nios2-elf/5.3.0/../../../../../H-x86_64-mingw32/nios2-elf/lib/mhw-mulx\libc.a(lib_a-fwalk.o)
                0x00000000000052b0                _fwalk_reent
 .text          0x0000000000005374        0x0 a:/intelfpga_lite/nios2eds/bin/gnu/h-x86_64-mingw32/bin/../lib/gcc/nios2-elf/5.3.0/../../../../../H-x86_64-mingw32/nios2-elf/lib/mhw-mulx\libc.a(lib_a-impure.o)
 .text          0x0000000000005374        0x0 a:/intelfpga_lite/nios2eds/bin/gnu/h-x86_64-mingw32/bin/../lib/gcc/nios2-elf/5.3.0/../../../../../H-x86_64-mingw32/nios2-elf/lib/mhw-mulx\libc.a(lib_a-locale.o)
 .text._setlocale_r
                0x0000000000005374       0x7c a:/intelfpga_lite/nios2eds/bin/gnu/h-x86_64-mingw32/bin/../lib/gcc/nios2-elf/5.3.0/../../../../../H-x86_64-mingw32/nios2-elf/lib/mhw-mulx\libc.a(lib_a-locale.o)
                0x0000000000005374                _setlocale_r
 .text.__locale_charset
                0x00000000000053f0        0xc a:/intelfpga_lite/nios2eds/bin/gnu/h-x86_64-mingw32/bin/../lib/gcc/nios2-elf/5.3.0/../../../../../H-x86_64-mingw32/nios2-elf/lib/mhw-mulx\libc.a(lib_a-locale.o)
                0x00000000000053f0                __locale_charset
 .text.__locale_mb_cur_max
                0x00000000000053fc       0x10 a:/intelfpga_lite/nios2eds/bin/gnu/h-x86_64-mingw32/bin/../lib/gcc/nios2-elf/5.3.0/../../../../../H-x86_64-mingw32/nios2-elf/lib/mhw-mulx\libc.a(lib_a-locale.o)
                0x00000000000053fc                __locale_mb_cur_max
 .text.__locale_msgcharset
                0x000000000000540c        0xc a:/intelfpga_lite/nios2eds/bin/gnu/h-x86_64-mingw32/bin/../lib/gcc/nios2-elf/5.3.0/../../../../../H-x86_64-mingw32/nios2-elf/lib/mhw-mulx\libc.a(lib_a-locale.o)
                0x000000000000540c                __locale_msgcharset
 .text.__locale_cjk_lang
                0x0000000000005418        0x8 a:/intelfpga_lite/nios2eds/bin/gnu/h-x86_64-mingw32/bin/../lib/gcc/nios2-elf/5.3.0/../../../../../H-x86_64-mingw32/nios2-elf/lib/mhw-mulx\libc.a(lib_a-locale.o)
                0x0000000000005418                __locale_cjk_lang
 .text._localeconv_r
                0x0000000000005420        0xc a:/intelfpga_lite/nios2eds/bin/gnu/h-x86_64-mingw32/bin/../lib/gcc/nios2-elf/5.3.0/../../../../../H-x86_64-mingw32/nios2-elf/lib/mhw-mulx\libc.a(lib_a-locale.o)
                0x0000000000005420                _localeconv_r
 .text.setlocale
                0x000000000000542c       0x18 a:/intelfpga_lite/nios2eds/bin/gnu/h-x86_64-mingw32/bin/../lib/gcc/nios2-elf/5.3.0/../../../../../H-x86_64-mingw32/nios2-elf/lib/mhw-mulx\libc.a(lib_a-locale.o)
                0x000000000000542c                setlocale
 .text.localeconv
                0x0000000000005444        0xc a:/intelfpga_lite/nios2eds/bin/gnu/h-x86_64-mingw32/bin/../lib/gcc/nios2-elf/5.3.0/../../../../../H-x86_64-mingw32/nios2-elf/lib/mhw-mulx\libc.a(lib_a-locale.o)
                0x0000000000005444                localeconv
 .text          0x0000000000005450        0x0 a:/intelfpga_lite/nios2eds/bin/gnu/h-x86_64-mingw32/bin/../lib/gcc/nios2-elf/5.3.0/../../../../../H-x86_64-mingw32/nios2-elf/lib/mhw-mulx\libc.a(lib_a-makebuf.o)
 .text.__smakebuf_r
                0x0000000000005450      0x1bc a:/intelfpga_lite/nios2eds/bin/gnu/h-x86_64-mingw32/bin/../lib/gcc/nios2-elf/5.3.0/../../../../../H-x86_64-mingw32/nios2-elf/lib/mhw-mulx\libc.a(lib_a-makebuf.o)
                0x0000000000005450                __smakebuf_r
 .text          0x000000000000560c        0x0 a:/intelfpga_lite/nios2eds/bin/gnu/h-x86_64-mingw32/bin/../lib/gcc/nios2-elf/5.3.0/../../../../../H-x86_64-mingw32/nios2-elf/lib/mhw-mulx\libc.a(lib_a-mallocr.o)
 .text._malloc_r
                0x000000000000560c      0x80c a:/intelfpga_lite/nios2eds/bin/gnu/h-x86_64-mingw32/bin/../lib/gcc/nios2-elf/5.3.0/../../../../../H-x86_64-mingw32/nios2-elf/lib/mhw-mulx\libc.a(lib_a-mallocr.o)
                0x000000000000560c                _malloc_r
 .text          0x0000000000005e18        0x0 a:/intelfpga_lite/nios2eds/bin/gnu/h-x86_64-mingw32/bin/../lib/gcc/nios2-elf/5.3.0/../../../../../H-x86_64-mingw32/nios2-elf/lib/mhw-mulx\libc.a(lib_a-memchr.o)
 .text.memchr   0x0000000000005e18       0xe4 a:/intelfpga_lite/nios2eds/bin/gnu/h-x86_64-mingw32/bin/../lib/gcc/nios2-elf/5.3.0/../../../../../H-x86_64-mingw32/nios2-elf/lib/mhw-mulx\libc.a(lib_a-memchr.o)
                0x0000000000005e18                memchr
 .text          0x0000000000005efc        0x0 a:/intelfpga_lite/nios2eds/bin/gnu/h-x86_64-mingw32/bin/../lib/gcc/nios2-elf/5.3.0/../../../../../H-x86_64-mingw32/nios2-elf/lib/mhw-mulx\libc.a(lib_a-memcpy.o)
 .text.memcpy   0x0000000000005efc      0x148 a:/intelfpga_lite/nios2eds/bin/gnu/h-x86_64-mingw32/bin/../lib/gcc/nios2-elf/5.3.0/../../../../../H-x86_64-mingw32/nios2-elf/lib/mhw-mulx\libc.a(lib_a-memcpy.o)
                0x0000000000005efc                memcpy
 .text          0x0000000000006044        0x0 a:/intelfpga_lite/nios2eds/bin/gnu/h-x86_64-mingw32/bin/../lib/gcc/nios2-elf/5.3.0/../../../../../H-x86_64-mingw32/nios2-elf/lib/mhw-mulx\libc.a(lib_a-memset.o)
 .text.memset   0x0000000000006044      0x128 a:/intelfpga_lite/nios2eds/bin/gnu/h-x86_64-mingw32/bin/../lib/gcc/nios2-elf/5.3.0/../../../../../H-x86_64-mingw32/nios2-elf/lib/mhw-mulx\libc.a(lib_a-memset.o)
                0x0000000000006044                memset
 .text          0x000000000000616c        0x0 a:/intelfpga_lite/nios2eds/bin/gnu/h-x86_64-mingw32/bin/../lib/gcc/nios2-elf/5.3.0/../../../../../H-x86_64-mingw32/nios2-elf/lib/mhw-mulx\libc.a(lib_a-mprec.o)
 .text._Balloc  0x000000000000616c       0xa8 a:/intelfpga_lite/nios2eds/bin/gnu/h-x86_64-mingw32/bin/../lib/gcc/nios2-elf/5.3.0/../../../../../H-x86_64-mingw32/nios2-elf/lib/mhw-mulx\libc.a(lib_a-mprec.o)
                0x000000000000616c                _Balloc
 .text._Bfree   0x0000000000006214       0x28 a:/intelfpga_lite/nios2eds/bin/gnu/h-x86_64-mingw32/bin/../lib/gcc/nios2-elf/5.3.0/../../../../../H-x86_64-mingw32/nios2-elf/lib/mhw-mulx\libc.a(lib_a-mprec.o)
                0x0000000000006214                _Bfree
 .text.__multadd
                0x000000000000623c      0x120 a:/intelfpga_lite/nios2eds/bin/gnu/h-x86_64-mingw32/bin/../lib/gcc/nios2-elf/5.3.0/../../../../../H-x86_64-mingw32/nios2-elf/lib/mhw-mulx\libc.a(lib_a-mprec.o)
                0x000000000000623c                __multadd
 .text.__s2b    0x000000000000635c      0x104 a:/intelfpga_lite/nios2eds/bin/gnu/h-x86_64-mingw32/bin/../lib/gcc/nios2-elf/5.3.0/../../../../../H-x86_64-mingw32/nios2-elf/lib/mhw-mulx\libc.a(lib_a-mprec.o)
                0x000000000000635c                __s2b
 .text.__hi0bits
                0x0000000000006460       0x68 a:/intelfpga_lite/nios2eds/bin/gnu/h-x86_64-mingw32/bin/../lib/gcc/nios2-elf/5.3.0/../../../../../H-x86_64-mingw32/nios2-elf/lib/mhw-mulx\libc.a(lib_a-mprec.o)
                0x0000000000006460                __hi0bits
 .text.__lo0bits
                0x00000000000064c8       0xb0 a:/intelfpga_lite/nios2eds/bin/gnu/h-x86_64-mingw32/bin/../lib/gcc/nios2-elf/5.3.0/../../../../../H-x86_64-mingw32/nios2-elf/lib/mhw-mulx\libc.a(lib_a-mprec.o)
                0x00000000000064c8                __lo0bits
 .text.__i2b    0x0000000000006578       0x3c a:/intelfpga_lite/nios2eds/bin/gnu/h-x86_64-mingw32/bin/../lib/gcc/nios2-elf/5.3.0/../../../../../H-x86_64-mingw32/nios2-elf/lib/mhw-mulx\libc.a(lib_a-mprec.o)
                0x0000000000006578                __i2b
 .text.__multiply
                0x00000000000065b4      0x1f8 a:/intelfpga_lite/nios2eds/bin/gnu/h-x86_64-mingw32/bin/../lib/gcc/nios2-elf/5.3.0/../../../../../H-x86_64-mingw32/nios2-elf/lib/mhw-mulx\libc.a(lib_a-mprec.o)
                0x00000000000065b4                __multiply
 .text.__pow5mult
                0x00000000000067ac      0x140 a:/intelfpga_lite/nios2eds/bin/gnu/h-x86_64-mingw32/bin/../lib/gcc/nios2-elf/5.3.0/../../../../../H-x86_64-mingw32/nios2-elf/lib/mhw-mulx\libc.a(lib_a-mprec.o)
                0x00000000000067ac                __pow5mult
 .text.__lshift
                0x00000000000068ec      0x148 a:/intelfpga_lite/nios2eds/bin/gnu/h-x86_64-mingw32/bin/../lib/gcc/nios2-elf/5.3.0/../../../../../H-x86_64-mingw32/nios2-elf/lib/mhw-mulx\libc.a(lib_a-mprec.o)
                0x00000000000068ec                __lshift
 .text.__mcmp   0x0000000000006a34       0x60 a:/intelfpga_lite/nios2eds/bin/gnu/h-x86_64-mingw32/bin/../lib/gcc/nios2-elf/5.3.0/../../../../../H-x86_64-mingw32/nios2-elf/lib/mhw-mulx\libc.a(lib_a-mprec.o)
                0x0000000000006a34                __mcmp
 .text.__mdiff  0x0000000000006a94      0x1fc a:/intelfpga_lite/nios2eds/bin/gnu/h-x86_64-mingw32/bin/../lib/gcc/nios2-elf/5.3.0/../../../../../H-x86_64-mingw32/nios2-elf/lib/mhw-mulx\libc.a(lib_a-mprec.o)
                0x0000000000006a94                __mdiff
 .text.__ulp    0x0000000000006c90       0x64 a:/intelfpga_lite/nios2eds/bin/gnu/h-x86_64-mingw32/bin/../lib/gcc/nios2-elf/5.3.0/../../../../../H-x86_64-mingw32/nios2-elf/lib/mhw-mulx\libc.a(lib_a-mprec.o)
                0x0000000000006c90                __ulp
 .text.__b2d    0x0000000000006cf4      0x10c a:/intelfpga_lite/nios2eds/bin/gnu/h-x86_64-mingw32/bin/../lib/gcc/nios2-elf/5.3.0/../../../../../H-x86_64-mingw32/nios2-elf/lib/mhw-mulx\libc.a(lib_a-mprec.o)
                0x0000000000006cf4                __b2d
 .text.__d2b    0x0000000000006e00      0x14c a:/intelfpga_lite/nios2eds/bin/gnu/h-x86_64-mingw32/bin/../lib/gcc/nios2-elf/5.3.0/../../../../../H-x86_64-mingw32/nios2-elf/lib/mhw-mulx\libc.a(lib_a-mprec.o)
                0x0000000000006e00                __d2b
 .text.__ratio  0x0000000000006f4c       0xa4 a:/intelfpga_lite/nios2eds/bin/gnu/h-x86_64-mingw32/bin/../lib/gcc/nios2-elf/5.3.0/../../../../../H-x86_64-mingw32/nios2-elf/lib/mhw-mulx\libc.a(lib_a-mprec.o)
                0x0000000000006f4c                __ratio
 .text._mprec_log10
                0x0000000000006ff0       0x74 a:/intelfpga_lite/nios2eds/bin/gnu/h-x86_64-mingw32/bin/../lib/gcc/nios2-elf/5.3.0/../../../../../H-x86_64-mingw32/nios2-elf/lib/mhw-mulx\libc.a(lib_a-mprec.o)
                0x0000000000006ff0                _mprec_log10
 .text.__copybits
                0x0000000000007064       0x78 a:/intelfpga_lite/nios2eds/bin/gnu/h-x86_64-mingw32/bin/../lib/gcc/nios2-elf/5.3.0/../../../../../H-x86_64-mingw32/nios2-elf/lib/mhw-mulx\libc.a(lib_a-mprec.o)
                0x0000000000007064                __copybits
 .text.__any_on
                0x00000000000070dc       0x8c a:/intelfpga_lite/nios2eds/bin/gnu/h-x86_64-mingw32/bin/../lib/gcc/nios2-elf/5.3.0/../../../../../H-x86_64-mingw32/nios2-elf/lib/mhw-mulx\libc.a(lib_a-mprec.o)
                0x00000000000070dc                __any_on
 .text          0x0000000000007168        0x0 a:/intelfpga_lite/nios2eds/bin/gnu/h-x86_64-mingw32/bin/../lib/gcc/nios2-elf/5.3.0/../../../../../H-x86_64-mingw32/nios2-elf/lib/mhw-mulx\libc.a(lib_a-s_fpclassify.o)
 .text.__fpclassifyd
                0x0000000000007168       0x74 a:/intelfpga_lite/nios2eds/bin/gnu/h-x86_64-mingw32/bin/../lib/gcc/nios2-elf/5.3.0/../../../../../H-x86_64-mingw32/nios2-elf/lib/mhw-mulx\libc.a(lib_a-s_fpclassify.o)
                0x0000000000007168                __fpclassifyd
 .text          0x00000000000071dc        0x0 a:/intelfpga_lite/nios2eds/bin/gnu/h-x86_64-mingw32/bin/../lib/gcc/nios2-elf/5.3.0/../../../../../H-x86_64-mingw32/nios2-elf/lib/mhw-mulx\libc.a(lib_a-sbrkr.o)
 .text._sbrk_r  0x00000000000071dc       0x54 a:/intelfpga_lite/nios2eds/bin/gnu/h-x86_64-mingw32/bin/../lib/gcc/nios2-elf/5.3.0/../../../../../H-x86_64-mingw32/nios2-elf/lib/mhw-mulx\libc.a(lib_a-sbrkr.o)
                0x00000000000071dc                _sbrk_r
 .text          0x0000000000007230        0x0 a:/intelfpga_lite/nios2eds/bin/gnu/h-x86_64-mingw32/bin/../lib/gcc/nios2-elf/5.3.0/../../../../../H-x86_64-mingw32/nios2-elf/lib/mhw-mulx\libc.a(lib_a-stdio.o)
 .text.__sread  0x0000000000007230       0x54 a:/intelfpga_lite/nios2eds/bin/gnu/h-x86_64-mingw32/bin/../lib/gcc/nios2-elf/5.3.0/../../../../../H-x86_64-mingw32/nios2-elf/lib/mhw-mulx\libc.a(lib_a-stdio.o)
                0x0000000000007230                __sread
 .text.__seofread
                0x0000000000007284        0x8 a:/intelfpga_lite/nios2eds/bin/gnu/h-x86_64-mingw32/bin/../lib/gcc/nios2-elf/5.3.0/../../../../../H-x86_64-mingw32/nios2-elf/lib/mhw-mulx\libc.a(lib_a-stdio.o)
                0x0000000000007284                __seofread
 .text.__swrite
                0x000000000000728c       0x7c a:/intelfpga_lite/nios2eds/bin/gnu/h-x86_64-mingw32/bin/../lib/gcc/nios2-elf/5.3.0/../../../../../H-x86_64-mingw32/nios2-elf/lib/mhw-mulx\libc.a(lib_a-stdio.o)
                0x000000000000728c                __swrite
 .text.__sseek  0x0000000000007308       0x5c a:/intelfpga_lite/nios2eds/bin/gnu/h-x86_64-mingw32/bin/../lib/gcc/nios2-elf/5.3.0/../../../../../H-x86_64-mingw32/nios2-elf/lib/mhw-mulx\libc.a(lib_a-stdio.o)
                0x0000000000007308                __sseek
 .text.__sclose
                0x0000000000007364        0x8 a:/intelfpga_lite/nios2eds/bin/gnu/h-x86_64-mingw32/bin/../lib/gcc/nios2-elf/5.3.0/../../../../../H-x86_64-mingw32/nios2-elf/lib/mhw-mulx\libc.a(lib_a-stdio.o)
                0x0000000000007364                __sclose
 .text          0x000000000000736c        0x0 a:/intelfpga_lite/nios2eds/bin/gnu/h-x86_64-mingw32/bin/../lib/gcc/nios2-elf/5.3.0/../../../../../H-x86_64-mingw32/nios2-elf/lib/mhw-mulx\libc.a(lib_a-strcmp.o)
 .text.strcmp   0x000000000000736c       0xdc a:/intelfpga_lite/nios2eds/bin/gnu/h-x86_64-mingw32/bin/../lib/gcc/nios2-elf/5.3.0/../../../../../H-x86_64-mingw32/nios2-elf/lib/mhw-mulx\libc.a(lib_a-strcmp.o)
                0x000000000000736c                strcmp
 .text          0x0000000000007448        0x0 a:/intelfpga_lite/nios2eds/bin/gnu/h-x86_64-mingw32/bin/../lib/gcc/nios2-elf/5.3.0/../../../../../H-x86_64-mingw32/nios2-elf/lib/mhw-mulx\libc.a(lib_a-strlen.o)
 .text.strlen   0x0000000000007448       0x98 a:/intelfpga_lite/nios2eds/bin/gnu/h-x86_64-mingw32/bin/../lib/gcc/nios2-elf/5.3.0/../../../../../H-x86_64-mingw32/nios2-elf/lib/mhw-mulx\libc.a(lib_a-strlen.o)
                0x0000000000007448                strlen
 .text          0x00000000000074e0        0x0 a:/intelfpga_lite/nios2eds/bin/gnu/h-x86_64-mingw32/bin/../lib/gcc/nios2-elf/5.3.0/../../../../../H-x86_64-mingw32/nios2-elf/lib/mhw-mulx\libc.a(lib_a-vfiprintf.o)
 .text.__sprint_r.part.0
                0x00000000000074e0       0xfc a:/intelfpga_lite/nios2eds/bin/gnu/h-x86_64-mingw32/bin/../lib/gcc/nios2-elf/5.3.0/../../../../../H-x86_64-mingw32/nios2-elf/lib/mhw-mulx\libc.a(lib_a-vfiprintf.o)
 .text.__sprint_r
                0x00000000000075dc       0x18 a:/intelfpga_lite/nios2eds/bin/gnu/h-x86_64-mingw32/bin/../lib/gcc/nios2-elf/5.3.0/../../../../../H-x86_64-mingw32/nios2-elf/lib/mhw-mulx\libc.a(lib_a-vfiprintf.o)
                0x00000000000075dc                __sprint_r
 .text.___vfiprintf_internal_r
                0x00000000000075f4     0x145c a:/intelfpga_lite/nios2eds/bin/gnu/h-x86_64-mingw32/bin/../lib/gcc/nios2-elf/5.3.0/../../../../../H-x86_64-mingw32/nios2-elf/lib/mhw-mulx\libc.a(lib_a-vfiprintf.o)
                0x00000000000075f4                ___vfiprintf_internal_r
 .text.__vfiprintf_internal
                0x0000000000008a50       0x1c a:/intelfpga_lite/nios2eds/bin/gnu/h-x86_64-mingw32/bin/../lib/gcc/nios2-elf/5.3.0/../../../../../H-x86_64-mingw32/nios2-elf/lib/mhw-mulx\libc.a(lib_a-vfiprintf.o)
                0x0000000000008a50                __vfiprintf_internal
 .text.__sbprintf
                0x0000000000008a6c       0xbc a:/intelfpga_lite/nios2eds/bin/gnu/h-x86_64-mingw32/bin/../lib/gcc/nios2-elf/5.3.0/../../../../../H-x86_64-mingw32/nios2-elf/lib/mhw-mulx\libc.a(lib_a-vfiprintf.o)
 .text          0x0000000000008b28        0x0 a:/intelfpga_lite/nios2eds/bin/gnu/h-x86_64-mingw32/bin/../lib/gcc/nios2-elf/5.3.0/../../../../../H-x86_64-mingw32/nios2-elf/lib/mhw-mulx\libc.a(lib_a-writer.o)
 .text._write_r
                0x0000000000008b28       0x60 a:/intelfpga_lite/nios2eds/bin/gnu/h-x86_64-mingw32/bin/../lib/gcc/nios2-elf/5.3.0/../../../../../H-x86_64-mingw32/nios2-elf/lib/mhw-mulx\libc.a(lib_a-writer.o)
                0x0000000000008b28                _write_r
 .text          0x0000000000008b88        0x0 a:/intelfpga_lite/nios2eds/bin/gnu/h-x86_64-mingw32/bin/../lib/gcc/nios2-elf/5.3.0/../../../../../H-x86_64-mingw32/nios2-elf/lib/mhw-mulx\libc.a(closer.o)
 .text._close_r
                0x0000000000008b88       0x54 a:/intelfpga_lite/nios2eds/bin/gnu/h-x86_64-mingw32/bin/../lib/gcc/nios2-elf/5.3.0/../../../../../H-x86_64-mingw32/nios2-elf/lib/mhw-mulx\libc.a(closer.o)
                0x0000000000008b88                _close_r
 .text          0x0000000000008bdc        0x0 a:/intelfpga_lite/nios2eds/bin/gnu/h-x86_64-mingw32/bin/../lib/gcc/nios2-elf/5.3.0/../../../../../H-x86_64-mingw32/nios2-elf/lib/mhw-mulx\libc.a(lib_a-callocr.o)
 .text._calloc_r
                0x0000000000008bdc       0xc4 a:/intelfpga_lite/nios2eds/bin/gnu/h-x86_64-mingw32/bin/../lib/gcc/nios2-elf/5.3.0/../../../../../H-x86_64-mingw32/nios2-elf/lib/mhw-mulx\libc.a(lib_a-callocr.o)
                0x0000000000008bdc                _calloc_r
 .text          0x0000000000008ca0        0x0 a:/intelfpga_lite/nios2eds/bin/gnu/h-x86_64-mingw32/bin/../lib/gcc/nios2-elf/5.3.0/../../../../../H-x86_64-mingw32/nios2-elf/lib/mhw-mulx\libc.a(lib_a-fclose.o)
 .text._fclose_r
                0x0000000000008ca0       0xf0 a:/intelfpga_lite/nios2eds/bin/gnu/h-x86_64-mingw32/bin/../lib/gcc/nios2-elf/5.3.0/../../../../../H-x86_64-mingw32/nios2-elf/lib/mhw-mulx\libc.a(lib_a-fclose.o)
                0x0000000000008ca0                _fclose_r
 .text.fclose   0x0000000000008d90       0x14 a:/intelfpga_lite/nios2eds/bin/gnu/h-x86_64-mingw32/bin/../lib/gcc/nios2-elf/5.3.0/../../../../../H-x86_64-mingw32/nios2-elf/lib/mhw-mulx\libc.a(lib_a-fclose.o)
                0x0000000000008d90                fclose
 .text          0x0000000000008da4        0x0 a:/intelfpga_lite/nios2eds/bin/gnu/h-x86_64-mingw32/bin/../lib/gcc/nios2-elf/5.3.0/../../../../../H-x86_64-mingw32/nios2-elf/lib/mhw-mulx\libc.a(lib_a-fputwc.o)
 .text.__fputwc
                0x0000000000008da4      0x164 a:/intelfpga_lite/nios2eds/bin/gnu/h-x86_64-mingw32/bin/../lib/gcc/nios2-elf/5.3.0/../../../../../H-x86_64-mingw32/nios2-elf/lib/mhw-mulx\libc.a(lib_a-fputwc.o)
                0x0000000000008da4                __fputwc
 .text._fputwc_r
                0x0000000000008f08       0x24 a:/intelfpga_lite/nios2eds/bin/gnu/h-x86_64-mingw32/bin/../lib/gcc/nios2-elf/5.3.0/../../../../../H-x86_64-mingw32/nios2-elf/lib/mhw-mulx\libc.a(lib_a-fputwc.o)
                0x0000000000008f08                _fputwc_r
 .text.fputwc   0x0000000000008f2c       0x80 a:/intelfpga_lite/nios2eds/bin/gnu/h-x86_64-mingw32/bin/../lib/gcc/nios2-elf/5.3.0/../../../../../H-x86_64-mingw32/nios2-elf/lib/mhw-mulx\libc.a(lib_a-fputwc.o)
                0x0000000000008f2c                fputwc
 .text          0x0000000000008fac        0x0 a:/intelfpga_lite/nios2eds/bin/gnu/h-x86_64-mingw32/bin/../lib/gcc/nios2-elf/5.3.0/../../../../../H-x86_64-mingw32/nios2-elf/lib/mhw-mulx\libc.a(lib_a-fstatr.o)
 .text._fstat_r
                0x0000000000008fac       0x5c a:/intelfpga_lite/nios2eds/bin/gnu/h-x86_64-mingw32/bin/../lib/gcc/nios2-elf/5.3.0/../../../../../H-x86_64-mingw32/nios2-elf/lib/mhw-mulx\libc.a(lib_a-fstatr.o)
                0x0000000000008fac                _fstat_r
 .text          0x0000000000009008        0x0 a:/intelfpga_lite/nios2eds/bin/gnu/h-x86_64-mingw32/bin/../lib/gcc/nios2-elf/5.3.0/../../../../../H-x86_64-mingw32/nios2-elf/lib/mhw-mulx\libc.a(lib_a-fvwrite.o)
 .text.__sfvwrite_r
                0x0000000000009008      0x4bc a:/intelfpga_lite/nios2eds/bin/gnu/h-x86_64-mingw32/bin/../lib/gcc/nios2-elf/5.3.0/../../../../../H-x86_64-mingw32/nios2-elf/lib/mhw-mulx\libc.a(lib_a-fvwrite.o)
                0x0000000000009008                __sfvwrite_r
 .text          0x00000000000094c4        0x0 a:/intelfpga_lite/nios2eds/bin/gnu/h-x86_64-mingw32/bin/../lib/gcc/nios2-elf/5.3.0/../../../../../H-x86_64-mingw32/nios2-elf/lib/mhw-mulx\libc.a(lib_a-int_errno.o)
 .text          0x00000000000094c4        0x0 a:/intelfpga_lite/nios2eds/bin/gnu/h-x86_64-mingw32/bin/../lib/gcc/nios2-elf/5.3.0/../../../../../H-x86_64-mingw32/nios2-elf/lib/mhw-mulx\libc.a(lib_a-isattyr.o)
 .text._isatty_r
                0x00000000000094c4       0x54 a:/intelfpga_lite/nios2eds/bin/gnu/h-x86_64-mingw32/bin/../lib/gcc/nios2-elf/5.3.0/../../../../../H-x86_64-mingw32/nios2-elf/lib/mhw-mulx\libc.a(lib_a-isattyr.o)
                0x00000000000094c4                _isatty_r
 .text          0x0000000000009518        0x0 a:/intelfpga_lite/nios2eds/bin/gnu/h-x86_64-mingw32/bin/../lib/gcc/nios2-elf/5.3.0/../../../../../H-x86_64-mingw32/nios2-elf/lib/mhw-mulx\libc.a(lib_a-lseekr.o)
 .text._lseek_r
                0x0000000000009518       0x60 a:/intelfpga_lite/nios2eds/bin/gnu/h-x86_64-mingw32/bin/../lib/gcc/nios2-elf/5.3.0/../../../../../H-x86_64-mingw32/nios2-elf/lib/mhw-mulx\libc.a(lib_a-lseekr.o)
                0x0000000000009518                _lseek_r
 .text          0x0000000000009578        0x0 a:/intelfpga_lite/nios2eds/bin/gnu/h-x86_64-mingw32/bin/../lib/gcc/nios2-elf/5.3.0/../../../../../H-x86_64-mingw32/nios2-elf/lib/mhw-mulx\libc.a(lib_a-memmove.o)
 .text.memmove  0x0000000000009578      0x15c a:/intelfpga_lite/nios2eds/bin/gnu/h-x86_64-mingw32/bin/../lib/gcc/nios2-elf/5.3.0/../../../../../H-x86_64-mingw32/nios2-elf/lib/mhw-mulx\libc.a(lib_a-memmove.o)
                0x0000000000009578                memmove
 .text          0x00000000000096d4        0x0 a:/intelfpga_lite/nios2eds/bin/gnu/h-x86_64-mingw32/bin/../lib/gcc/nios2-elf/5.3.0/../../../../../H-x86_64-mingw32/nios2-elf/lib/mhw-mulx\libc.a(lib_a-readr.o)
 .text._read_r  0x00000000000096d4       0x60 a:/intelfpga_lite/nios2eds/bin/gnu/h-x86_64-mingw32/bin/../lib/gcc/nios2-elf/5.3.0/../../../../../H-x86_64-mingw32/nios2-elf/lib/mhw-mulx\libc.a(lib_a-readr.o)
                0x00000000000096d4                _read_r
 .text          0x0000000000009734        0x0 a:/intelfpga_lite/nios2eds/bin/gnu/h-x86_64-mingw32/bin/../lib/gcc/nios2-elf/5.3.0/../../../../../H-x86_64-mingw32/nios2-elf/lib/mhw-mulx\libc.a(lib_a-reallocr.o)
 .text._realloc_r
                0x0000000000009734      0x564 a:/intelfpga_lite/nios2eds/bin/gnu/h-x86_64-mingw32/bin/../lib/gcc/nios2-elf/5.3.0/../../../../../H-x86_64-mingw32/nios2-elf/lib/mhw-mulx\libc.a(lib_a-reallocr.o)
                0x0000000000009734                _realloc_r
 .text          0x0000000000009c98        0x0 a:/intelfpga_lite/nios2eds/bin/gnu/h-x86_64-mingw32/bin/../lib/gcc/nios2-elf/5.3.0/../../../../../H-x86_64-mingw32/nios2-elf/lib/mhw-mulx\libc.a(lib_a-wbuf.o)
 .text.__swbuf_r
                0x0000000000009c98      0x140 a:/intelfpga_lite/nios2eds/bin/gnu/h-x86_64-mingw32/bin/../lib/gcc/nios2-elf/5.3.0/../../../../../H-x86_64-mingw32/nios2-elf/lib/mhw-mulx\libc.a(lib_a-wbuf.o)
                0x0000000000009c98                __swbuf_r
 .text.__swbuf  0x0000000000009dd8       0x18 a:/intelfpga_lite/nios2eds/bin/gnu/h-x86_64-mingw32/bin/../lib/gcc/nios2-elf/5.3.0/../../../../../H-x86_64-mingw32/nios2-elf/lib/mhw-mulx\libc.a(lib_a-wbuf.o)
                0x0000000000009dd8                __swbuf
 .text          0x0000000000009df0        0x0 a:/intelfpga_lite/nios2eds/bin/gnu/h-x86_64-mingw32/bin/../lib/gcc/nios2-elf/5.3.0/../../../../../H-x86_64-mingw32/nios2-elf/lib/mhw-mulx\libc.a(lib_a-wcrtomb.o)
 .text._wcrtomb_r
                0x0000000000009df0       0x9c a:/intelfpga_lite/nios2eds/bin/gnu/h-x86_64-mingw32/bin/../lib/gcc/nios2-elf/5.3.0/../../../../../H-x86_64-mingw32/nios2-elf/lib/mhw-mulx\libc.a(lib_a-wcrtomb.o)
                0x0000000000009df0                _wcrtomb_r
 .text.wcrtomb  0x0000000000009e8c       0xc0 a:/intelfpga_lite/nios2eds/bin/gnu/h-x86_64-mingw32/bin/../lib/gcc/nios2-elf/5.3.0/../../../../../H-x86_64-mingw32/nios2-elf/lib/mhw-mulx\libc.a(lib_a-wcrtomb.o)
                0x0000000000009e8c                wcrtomb
 .text          0x0000000000009f4c        0x0 a:/intelfpga_lite/nios2eds/bin/gnu/h-x86_64-mingw32/bin/../lib/gcc/nios2-elf/5.3.0/../../../../../H-x86_64-mingw32/nios2-elf/lib/mhw-mulx\libc.a(lib_a-wctomb_r.o)
 .text.__ascii_wctomb
                0x0000000000009f4c       0x30 a:/intelfpga_lite/nios2eds/bin/gnu/h-x86_64-mingw32/bin/../lib/gcc/nios2-elf/5.3.0/../../../../../H-x86_64-mingw32/nios2-elf/lib/mhw-mulx\libc.a(lib_a-wctomb_r.o)
                0x0000000000009f4c                __ascii_wctomb
 .text._wctomb_r
                0x0000000000009f7c       0x5c a:/intelfpga_lite/nios2eds/bin/gnu/h-x86_64-mingw32/bin/../lib/gcc/nios2-elf/5.3.0/../../../../../H-x86_64-mingw32/nios2-elf/lib/mhw-mulx\libc.a(lib_a-wctomb_r.o)
                0x0000000000009f7c                _wctomb_r
 .text          0x0000000000009fd8      0x578 a:/intelfpga_lite/nios2eds/bin/gnu/h-x86_64-mingw32/bin/../lib/gcc/nios2-elf/5.3.0/mhw-mulx\libgcc.a(_udivdi3.o)
                0x0000000000009fd8                __udivdi3
 .text          0x000000000000a550      0x538 a:/intelfpga_lite/nios2eds/bin/gnu/h-x86_64-mingw32/bin/../lib/gcc/nios2-elf/5.3.0/mhw-mulx\libgcc.a(_umoddi3.o)
                0x000000000000a550                __umoddi3
 .text          0x000000000000aa88      0x1b4 a:/intelfpga_lite/nios2eds/bin/gnu/h-x86_64-mingw32/bin/../lib/gcc/nios2-elf/5.3.0/mhw-mulx\libgcc.a(lib2-divmod.o)
                0x000000000000aa88                __divsi3
                0x000000000000ab0c                __modsi3
                0x000000000000ab80                __udivsi3
                0x000000000000abe4                __umodsi3
 .text          0x000000000000ac3c      0x8ac a:/intelfpga_lite/nios2eds/bin/gnu/h-x86_64-mingw32/bin/../lib/gcc/nios2-elf/5.3.0/mhw-mulx\libgcc.a(adddf3.o)
                0x000000000000ac3c                __adddf3
 .text          0x000000000000b4e8      0x8e8 a:/intelfpga_lite/nios2eds/bin/gnu/h-x86_64-mingw32/bin/../lib/gcc/nios2-elf/5.3.0/mhw-mulx\libgcc.a(divdf3.o)
                0x000000000000b4e8                __divdf3
 .text          0x000000000000bdd0       0x88 a:/intelfpga_lite/nios2eds/bin/gnu/h-x86_64-mingw32/bin/../lib/gcc/nios2-elf/5.3.0/mhw-mulx\libgcc.a(eqdf2.o)
                0x000000000000bdd0                __nedf2
                0x000000000000bdd0                __eqdf2
 .text          0x000000000000be58       0xdc a:/intelfpga_lite/nios2eds/bin/gnu/h-x86_64-mingw32/bin/../lib/gcc/nios2-elf/5.3.0/mhw-mulx\libgcc.a(gedf2.o)
                0x000000000000be58                __gedf2
                0x000000000000be58                __gtdf2
 .text          0x000000000000bf34       0xf4 a:/intelfpga_lite/nios2eds/bin/gnu/h-x86_64-mingw32/bin/../lib/gcc/nios2-elf/5.3.0/mhw-mulx\libgcc.a(ledf2.o)
                0x000000000000bf34                __ledf2
                0x000000000000bf34                __ltdf2
 .text          0x000000000000c028      0x718 a:/intelfpga_lite/nios2eds/bin/gnu/h-x86_64-mingw32/bin/../lib/gcc/nios2-elf/5.3.0/mhw-mulx\libgcc.a(muldf3.o)
                0x000000000000c028                __muldf3
 .text          0x000000000000c740      0x8fc a:/intelfpga_lite/nios2eds/bin/gnu/h-x86_64-mingw32/bin/../lib/gcc/nios2-elf/5.3.0/mhw-mulx\libgcc.a(subdf3.o)
                0x000000000000c740                __subdf3
 .text          0x000000000000d03c       0x80 a:/intelfpga_lite/nios2eds/bin/gnu/h-x86_64-mingw32/bin/../lib/gcc/nios2-elf/5.3.0/mhw-mulx\libgcc.a(fixdfsi.o)
                0x000000000000d03c                __fixdfsi
 .text          0x000000000000d0bc       0xdc a:/intelfpga_lite/nios2eds/bin/gnu/h-x86_64-mingw32/bin/../lib/gcc/nios2-elf/5.3.0/mhw-mulx\libgcc.a(floatsidf.o)
                0x000000000000d0bc                __floatsidf
 .text          0x000000000000d198       0xa8 a:/intelfpga_lite/nios2eds/bin/gnu/h-x86_64-mingw32/bin/../lib/gcc/nios2-elf/5.3.0/mhw-mulx\libgcc.a(floatunsidf.o)
                0x000000000000d198                __floatunsidf
 .text          0x000000000000d240        0x0 a:/intelfpga_lite/nios2eds/bin/gnu/h-x86_64-mingw32/bin/../lib/gcc/nios2-elf/5.3.0/mhw-mulx\libgcc.a(_clz.o)
 .text          0x000000000000d240       0x64 a:/intelfpga_lite/nios2eds/bin/gnu/h-x86_64-mingw32/bin/../lib/gcc/nios2-elf/5.3.0/mhw-mulx\libgcc.a(_clzsi2.o)
                0x000000000000d240                __clzsi2
 .text          0x000000000000d2a4      0x10c ../assdasdads_bsp/\libucosii_bsp.a(alt_close.o)
                0x000000000000d2e0                close
 .text          0x000000000000d3b0       0x2c ../assdasdads_bsp/\libucosii_bsp.a(alt_dev.o)
 .text          0x000000000000d3dc        0x0 ../assdasdads_bsp/\libucosii_bsp.a(alt_errno.o)
 .text          0x000000000000d3dc       0xec ../assdasdads_bsp/\libucosii_bsp.a(alt_fstat.o)
                0x000000000000d418                fstat
 .text          0x000000000000d4c8       0xe0 ../assdasdads_bsp/\libucosii_bsp.a(alt_isatty.o)
                0x000000000000d504                isatty
 .text          0x000000000000d5a8       0xec ../assdasdads_bsp/\libucosii_bsp.a(alt_load.o)
                0x000000000000d610                alt_load
 .text          0x000000000000d694      0x110 ../assdasdads_bsp/\libucosii_bsp.a(alt_lseek.o)
                0x000000000000d6d0                lseek
 .text          0x000000000000d7a4       0xbc ../assdasdads_bsp/\libucosii_bsp.a(alt_main.o)
                0x000000000000d7a4                alt_main
 .text          0x000000000000d860      0x138 ../assdasdads_bsp/\libucosii_bsp.a(alt_read.o)
                0x000000000000d89c                read
 .text          0x000000000000d998       0x64 ../assdasdads_bsp/\libucosii_bsp.a(alt_release_fd.o)
                0x000000000000d998                alt_release_fd
 .text          0x000000000000d9fc       0xb0 ../assdasdads_bsp/\libucosii_bsp.a(alt_sbrk.o)
                0x000000000000d9fc                sbrk
 .text          0x000000000000daac      0x134 ../assdasdads_bsp/\libucosii_bsp.a(alt_write.o)
                0x000000000000dae8                write
 .text          0x000000000000dbe0      0x124 ../assdasdads_bsp/\libucosii_bsp.a(alt_env_lock.o)
                0x000000000000dbe0                __env_lock
                0x000000000000dca4                __env_unlock
 .text          0x000000000000dd04      0x1ec ../assdasdads_bsp/\libucosii_bsp.a(alt_malloc_lock.o)
                0x000000000000dd04                __malloc_lock
                0x000000000000de24                __malloc_unlock
 .text          0x000000000000def0     0x2024 ../assdasdads_bsp/\libucosii_bsp.a(os_core.o)
                0x000000000000def0                OSEventNameGet
                0x000000000000e010                OSEventNameSet
                0x000000000000e150                OSEventPendMulti
                0x000000000000e760                OSInit
                0x000000000000e7b8                OSIntEnter
                0x000000000000e804                OSIntExit
                0x000000000000e8fc                OSSchedLock
                0x000000000000e988                OSSchedUnlock
                0x000000000000ea64                OSStart
                0x000000000000ead4                OSStatInit
                0x000000000000eb84                OSTimeTick
                0x000000000000eda4                OSVersion
                0x000000000000edc4                OS_Dummy
                0x000000000000ede4                OS_EventTaskRdy
                0x000000000000ef7c                OS_EventTaskWait
                0x000000000000f08c                OS_EventTaskWaitMulti
                0x000000000000f1dc                OS_EventTaskRemove
                0x000000000000f294                OS_EventTaskRemoveMulti
                0x000000000000f394                OS_EventWaitListInit
                0x000000000000f774                OS_MemClr
                0x000000000000f7c8                OS_MemCopy
                0x000000000000f830                OS_Sched
                0x000000000000f974                OS_StrCopy
                0x000000000000f9e8                OS_StrLen
                0x000000000000fa3c                OS_TaskIdle
                0x000000000000fa98                OS_TaskStat
                0x000000000000fb74                OS_TaskStatStkChk
                0x000000000000fc40                OS_TCBInit
 .text          0x000000000000ff14      0x190 ../assdasdads_bsp/\libucosii_bsp.a(os_dbg.o)
                0x000000000000ff14                OSDebugInit
 .text          0x00000000000100a4     0x1714 ../assdasdads_bsp/\libucosii_bsp.a(os_flag.o)
                0x00000000000100a4                OSFlagAccept
                0x00000000000103ac                OSFlagCreate
                0x00000000000104b4                OSFlagDel
                0x00000000000106fc                OSFlagNameGet
                0x0000000000010824                OSFlagNameSet
                0x0000000000010970                OSFlagPend
                0x0000000000010f28                OSFlagPendGetFlagsRdy
                0x0000000000010f88                OSFlagPost
                0x000000000001131c                OSFlagQuery
                0x0000000000011540                OS_FlagInit
                0x0000000000011714                OS_FlagUnlink
 .text          0x00000000000117b8      0xac8 ../assdasdads_bsp/\libucosii_bsp.a(os_mbox.o)
                0x00000000000117b8                OSMboxAccept
                0x0000000000011850                OSMboxCreate
                0x0000000000011924                OSMboxDel
                0x0000000000011b64                OSMboxPend
                0x0000000000011d98                OSMboxPendAbort
                0x0000000000011f04                OSMboxPost
                0x0000000000012014                OSMboxPostOpt
                0x0000000000012170                OSMboxQuery
 .text          0x0000000000012280      0x754 ../assdasdads_bsp/\libucosii_bsp.a(os_mem.o)
                0x0000000000012280                OSMemCreate
                0x0000000000012454                OSMemGet
                0x0000000000012544                OSMemNameGet
                0x0000000000012634                OSMemNameSet
                0x0000000000012748                OSMemPut
                0x0000000000012820                OSMemQuery
                0x0000000000012908                OS_MemInit
 .text          0x00000000000129d4     0x1104 ../assdasdads_bsp/\libucosii_bsp.a(os_q.o)
                0x00000000000129d4                OSQAccept
                0x0000000000012b14                OSQCreate
                0x0000000000012cc0                OSQDel
                0x0000000000012f40                OSQFlush
                0x0000000000012ff8                OSQPend
                0x0000000000013284                OSQPendAbort
                0x00000000000133f0                OSQPost
                0x0000000000013558                OSQPostFront
                0x00000000000136c8                OSQPostOpt
                0x00000000000138d4                OSQQuery
                0x0000000000013a30                OS_QInit
 .text          0x0000000000013ad8      0xa60 ../assdasdads_bsp/\libucosii_bsp.a(os_sem.o)
                0x0000000000013ad8                OSSemAccept
                0x0000000000013b88                OSSemCreate
                0x0000000000013c60                OSSemDel
                0x0000000000013ea0                OSSemPend
                0x00000000000140ac                OSSemPendAbort
                0x0000000000014218                OSSemPost
                0x0000000000014328                OSSemQuery
                0x0000000000014438                OSSemSet
 .text          0x0000000000014538     0x176c ../assdasdads_bsp/\libucosii_bsp.a(os_task.o)
                0x0000000000014538                OSTaskChangePrio
                0x0000000000014a28                OSTaskCreate
                0x0000000000014bd4                OSTaskCreateExt
                0x0000000000014db8                OSTaskDel
                0x00000000000150fc                OSTaskDelReq
                0x000000000001524c                OSTaskNameGet
                0x00000000000153e4                OSTaskNameSet
                0x0000000000015598                OSTaskResume
                0x000000000001576c                OSTaskStkChk
                0x000000000001592c                OSTaskSuspend
                0x0000000000015b10                OSTaskQuery
                0x0000000000015c34                OS_TaskStkClr
 .text          0x0000000000015ca4      0x4f4 ../assdasdads_bsp/\libucosii_bsp.a(os_time.o)
                0x0000000000015ca4                OSTimeDly
                0x0000000000015da8                OSTimeDlyHMSM
                0x0000000000015f08                OSTimeDlyResume
                0x00000000000160dc                OSTimeGet
                0x0000000000016138                OSTimeSet
 .text          0x0000000000016198      0x898 ../assdasdads_bsp/\libucosii_bsp.a(alt_sys_init.o)
                0x00000000000161cc                alt_irq_init
                0x0000000000016204                alt_sys_init
 .text          0x0000000000016a30      0x164 ../assdasdads_bsp/\libucosii_bsp.a(altera_avalon_jtag_uart_fd.o)
                0x0000000000016a30                altera_avalon_jtag_uart_read_fd
                0x0000000000016a90                altera_avalon_jtag_uart_write_fd
                0x0000000000016af0                altera_avalon_jtag_uart_close_fd
                0x0000000000016b40                altera_avalon_jtag_uart_ioctl_fd
 .text          0x0000000000016b94      0x550 ../assdasdads_bsp/\libucosii_bsp.a(altera_avalon_jtag_uart_init.o)
                0x0000000000016b94                altera_avalon_jtag_uart_init
                0x000000000001707c                altera_avalon_jtag_uart_close
 .text          0x00000000000170e4       0xf0 ../assdasdads_bsp/\libucosii_bsp.a(altera_avalon_jtag_uart_ioctl.o)
                0x00000000000170e4                altera_avalon_jtag_uart_ioctl
 .text          0x00000000000171d4      0x2bc ../assdasdads_bsp/\libucosii_bsp.a(altera_avalon_jtag_uart_read.o)
                0x00000000000171d4                altera_avalon_jtag_uart_read
 .text          0x0000000000017490      0x2c4 ../assdasdads_bsp/\libucosii_bsp.a(altera_avalon_jtag_uart_write.o)
                0x0000000000017490                altera_avalon_jtag_uart_write
 .text          0x0000000000017754       0xf0 ../assdasdads_bsp/\libucosii_bsp.a(altera_avalon_timer_sc.o)
                0x00000000000177d0                alt_avalon_timer_sc_init
 .text          0x0000000000017844      0x38c ../assdasdads_bsp/\libucosii_bsp.a(altera_up_avalon_irda.o)
                0x0000000000017844                alt_up_irda_enable_read_interrupt
                0x00000000000178a0                alt_up_irda_disable_read_interrupt
                0x0000000000017900                alt_up_irda_get_used_space_in_read_FIFO
                0x0000000000017940                alt_up_irda_get_available_space_in_write_FIFO
                0x000000000001797c                alt_up_irda_check_parity
                0x00000000000179c0                alt_up_irda_write_data
                0x0000000000017a00                alt_up_irda_read_data
                0x0000000000017a74                alt_up_irda_read_fd
                0x0000000000017b04                alt_up_irda_write_fd
                0x0000000000017b94                alt_up_irda_open_dev
 .text          0x0000000000017bd0      0x6b0 ../assdasdads_bsp/\libucosii_bsp.a(altera_up_avalon_ps2.o)
                0x0000000000017bd0                read_RI_bit
                0x0000000000017c04                read_RE_bit
                0x0000000000017c34                read_CE_bit
                0x0000000000017c68                read_num_bytes_available
                0x0000000000017c98                read_data_valid
                0x0000000000017ccc                read_data_byte
                0x0000000000017cf8                alt_up_ps2_init
                0x0000000000017dc0                alt_up_ps2_enable_read_interrupt
                0x0000000000017e1c                alt_up_ps2_disable_read_interrupt
                0x0000000000017e7c                alt_up_ps2_write_data_byte
                0x0000000000017ef0                alt_up_ps2_wait_for_ack
                0x0000000000017f58                alt_up_ps2_write_data_byte_with_ack
                0x0000000000017fbc                alt_up_ps2_read_data_byte_timeout
                0x0000000000018058                alt_up_ps2_read_data_byte
                0x00000000000180c8                alt_up_ps2_clear_fifo
                0x0000000000018120                alt_up_ps2_read_fd
                0x00000000000181ac                alt_up_ps2_write_fd
                0x0000000000018244                alt_up_ps2_open_dev
 .text          0x0000000000018280      0x12c ../assdasdads_bsp/\libucosii_bsp.a(alt_alarm_start.o)
                0x0000000000018280                alt_alarm_start
 .text          0x00000000000183ac       0x20 ../assdasdads_bsp/\libucosii_bsp.a(alt_dcache_flush_all.o)
                0x00000000000183ac                alt_dcache_flush_all
 .text          0x00000000000183cc       0xe0 ../assdasdads_bsp/\libucosii_bsp.a(alt_dev_llist_insert.o)
                0x0000000000018408                alt_dev_llist_insert
 .text          0x00000000000184ac       0x60 ../assdasdads_bsp/\libucosii_bsp.a(alt_do_ctors.o)
                0x00000000000184ac                _do_ctors
 .text          0x000000000001850c       0x60 ../assdasdads_bsp/\libucosii_bsp.a(alt_do_dtors.o)
                0x000000000001850c                _do_dtors
 .text          0x000000000001856c       0x90 ../assdasdads_bsp/\libucosii_bsp.a(alt_find_dev.o)
                0x000000000001856c                alt_find_dev
 .text          0x00000000000185fc       0x34 ../assdasdads_bsp/\libucosii_bsp.a(alt_icache_flush_all.o)
                0x00000000000185fc                alt_icache_flush_all
 .text          0x0000000000018630      0x140 ../assdasdads_bsp/\libucosii_bsp.a(alt_io_redirect.o)
                0x00000000000186f4                alt_io_redirect
 .text          0x0000000000018770      0x180 ../assdasdads_bsp/\libucosii_bsp.a(alt_irq_register.o)
                0x0000000000018770                alt_irq_register
 .text          0x00000000000188f0        0x0 ../assdasdads_bsp/\libucosii_bsp.a(alt_irq_vars.o)
 .text          0x00000000000188f0      0x254 ../assdasdads_bsp/\libucosii_bsp.a(alt_open.o)
                0x00000000000189f0                open
 .text          0x0000000000018b44      0x1a4 ../assdasdads_bsp/\libucosii_bsp.a(alt_tick.o)
                0x0000000000018b44                alt_alarm_stop
                0x0000000000018be0                alt_tick
 .text          0x0000000000018ce8       0x24 ../assdasdads_bsp/\libucosii_bsp.a(altera_nios2_gen2_irq.o)
                0x0000000000018ce8                altera_nios2_gen2_irq_init
 .text          0x0000000000018d0c       0xd0 ../assdasdads_bsp/\libucosii_bsp.a(os_cpu_a.o)
                0x0000000000018d0c                OSCtxSw
                0x0000000000018d0c                OSIntCtxSw
                0x0000000000018d98                OSStartHighRdy
                0x0000000000018db8                OSStartTsk
 .text          0x0000000000018ddc      0x288 ../assdasdads_bsp/\libucosii_bsp.a(os_cpu_c.o)
                0x0000000000018ddc                OSTaskStkInit
                0x0000000000018f38                OSTaskCreateHook
                0x0000000000018f5c                OSTaskDelHook
                0x0000000000018f80                OSTaskSwHook
                0x0000000000018fa0                OSTaskStatHook
                0x0000000000018fc0                OSTimeTickHook
                0x0000000000018fe0                OSInitHookBegin
                0x0000000000019000                OSInitHookEnd
                0x0000000000019020                OSTaskIdleHook
                0x0000000000019040                OSTCBInitHook
 .text          0x0000000000019064      0x108 ../assdasdads_bsp/\libucosii_bsp.a(alt_find_file.o)
                0x0000000000019064                alt_find_file
 .text          0x000000000001916c       0xdc ../assdasdads_bsp/\libucosii_bsp.a(alt_get_fd.o)
                0x000000000001916c                alt_get_fd
 .text          0x0000000000019248       0x90 ../assdasdads_bsp/\libucosii_bsp.a(alt_icache_flush.o)
                0x0000000000019248                alt_icache_flush
 .text          0x00000000000192d8        0x0 ../assdasdads_bsp/\libucosii_bsp.a(alt_irq_entry.o)
 .text          0x00000000000192d8        0x0 ../assdasdads_bsp/\libucosii_bsp.a(alt_irq_handler.o)
 .text          0x00000000000192d8        0x0 ../assdasdads_bsp/\libucosii_bsp.a(alt_exception_entry.o)
 .text          0x00000000000192d8       0x9c ../assdasdads_bsp/\libucosii_bsp.a(alt_instruction_exception_entry.o)
                0x00000000000192d8                alt_exception_cause_generated_bad_addr
 .text          0x0000000000019374        0x0 a:/intelfpga_lite/nios2eds/bin/gnu/h-x86_64-mingw32/bin/../lib/gcc/nios2-elf/5.3.0/../../../../../H-x86_64-mingw32/nios2-elf/lib/mhw-mulx\libc.a(lib_a-atexit.o)
 .text.atexit   0x0000000000019374       0x14 a:/intelfpga_lite/nios2eds/bin/gnu/h-x86_64-mingw32/bin/../lib/gcc/nios2-elf/5.3.0/../../../../../H-x86_64-mingw32/nios2-elf/lib/mhw-mulx\libc.a(lib_a-atexit.o)
                0x0000000000019374                atexit
 .text          0x0000000000019388        0x0 a:/intelfpga_lite/nios2eds/bin/gnu/h-x86_64-mingw32/bin/../lib/gcc/nios2-elf/5.3.0/../../../../../H-x86_64-mingw32/nios2-elf/lib/mhw-mulx\libc.a(lib_a-exit.o)
 .text.exit     0x0000000000019388       0x38 a:/intelfpga_lite/nios2eds/bin/gnu/h-x86_64-mingw32/bin/../lib/gcc/nios2-elf/5.3.0/../../../../../H-x86_64-mingw32/nios2-elf/lib/mhw-mulx\libc.a(lib_a-exit.o)
                0x0000000000019388                exit
 .text          0x00000000000193c0        0x0 a:/intelfpga_lite/nios2eds/bin/gnu/h-x86_64-mingw32/bin/../lib/gcc/nios2-elf/5.3.0/../../../../../H-x86_64-mingw32/nios2-elf/lib/mhw-mulx\libc.a(lib_a-memcmp.o)
 .text.memcmp   0x00000000000193c0       0x7c a:/intelfpga_lite/nios2eds/bin/gnu/h-x86_64-mingw32/bin/../lib/gcc/nios2-elf/5.3.0/../../../../../H-x86_64-mingw32/nios2-elf/lib/mhw-mulx\libc.a(lib_a-memcmp.o)
                0x00000000000193c0                memcmp
 .text          0x000000000001943c        0x0 a:/intelfpga_lite/nios2eds/bin/gnu/h-x86_64-mingw32/bin/../lib/gcc/nios2-elf/5.3.0/../../../../../H-x86_64-mingw32/nios2-elf/lib/mhw-mulx\libc.a(lib_a-__atexit.o)
 .text.__register_exitproc
                0x000000000001943c      0x118 a:/intelfpga_lite/nios2eds/bin/gnu/h-x86_64-mingw32/bin/../lib/gcc/nios2-elf/5.3.0/../../../../../H-x86_64-mingw32/nios2-elf/lib/mhw-mulx\libc.a(lib_a-__atexit.o)
                0x000000000001943c                __register_exitproc
 .text          0x0000000000019554        0x0 a:/intelfpga_lite/nios2eds/bin/gnu/h-x86_64-mingw32/bin/../lib/gcc/nios2-elf/5.3.0/../../../../../H-x86_64-mingw32/nios2-elf/lib/mhw-mulx\libc.a(lib_a-__call_atexit.o)
 .text.__call_exitprocs
                0x0000000000019554      0x180 a:/intelfpga_lite/nios2eds/bin/gnu/h-x86_64-mingw32/bin/../lib/gcc/nios2-elf/5.3.0/../../../../../H-x86_64-mingw32/nios2-elf/lib/mhw-mulx\libc.a(lib_a-__call_atexit.o)
                0x0000000000019554                __call_exitprocs
 .text          0x00000000000196d4       0x34 ../assdasdads_bsp/\libucosii_bsp.a(alt_exit.o)
                0x00000000000196d4                _exit
 *(.gnu.warning.*)
 *(.fini)
                [!provide]                        PROVIDE (__etext, ABSOLUTE (.))
                [!provide]                        PROVIDE (_etext, ABSOLUTE (.))
                [!provide]                        PROVIDE (etext, ABSOLUTE (.))
 *(.eh_frame_hdr)
                0x0000000000019708                . = ALIGN (0x4)
                [!provide]                        PROVIDE (__preinit_array_start, ABSOLUTE (.))
 *(.preinit_array)
                [!provide]                        PROVIDE (__preinit_array_end, ABSOLUTE (.))
                [!provide]                        PROVIDE (__init_array_start, ABSOLUTE (.))
 *(.init_array)
                [!provide]                        PROVIDE (__init_array_end, ABSOLUTE (.))
                [!provide]                        PROVIDE (__fini_array_start, ABSOLUTE (.))
 *(.fini_array)
                [!provide]                        PROVIDE (__fini_array_end, ABSOLUTE (.))
 *(.eh_frame)
 *(.gcc_except_table .gcc_except_table.*)
 *(.dynamic)
                0x0000000000019708                PROVIDE (__CTOR_LIST__, ABSOLUTE (.))
 *(.ctors)
 *(SORT(.ctors.*))
                0x0000000000019708                PROVIDE (__CTOR_END__, ABSOLUTE (.))
                0x0000000000019708                PROVIDE (__DTOR_LIST__, ABSOLUTE (.))
 *(.dtors)
 *(SORT(.dtors.*))
                0x0000000000019708                PROVIDE (__DTOR_END__, ABSOLUTE (.))
 *(.jcr)
                0x0000000000019708                . = ALIGN (0x4)

.rodata         0x0000000040000000      0x51c load address 0x0000000000019708
                0x0000000040000000                PROVIDE (__ram_rodata_start, ABSOLUTE (.))
                0x0000000040000000                . = ALIGN (0x4)
 *(.rodata .rodata.* .gnu.linkonce.r.*)
 .rodata        0x0000000040000000       0x19 obj/default/hello_ucosii.o
 *fill*         0x0000000040000019        0x3 
 .rodata.str1.4
                0x000000004000001c       0x42 a:/intelfpga_lite/nios2eds/bin/gnu/h-x86_64-mingw32/bin/../lib/gcc/nios2-elf/5.3.0/../../../../../H-x86_64-mingw32/nios2-elf/lib/mhw-mulx\libc.a(lib_a-vfprintf.o)
 .rodata.zeroes.4404
                0x000000004000005e       0x10 a:/intelfpga_lite/nios2eds/bin/gnu/h-x86_64-mingw32/bin/../lib/gcc/nios2-elf/5.3.0/../../../../../H-x86_64-mingw32/nios2-elf/lib/mhw-mulx\libc.a(lib_a-vfprintf.o)
 .rodata.blanks.4403
                0x000000004000006e       0x10 a:/intelfpga_lite/nios2eds/bin/gnu/h-x86_64-mingw32/bin/../lib/gcc/nios2-elf/5.3.0/../../../../../H-x86_64-mingw32/nios2-elf/lib/mhw-mulx\libc.a(lib_a-vfprintf.o)
 *fill*         0x000000004000007e        0x2 
 .rodata.str1.4
                0x0000000040000080       0x10 a:/intelfpga_lite/nios2eds/bin/gnu/h-x86_64-mingw32/bin/../lib/gcc/nios2-elf/5.3.0/../../../../../H-x86_64-mingw32/nios2-elf/lib/mhw-mulx\libc.a(lib_a-dtoa.o)
                                         0x12 (size before relaxing)
 .rodata.str1.4
                0x0000000040000090        0x2 a:/intelfpga_lite/nios2eds/bin/gnu/h-x86_64-mingw32/bin/../lib/gcc/nios2-elf/5.3.0/../../../../../H-x86_64-mingw32/nios2-elf/lib/mhw-mulx\libc.a(lib_a-impure.o)
 *fill*         0x0000000040000092        0x2 
 .rodata.str1.4
                0x0000000040000094        0xc a:/intelfpga_lite/nios2eds/bin/gnu/h-x86_64-mingw32/bin/../lib/gcc/nios2-elf/5.3.0/../../../../../H-x86_64-mingw32/nios2-elf/lib/mhw-mulx\libc.a(lib_a-locale.o)
                                         0x12 (size before relaxing)
 .rodata.p05.2768
                0x00000000400000a0        0xc a:/intelfpga_lite/nios2eds/bin/gnu/h-x86_64-mingw32/bin/../lib/gcc/nios2-elf/5.3.0/../../../../../H-x86_64-mingw32/nios2-elf/lib/mhw-mulx\libc.a(lib_a-mprec.o)
 .rodata.__mprec_tinytens
                0x00000000400000ac       0x28 a:/intelfpga_lite/nios2eds/bin/gnu/h-x86_64-mingw32/bin/../lib/gcc/nios2-elf/5.3.0/../../../../../H-x86_64-mingw32/nios2-elf/lib/mhw-mulx\libc.a(lib_a-mprec.o)
                0x00000000400000ac                __mprec_tinytens
 .rodata.__mprec_bigtens
                0x00000000400000d4       0x28 a:/intelfpga_lite/nios2eds/bin/gnu/h-x86_64-mingw32/bin/../lib/gcc/nios2-elf/5.3.0/../../../../../H-x86_64-mingw32/nios2-elf/lib/mhw-mulx\libc.a(lib_a-mprec.o)
                0x00000000400000d4                __mprec_bigtens
 .rodata.__mprec_tens
                0x00000000400000fc       0xc8 a:/intelfpga_lite/nios2eds/bin/gnu/h-x86_64-mingw32/bin/../lib/gcc/nios2-elf/5.3.0/../../../../../H-x86_64-mingw32/nios2-elf/lib/mhw-mulx\libc.a(lib_a-mprec.o)
                0x00000000400000fc                __mprec_tens
 .rodata.str1.4
                0x00000000400001c4       0x2f a:/intelfpga_lite/nios2eds/bin/gnu/h-x86_64-mingw32/bin/../lib/gcc/nios2-elf/5.3.0/../../../../../H-x86_64-mingw32/nios2-elf/lib/mhw-mulx\libc.a(lib_a-vfiprintf.o)
 .rodata.zeroes.4349
                0x00000000400001c4       0x10 a:/intelfpga_lite/nios2eds/bin/gnu/h-x86_64-mingw32/bin/../lib/gcc/nios2-elf/5.3.0/../../../../../H-x86_64-mingw32/nios2-elf/lib/mhw-mulx\libc.a(lib_a-vfiprintf.o)
 .rodata.blanks.4348
                0x00000000400001d4       0x10 a:/intelfpga_lite/nios2eds/bin/gnu/h-x86_64-mingw32/bin/../lib/gcc/nios2-elf/5.3.0/../../../../../H-x86_64-mingw32/nios2-elf/lib/mhw-mulx\libc.a(lib_a-vfiprintf.o)
 .rodata        0x00000000400001e4      0x100 a:/intelfpga_lite/nios2eds/bin/gnu/h-x86_64-mingw32/bin/../lib/gcc/nios2-elf/5.3.0/mhw-mulx\libgcc.a(_clz.o)
                0x00000000400001e4                __clz_tab
 .rodata        0x00000000400002e4        0xa ../assdasdads_bsp/\libucosii_bsp.a(alt_dev.o)
 *fill*         0x00000000400002ee        0x2 
 .rodata        0x00000000400002f0        0xf ../assdasdads_bsp/\libucosii_bsp.a(alt_main.o)
 *fill*         0x00000000400002ff        0x1 
 .rodata        0x0000000040000300      0x11e ../assdasdads_bsp/\libucosii_bsp.a(os_core.o)
                0x0000000040000300                OSUnMapTbl
 *fill*         0x000000004000041e        0x2 
 .rodata        0x0000000040000420       0xf5 ../assdasdads_bsp/\libucosii_bsp.a(alt_sys_init.o)
 *fill*         0x0000000040000515        0x3 
 .rodata        0x0000000040000518        0x2 ../assdasdads_bsp/\libucosii_bsp.a(os_cpu_c.o)
 *(.rodata1)
                0x000000004000051c                . = ALIGN (0x4)
 *fill*         0x000000004000051a        0x2 
                0x000000004000051c                PROVIDE (__ram_rodata_end, ABSOLUTE (.))
                0x0000000000019708                PROVIDE (__flash_rodata_start, LOADADDR (.rodata))

.rwdata         0x000000004000051c     0x1db0 load address 0x0000000000019c24
                0x000000004000051c                PROVIDE (__ram_rwdata_start, ABSOLUTE (.))
                0x000000004000051c                . = ALIGN (0x4)
 *(.got.plt)
 *(.got)
 *(.data1)
 *(.data .data.* .gnu.linkonce.d.*)
 .data          0x000000004000051c        0x0 ../assdasdads_bsp//obj/HAL/src/crt0.o
 .data          0x000000004000051c        0x0 obj/default/hello_ucosii.o
 .data          0x000000004000051c        0x0 a:/intelfpga_lite/nios2eds/bin/gnu/h-x86_64-mingw32/bin/../lib/gcc/nios2-elf/5.3.0/mhw-mulx\libgcc.a(_popcountsi2.o)
 .data          0x000000004000051c        0x0 a:/intelfpga_lite/nios2eds/bin/gnu/h-x86_64-mingw32/bin/../lib/gcc/nios2-elf/5.3.0/../../../../../H-x86_64-mingw32/nios2-elf/lib/mhw-mulx\libc.a(lib_a-printf.o)
 .data          0x000000004000051c        0x0 a:/intelfpga_lite/nios2eds/bin/gnu/h-x86_64-mingw32/bin/../lib/gcc/nios2-elf/5.3.0/../../../../../H-x86_64-mingw32/nios2-elf/lib/mhw-mulx\libc.a(lib_a-vfprintf.o)
 .data          0x000000004000051c        0x0 a:/intelfpga_lite/nios2eds/bin/gnu/h-x86_64-mingw32/bin/../lib/gcc/nios2-elf/5.3.0/../../../../../H-x86_64-mingw32/nios2-elf/lib/mhw-mulx\libc.a(lib_a-wsetup.o)
 .data          0x000000004000051c        0x0 a:/intelfpga_lite/nios2eds/bin/gnu/h-x86_64-mingw32/bin/../lib/gcc/nios2-elf/5.3.0/../../../../../H-x86_64-mingw32/nios2-elf/lib/mhw-mulx\libc.a(lib_a-dtoa.o)
 .data          0x000000004000051c        0x0 a:/intelfpga_lite/nios2eds/bin/gnu/h-x86_64-mingw32/bin/../lib/gcc/nios2-elf/5.3.0/../../../../../H-x86_64-mingw32/nios2-elf/lib/mhw-mulx\libc.a(lib_a-fflush.o)
 .data          0x000000004000051c        0x0 a:/intelfpga_lite/nios2eds/bin/gnu/h-x86_64-mingw32/bin/../lib/gcc/nios2-elf/5.3.0/../../../../../H-x86_64-mingw32/nios2-elf/lib/mhw-mulx\libc.a(lib_a-findfp.o)
 .data          0x000000004000051c        0x0 a:/intelfpga_lite/nios2eds/bin/gnu/h-x86_64-mingw32/bin/../lib/gcc/nios2-elf/5.3.0/../../../../../H-x86_64-mingw32/nios2-elf/lib/mhw-mulx\libc.a(lib_a-freer.o)
 .data          0x000000004000051c        0x0 a:/intelfpga_lite/nios2eds/bin/gnu/h-x86_64-mingw32/bin/../lib/gcc/nios2-elf/5.3.0/../../../../../H-x86_64-mingw32/nios2-elf/lib/mhw-mulx\libc.a(lib_a-fwalk.o)
 .data          0x000000004000051c        0x0 a:/intelfpga_lite/nios2eds/bin/gnu/h-x86_64-mingw32/bin/../lib/gcc/nios2-elf/5.3.0/../../../../../H-x86_64-mingw32/nios2-elf/lib/mhw-mulx\libc.a(lib_a-impure.o)
 .data.impure_data
                0x000000004000051c      0x424 a:/intelfpga_lite/nios2eds/bin/gnu/h-x86_64-mingw32/bin/../lib/gcc/nios2-elf/5.3.0/../../../../../H-x86_64-mingw32/nios2-elf/lib/mhw-mulx\libc.a(lib_a-impure.o)
 .data          0x0000000040000940        0x0 a:/intelfpga_lite/nios2eds/bin/gnu/h-x86_64-mingw32/bin/../lib/gcc/nios2-elf/5.3.0/../../../../../H-x86_64-mingw32/nios2-elf/lib/mhw-mulx\libc.a(lib_a-locale.o)
 .data.lc_message_charset
                0x0000000040000940       0x20 a:/intelfpga_lite/nios2eds/bin/gnu/h-x86_64-mingw32/bin/../lib/gcc/nios2-elf/5.3.0/../../../../../H-x86_64-mingw32/nios2-elf/lib/mhw-mulx\libc.a(lib_a-locale.o)
 .data.lc_ctype_charset
                0x0000000040000960       0x20 a:/intelfpga_lite/nios2eds/bin/gnu/h-x86_64-mingw32/bin/../lib/gcc/nios2-elf/5.3.0/../../../../../H-x86_64-mingw32/nios2-elf/lib/mhw-mulx\libc.a(lib_a-locale.o)
 .data.lconv    0x0000000040000980       0x38 a:/intelfpga_lite/nios2eds/bin/gnu/h-x86_64-mingw32/bin/../lib/gcc/nios2-elf/5.3.0/../../../../../H-x86_64-mingw32/nios2-elf/lib/mhw-mulx\libc.a(lib_a-locale.o)
 .data          0x00000000400009b8        0x0 a:/intelfpga_lite/nios2eds/bin/gnu/h-x86_64-mingw32/bin/../lib/gcc/nios2-elf/5.3.0/../../../../../H-x86_64-mingw32/nios2-elf/lib/mhw-mulx\libc.a(lib_a-makebuf.o)
 .data          0x00000000400009b8        0x0 a:/intelfpga_lite/nios2eds/bin/gnu/h-x86_64-mingw32/bin/../lib/gcc/nios2-elf/5.3.0/../../../../../H-x86_64-mingw32/nios2-elf/lib/mhw-mulx\libc.a(lib_a-mallocr.o)
 .data.__malloc_av_
                0x00000000400009b8      0x408 a:/intelfpga_lite/nios2eds/bin/gnu/h-x86_64-mingw32/bin/../lib/gcc/nios2-elf/5.3.0/../../../../../H-x86_64-mingw32/nios2-elf/lib/mhw-mulx\libc.a(lib_a-mallocr.o)
                0x00000000400009b8                __malloc_av_
 .data          0x0000000040000dc0        0x0 a:/intelfpga_lite/nios2eds/bin/gnu/h-x86_64-mingw32/bin/../lib/gcc/nios2-elf/5.3.0/../../../../../H-x86_64-mingw32/nios2-elf/lib/mhw-mulx\libc.a(lib_a-memchr.o)
 .data          0x0000000040000dc0        0x0 a:/intelfpga_lite/nios2eds/bin/gnu/h-x86_64-mingw32/bin/../lib/gcc/nios2-elf/5.3.0/../../../../../H-x86_64-mingw32/nios2-elf/lib/mhw-mulx\libc.a(lib_a-memcpy.o)
 .data          0x0000000040000dc0        0x0 a:/intelfpga_lite/nios2eds/bin/gnu/h-x86_64-mingw32/bin/../lib/gcc/nios2-elf/5.3.0/../../../../../H-x86_64-mingw32/nios2-elf/lib/mhw-mulx\libc.a(lib_a-memset.o)
 .data          0x0000000040000dc0        0x0 a:/intelfpga_lite/nios2eds/bin/gnu/h-x86_64-mingw32/bin/../lib/gcc/nios2-elf/5.3.0/../../../../../H-x86_64-mingw32/nios2-elf/lib/mhw-mulx\libc.a(lib_a-mprec.o)
 .data          0x0000000040000dc0        0x0 a:/intelfpga_lite/nios2eds/bin/gnu/h-x86_64-mingw32/bin/../lib/gcc/nios2-elf/5.3.0/../../../../../H-x86_64-mingw32/nios2-elf/lib/mhw-mulx\libc.a(lib_a-s_fpclassify.o)
 .data          0x0000000040000dc0        0x0 a:/intelfpga_lite/nios2eds/bin/gnu/h-x86_64-mingw32/bin/../lib/gcc/nios2-elf/5.3.0/../../../../../H-x86_64-mingw32/nios2-elf/lib/mhw-mulx\libc.a(lib_a-sbrkr.o)
 .data          0x0000000040000dc0        0x0 a:/intelfpga_lite/nios2eds/bin/gnu/h-x86_64-mingw32/bin/../lib/gcc/nios2-elf/5.3.0/../../../../../H-x86_64-mingw32/nios2-elf/lib/mhw-mulx\libc.a(lib_a-stdio.o)
 .data          0x0000000040000dc0        0x0 a:/intelfpga_lite/nios2eds/bin/gnu/h-x86_64-mingw32/bin/../lib/gcc/nios2-elf/5.3.0/../../../../../H-x86_64-mingw32/nios2-elf/lib/mhw-mulx\libc.a(lib_a-strcmp.o)
 .data          0x0000000040000dc0        0x0 a:/intelfpga_lite/nios2eds/bin/gnu/h-x86_64-mingw32/bin/../lib/gcc/nios2-elf/5.3.0/../../../../../H-x86_64-mingw32/nios2-elf/lib/mhw-mulx\libc.a(lib_a-strlen.o)
 .data          0x0000000040000dc0        0x0 a:/intelfpga_lite/nios2eds/bin/gnu/h-x86_64-mingw32/bin/../lib/gcc/nios2-elf/5.3.0/../../../../../H-x86_64-mingw32/nios2-elf/lib/mhw-mulx\libc.a(lib_a-vfiprintf.o)
 .data          0x0000000040000dc0        0x0 a:/intelfpga_lite/nios2eds/bin/gnu/h-x86_64-mingw32/bin/../lib/gcc/nios2-elf/5.3.0/../../../../../H-x86_64-mingw32/nios2-elf/lib/mhw-mulx\libc.a(lib_a-writer.o)
 .data          0x0000000040000dc0        0x0 a:/intelfpga_lite/nios2eds/bin/gnu/h-x86_64-mingw32/bin/../lib/gcc/nios2-elf/5.3.0/../../../../../H-x86_64-mingw32/nios2-elf/lib/mhw-mulx\libc.a(closer.o)
 .data          0x0000000040000dc0        0x0 a:/intelfpga_lite/nios2eds/bin/gnu/h-x86_64-mingw32/bin/../lib/gcc/nios2-elf/5.3.0/../../../../../H-x86_64-mingw32/nios2-elf/lib/mhw-mulx\libc.a(lib_a-callocr.o)
 .data          0x0000000040000dc0        0x0 a:/intelfpga_lite/nios2eds/bin/gnu/h-x86_64-mingw32/bin/../lib/gcc/nios2-elf/5.3.0/../../../../../H-x86_64-mingw32/nios2-elf/lib/mhw-mulx\libc.a(lib_a-fclose.o)
 .data          0x0000000040000dc0        0x0 a:/intelfpga_lite/nios2eds/bin/gnu/h-x86_64-mingw32/bin/../lib/gcc/nios2-elf/5.3.0/../../../../../H-x86_64-mingw32/nios2-elf/lib/mhw-mulx\libc.a(lib_a-fputwc.o)
 .data          0x0000000040000dc0        0x0 a:/intelfpga_lite/nios2eds/bin/gnu/h-x86_64-mingw32/bin/../lib/gcc/nios2-elf/5.3.0/../../../../../H-x86_64-mingw32/nios2-elf/lib/mhw-mulx\libc.a(lib_a-fstatr.o)
 .data          0x0000000040000dc0        0x0 a:/intelfpga_lite/nios2eds/bin/gnu/h-x86_64-mingw32/bin/../lib/gcc/nios2-elf/5.3.0/../../../../../H-x86_64-mingw32/nios2-elf/lib/mhw-mulx\libc.a(lib_a-fvwrite.o)
 .data          0x0000000040000dc0        0x0 a:/intelfpga_lite/nios2eds/bin/gnu/h-x86_64-mingw32/bin/../lib/gcc/nios2-elf/5.3.0/../../../../../H-x86_64-mingw32/nios2-elf/lib/mhw-mulx\libc.a(lib_a-int_errno.o)
 .data          0x0000000040000dc0        0x0 a:/intelfpga_lite/nios2eds/bin/gnu/h-x86_64-mingw32/bin/../lib/gcc/nios2-elf/5.3.0/../../../../../H-x86_64-mingw32/nios2-elf/lib/mhw-mulx\libc.a(lib_a-isattyr.o)
 .data          0x0000000040000dc0        0x0 a:/intelfpga_lite/nios2eds/bin/gnu/h-x86_64-mingw32/bin/../lib/gcc/nios2-elf/5.3.0/../../../../../H-x86_64-mingw32/nios2-elf/lib/mhw-mulx\libc.a(lib_a-lseekr.o)
 .data          0x0000000040000dc0        0x0 a:/intelfpga_lite/nios2eds/bin/gnu/h-x86_64-mingw32/bin/../lib/gcc/nios2-elf/5.3.0/../../../../../H-x86_64-mingw32/nios2-elf/lib/mhw-mulx\libc.a(lib_a-memmove.o)
 .data          0x0000000040000dc0        0x0 a:/intelfpga_lite/nios2eds/bin/gnu/h-x86_64-mingw32/bin/../lib/gcc/nios2-elf/5.3.0/../../../../../H-x86_64-mingw32/nios2-elf/lib/mhw-mulx\libc.a(lib_a-readr.o)
 .data          0x0000000040000dc0        0x0 a:/intelfpga_lite/nios2eds/bin/gnu/h-x86_64-mingw32/bin/../lib/gcc/nios2-elf/5.3.0/../../../../../H-x86_64-mingw32/nios2-elf/lib/mhw-mulx\libc.a(lib_a-reallocr.o)
 .data          0x0000000040000dc0        0x0 a:/intelfpga_lite/nios2eds/bin/gnu/h-x86_64-mingw32/bin/../lib/gcc/nios2-elf/5.3.0/../../../../../H-x86_64-mingw32/nios2-elf/lib/mhw-mulx\libc.a(lib_a-wbuf.o)
 .data          0x0000000040000dc0        0x0 a:/intelfpga_lite/nios2eds/bin/gnu/h-x86_64-mingw32/bin/../lib/gcc/nios2-elf/5.3.0/../../../../../H-x86_64-mingw32/nios2-elf/lib/mhw-mulx\libc.a(lib_a-wcrtomb.o)
 .data          0x0000000040000dc0        0x0 a:/intelfpga_lite/nios2eds/bin/gnu/h-x86_64-mingw32/bin/../lib/gcc/nios2-elf/5.3.0/../../../../../H-x86_64-mingw32/nios2-elf/lib/mhw-mulx\libc.a(lib_a-wctomb_r.o)
 .data          0x0000000040000dc0        0x0 a:/intelfpga_lite/nios2eds/bin/gnu/h-x86_64-mingw32/bin/../lib/gcc/nios2-elf/5.3.0/mhw-mulx\libgcc.a(_udivdi3.o)
 .data          0x0000000040000dc0        0x0 a:/intelfpga_lite/nios2eds/bin/gnu/h-x86_64-mingw32/bin/../lib/gcc/nios2-elf/5.3.0/mhw-mulx\libgcc.a(_umoddi3.o)
 .data          0x0000000040000dc0        0x0 a:/intelfpga_lite/nios2eds/bin/gnu/h-x86_64-mingw32/bin/../lib/gcc/nios2-elf/5.3.0/mhw-mulx\libgcc.a(lib2-divmod.o)
 .data          0x0000000040000dc0        0x0 a:/intelfpga_lite/nios2eds/bin/gnu/h-x86_64-mingw32/bin/../lib/gcc/nios2-elf/5.3.0/mhw-mulx\libgcc.a(adddf3.o)
 .data          0x0000000040000dc0        0x0 a:/intelfpga_lite/nios2eds/bin/gnu/h-x86_64-mingw32/bin/../lib/gcc/nios2-elf/5.3.0/mhw-mulx\libgcc.a(divdf3.o)
 .data          0x0000000040000dc0        0x0 a:/intelfpga_lite/nios2eds/bin/gnu/h-x86_64-mingw32/bin/../lib/gcc/nios2-elf/5.3.0/mhw-mulx\libgcc.a(eqdf2.o)
 .data          0x0000000040000dc0        0x0 a:/intelfpga_lite/nios2eds/bin/gnu/h-x86_64-mingw32/bin/../lib/gcc/nios2-elf/5.3.0/mhw-mulx\libgcc.a(gedf2.o)
 .data          0x0000000040000dc0        0x0 a:/intelfpga_lite/nios2eds/bin/gnu/h-x86_64-mingw32/bin/../lib/gcc/nios2-elf/5.3.0/mhw-mulx\libgcc.a(ledf2.o)
 .data          0x0000000040000dc0        0x0 a:/intelfpga_lite/nios2eds/bin/gnu/h-x86_64-mingw32/bin/../lib/gcc/nios2-elf/5.3.0/mhw-mulx\libgcc.a(muldf3.o)
 .data          0x0000000040000dc0        0x0 a:/intelfpga_lite/nios2eds/bin/gnu/h-x86_64-mingw32/bin/../lib/gcc/nios2-elf/5.3.0/mhw-mulx\libgcc.a(subdf3.o)
 .data          0x0000000040000dc0        0x0 a:/intelfpga_lite/nios2eds/bin/gnu/h-x86_64-mingw32/bin/../lib/gcc/nios2-elf/5.3.0/mhw-mulx\libgcc.a(fixdfsi.o)
 .data          0x0000000040000dc0        0x0 a:/intelfpga_lite/nios2eds/bin/gnu/h-x86_64-mingw32/bin/../lib/gcc/nios2-elf/5.3.0/mhw-mulx\libgcc.a(floatsidf.o)
 .data          0x0000000040000dc0        0x0 a:/intelfpga_lite/nios2eds/bin/gnu/h-x86_64-mingw32/bin/../lib/gcc/nios2-elf/5.3.0/mhw-mulx\libgcc.a(floatunsidf.o)
 .data          0x0000000040000dc0        0x0 a:/intelfpga_lite/nios2eds/bin/gnu/h-x86_64-mingw32/bin/../lib/gcc/nios2-elf/5.3.0/mhw-mulx\libgcc.a(_clz.o)
 .data          0x0000000040000dc0        0x0 a:/intelfpga_lite/nios2eds/bin/gnu/h-x86_64-mingw32/bin/../lib/gcc/nios2-elf/5.3.0/mhw-mulx\libgcc.a(_clzsi2.o)
 .data          0x0000000040000dc0        0x0 ../assdasdads_bsp/\libucosii_bsp.a(alt_close.o)
 .data          0x0000000040000dc0      0x1a8 ../assdasdads_bsp/\libucosii_bsp.a(alt_dev.o)
                0x0000000040000dc0                alt_dev_null
                0x0000000040000de8                alt_fd_list
 .data          0x0000000040000f68        0x0 ../assdasdads_bsp/\libucosii_bsp.a(alt_errno.o)
 .data          0x0000000040000f68        0x0 ../assdasdads_bsp/\libucosii_bsp.a(alt_fstat.o)
 .data          0x0000000040000f68        0x0 ../assdasdads_bsp/\libucosii_bsp.a(alt_isatty.o)
 .data          0x0000000040000f68        0x0 ../assdasdads_bsp/\libucosii_bsp.a(alt_load.o)
 .data          0x0000000040000f68        0x0 ../assdasdads_bsp/\libucosii_bsp.a(alt_lseek.o)
 .data          0x0000000040000f68        0x0 ../assdasdads_bsp/\libucosii_bsp.a(alt_main.o)
 .data          0x0000000040000f68        0x0 ../assdasdads_bsp/\libucosii_bsp.a(alt_read.o)
 .data          0x0000000040000f68        0x0 ../assdasdads_bsp/\libucosii_bsp.a(alt_release_fd.o)
 .data          0x0000000040000f68        0x0 ../assdasdads_bsp/\libucosii_bsp.a(alt_sbrk.o)
 .data          0x0000000040000f68        0x0 ../assdasdads_bsp/\libucosii_bsp.a(alt_write.o)
 .data          0x0000000040000f68        0x0 ../assdasdads_bsp/\libucosii_bsp.a(alt_env_lock.o)
 .data          0x0000000040000f68        0x0 ../assdasdads_bsp/\libucosii_bsp.a(alt_malloc_lock.o)
 .data          0x0000000040000f68        0x0 ../assdasdads_bsp/\libucosii_bsp.a(os_core.o)
 .data          0x0000000040000f68        0x0 ../assdasdads_bsp/\libucosii_bsp.a(os_dbg.o)
 .data          0x0000000040000f68        0x0 ../assdasdads_bsp/\libucosii_bsp.a(os_flag.o)
 .data          0x0000000040000f68        0x0 ../assdasdads_bsp/\libucosii_bsp.a(os_mbox.o)
 .data          0x0000000040000f68        0x0 ../assdasdads_bsp/\libucosii_bsp.a(os_mem.o)
 .data          0x0000000040000f68        0x0 ../assdasdads_bsp/\libucosii_bsp.a(os_q.o)
 .data          0x0000000040000f68        0x0 ../assdasdads_bsp/\libucosii_bsp.a(os_sem.o)
 .data          0x0000000040000f68        0x0 ../assdasdads_bsp/\libucosii_bsp.a(os_task.o)
 .data          0x0000000040000f68        0x0 ../assdasdads_bsp/\libucosii_bsp.a(os_time.o)
 .data          0x0000000040000f68     0x12a8 ../assdasdads_bsp/\libucosii_bsp.a(alt_sys_init.o)
 .data          0x0000000040002210        0x0 ../assdasdads_bsp/\libucosii_bsp.a(altera_avalon_jtag_uart_fd.o)
 .data          0x0000000040002210        0x0 ../assdasdads_bsp/\libucosii_bsp.a(altera_avalon_jtag_uart_init.o)
 .data          0x0000000040002210        0x0 ../assdasdads_bsp/\libucosii_bsp.a(altera_avalon_jtag_uart_ioctl.o)
 .data          0x0000000040002210        0x0 ../assdasdads_bsp/\libucosii_bsp.a(altera_avalon_jtag_uart_read.o)
 .data          0x0000000040002210        0x0 ../assdasdads_bsp/\libucosii_bsp.a(altera_avalon_jtag_uart_write.o)
 .data          0x0000000040002210        0x0 ../assdasdads_bsp/\libucosii_bsp.a(altera_avalon_timer_sc.o)
 .data          0x0000000040002210        0x0 ../assdasdads_bsp/\libucosii_bsp.a(altera_up_avalon_irda.o)
 .data          0x0000000040002210        0x0 ../assdasdads_bsp/\libucosii_bsp.a(altera_up_avalon_ps2.o)
 .data          0x0000000040002210        0x0 ../assdasdads_bsp/\libucosii_bsp.a(alt_alarm_start.o)
 .data          0x0000000040002210        0x0 ../assdasdads_bsp/\libucosii_bsp.a(alt_dcache_flush_all.o)
 .data          0x0000000040002210        0x0 ../assdasdads_bsp/\libucosii_bsp.a(alt_dev_llist_insert.o)
 .data          0x0000000040002210        0x0 ../assdasdads_bsp/\libucosii_bsp.a(alt_do_ctors.o)
 .data          0x0000000040002210        0x0 ../assdasdads_bsp/\libucosii_bsp.a(alt_do_dtors.o)
 .data          0x0000000040002210        0x0 ../assdasdads_bsp/\libucosii_bsp.a(alt_find_dev.o)
 .data          0x0000000040002210        0x0 ../assdasdads_bsp/\libucosii_bsp.a(alt_icache_flush_all.o)
 .data          0x0000000040002210        0x0 ../assdasdads_bsp/\libucosii_bsp.a(alt_io_redirect.o)
 .data          0x0000000040002210        0x0 ../assdasdads_bsp/\libucosii_bsp.a(alt_irq_register.o)
 .data          0x0000000040002210        0x0 ../assdasdads_bsp/\libucosii_bsp.a(alt_irq_vars.o)
 .data          0x0000000040002210        0x0 ../assdasdads_bsp/\libucosii_bsp.a(alt_open.o)
 .data          0x0000000040002210        0x0 ../assdasdads_bsp/\libucosii_bsp.a(alt_tick.o)
 .data          0x0000000040002210        0x0 ../assdasdads_bsp/\libucosii_bsp.a(altera_nios2_gen2_irq.o)
 .data          0x0000000040002210        0x0 ../assdasdads_bsp/\libucosii_bsp.a(os_cpu_a.o)
 .data          0x0000000040002210        0x0 ../assdasdads_bsp/\libucosii_bsp.a(os_cpu_c.o)
 .data          0x0000000040002210        0x0 ../assdasdads_bsp/\libucosii_bsp.a(alt_find_file.o)
 .data          0x0000000040002210        0x0 ../assdasdads_bsp/\libucosii_bsp.a(alt_get_fd.o)
 .data          0x0000000040002210        0x0 ../assdasdads_bsp/\libucosii_bsp.a(alt_icache_flush.o)
 .data          0x0000000040002210        0x0 ../assdasdads_bsp/\libucosii_bsp.a(alt_irq_entry.o)
 .data          0x0000000040002210        0x0 ../assdasdads_bsp/\libucosii_bsp.a(alt_irq_handler.o)
 .data          0x0000000040002210        0x0 ../assdasdads_bsp/\libucosii_bsp.a(alt_exception_entry.o)
 .data          0x0000000040002210        0x0 ../assdasdads_bsp/\libucosii_bsp.a(alt_instruction_exception_entry.o)
 .data          0x0000000040002210        0x0 a:/intelfpga_lite/nios2eds/bin/gnu/h-x86_64-mingw32/bin/../lib/gcc/nios2-elf/5.3.0/../../../../../H-x86_64-mingw32/nios2-elf/lib/mhw-mulx\libc.a(lib_a-atexit.o)
 .data          0x0000000040002210        0x0 a:/intelfpga_lite/nios2eds/bin/gnu/h-x86_64-mingw32/bin/../lib/gcc/nios2-elf/5.3.0/../../../../../H-x86_64-mingw32/nios2-elf/lib/mhw-mulx\libc.a(lib_a-exit.o)
 .data          0x0000000040002210        0x0 a:/intelfpga_lite/nios2eds/bin/gnu/h-x86_64-mingw32/bin/../lib/gcc/nios2-elf/5.3.0/../../../../../H-x86_64-mingw32/nios2-elf/lib/mhw-mulx\libc.a(lib_a-memcmp.o)
 .data          0x0000000040002210        0x0 a:/intelfpga_lite/nios2eds/bin/gnu/h-x86_64-mingw32/bin/../lib/gcc/nios2-elf/5.3.0/../../../../../H-x86_64-mingw32/nios2-elf/lib/mhw-mulx\libc.a(lib_a-__atexit.o)
 .data          0x0000000040002210        0x0 a:/intelfpga_lite/nios2eds/bin/gnu/h-x86_64-mingw32/bin/../lib/gcc/nios2-elf/5.3.0/../../../../../H-x86_64-mingw32/nios2-elf/lib/mhw-mulx\libc.a(lib_a-__call_atexit.o)
 .data          0x0000000040002210        0x0 ../assdasdads_bsp/\libucosii_bsp.a(alt_exit.o)
                0x000000004000a210                _gp = ABSOLUTE ((. + 0x8000))
                [!provide]                        PROVIDE (gp, _gp)
 *(.rwdata .rwdata.*)
 *(.sdata .sdata.* .gnu.linkonce.s.*)
 .sdata._global_impure_ptr
                0x0000000040002210        0x4 a:/intelfpga_lite/nios2eds/bin/gnu/h-x86_64-mingw32/bin/../lib/gcc/nios2-elf/5.3.0/../../../../../H-x86_64-mingw32/nios2-elf/lib/mhw-mulx\libc.a(lib_a-impure.o)
                0x0000000040002210                _global_impure_ptr
 .sdata._impure_ptr
                0x0000000040002214        0x4 a:/intelfpga_lite/nios2eds/bin/gnu/h-x86_64-mingw32/bin/../lib/gcc/nios2-elf/5.3.0/../../../../../H-x86_64-mingw32/nios2-elf/lib/mhw-mulx\libc.a(lib_a-impure.o)
                0x0000000040002214                _impure_ptr
 .sdata.__mb_cur_max
                0x0000000040002218        0x4 a:/intelfpga_lite/nios2eds/bin/gnu/h-x86_64-mingw32/bin/../lib/gcc/nios2-elf/5.3.0/../../../../../H-x86_64-mingw32/nios2-elf/lib/mhw-mulx\libc.a(lib_a-locale.o)
                0x0000000040002218                __mb_cur_max
 .sdata.__malloc_sbrk_base
                0x000000004000221c        0x4 a:/intelfpga_lite/nios2eds/bin/gnu/h-x86_64-mingw32/bin/../lib/gcc/nios2-elf/5.3.0/../../../../../H-x86_64-mingw32/nios2-elf/lib/mhw-mulx\libc.a(lib_a-mallocr.o)
                0x000000004000221c                __malloc_sbrk_base
 .sdata.__malloc_trim_threshold
                0x0000000040002220        0x4 a:/intelfpga_lite/nios2eds/bin/gnu/h-x86_64-mingw32/bin/../lib/gcc/nios2-elf/5.3.0/../../../../../H-x86_64-mingw32/nios2-elf/lib/mhw-mulx\libc.a(lib_a-mallocr.o)
                0x0000000040002220                __malloc_trim_threshold
 .sdata.__wctomb
                0x0000000040002224        0x4 a:/intelfpga_lite/nios2eds/bin/gnu/h-x86_64-mingw32/bin/../lib/gcc/nios2-elf/5.3.0/../../../../../H-x86_64-mingw32/nios2-elf/lib/mhw-mulx\libc.a(lib_a-wctomb_r.o)
                0x0000000040002224                __wctomb
 .sdata         0x0000000040002228       0x14 ../assdasdads_bsp/\libucosii_bsp.a(alt_dev.o)
                0x0000000040002228                alt_fs_list
                0x0000000040002230                alt_dev_list
                0x0000000040002238                alt_max_fd
 .sdata         0x000000004000223c        0x4 ../assdasdads_bsp/\libucosii_bsp.a(alt_errno.o)
                0x000000004000223c                alt_errno
 .sdata         0x0000000040002240        0x4 ../assdasdads_bsp/\libucosii_bsp.a(alt_sbrk.o)
 .sdata         0x0000000040002244        0x4 ../assdasdads_bsp/\libucosii_bsp.a(alt_env_lock.o)
 .sdata         0x0000000040002248        0x4 ../assdasdads_bsp/\libucosii_bsp.a(alt_malloc_lock.o)
 .sdata         0x000000004000224c       0x72 ../assdasdads_bsp/\libucosii_bsp.a(os_dbg.o)
                0x000000004000224c                OSDebugEn
                0x0000000040002250                OSEndiannessTest
                0x0000000040002254                OSEventEn
                0x0000000040002256                OSEventMax
                0x0000000040002258                OSEventNameSize
                0x000000004000225a                OSEventSize
                0x000000004000225c                OSEventTblSize
                0x000000004000225e                OSEventMultiEn
                0x0000000040002260                OSFlagEn
                0x0000000040002262                OSFlagGrpSize
                0x0000000040002264                OSFlagNodeSize
                0x0000000040002266                OSFlagWidth
                0x0000000040002268                OSFlagMax
                0x000000004000226a                OSFlagNameSize
                0x000000004000226c                OSLowestPrio
                0x000000004000226e                OSMboxEn
                0x0000000040002270                OSMemEn
                0x0000000040002272                OSMemMax
                0x0000000040002274                OSMemNameSize
                0x0000000040002276                OSMemSize
                0x0000000040002278                OSMemTblSize
                0x000000004000227a                OSMutexEn
                0x000000004000227c                OSPtrSize
                0x000000004000227e                OSQEn
                0x0000000040002280                OSQMax
                0x0000000040002282                OSQSize
                0x0000000040002284                OSRdyTblSize
                0x0000000040002286                OSSemEn
                0x0000000040002288                OSStkWidth
                0x000000004000228a                OSTaskCreateEn
                0x000000004000228c                OSTaskCreateExtEn
                0x000000004000228e                OSTaskDelEn
                0x0000000040002290                OSTaskIdleStkSize