Archive member included to satisfy reference by file (symbol)

a:/intelfpga_lite/nios2eds/bin/gnu/h-x86_64-mingw32/bin/../lib/gcc/nios2-elf/5.3.0/mhw-mulx\libgcc.a(_popcountsi2.o)
                              obj/default/hello_ucosii.o (__popcountsi2)
a:/intelfpga_lite/nios2eds/bin/gnu/h-x86_64-mingw32/bin/../lib/gcc/nios2-elf/5.3.0/../../../../../H-x86_64-mingw32/nios2-elf/lib/mhw-mulx\libc.a(lib_a-printf.o)
                              obj/default/hello_ucosii.o (printf)
a:/intelfpga_lite/nios2eds/bin/gnu/h-x86_64-mingw32/bin/../lib/gcc/nios2-elf/5.3.0/../../../../../H-x86_64-mingw32/nios2-elf/lib/mhw-mulx\libc.a(lib_a-vfprintf.o)
                              a:/intelfpga_lite/nios2eds/bin/gnu/h-x86_64-mingw32/bin/../lib/gcc/nios2-elf/5.3.0/../../../../../H-x86_64-mingw32/nios2-elf/lib/mhw-mulx\libc.a(lib_a-printf.o) (___vfprintf_internal_r)
a:/intelfpga_lite/nios2eds/bin/gnu/h-x86_64-mingw32/bin/../lib/gcc/nios2-elf/5.3.0/../../../../../H-x86_64-mingw32/nios2-elf/lib/mhw-mulx\libc.a(lib_a-wsetup.o)
                              a:/intelfpga_lite/nios2eds/bin/gnu/h-x86_64-mingw32/bin/../lib/gcc/nios2-elf/5.3.0/../../../../../H-x86_64-mingw32/nios2-elf/lib/mhw-mulx\libc.a(lib_a-vfprintf.o) (__swsetup_r)
a:/intelfpga_lite/nios2eds/bin/gnu/h-x86_64-mingw32/bin/../lib/gcc/nios2-elf/5.3.0/../../../../../H-x86_64-mingw32/nios2-elf/lib/mhw-mulx\libc.a(lib_a-dtoa.o)
                              a:/intelfpga_lite/nios2eds/bin/gnu/h-x86_64-mingw32/bin/../lib/gcc/nios2-elf/5.3.0/../../../../../H-x86_64-mingw32/nios2-elf/lib/mhw-mulx\libc.a(lib_a-vfprintf.o) (_dtoa_r)
a:/intelfpga_lite/nios2eds/bin/gnu/h-x86_64-mingw32/bin/../lib/gcc/nios2-elf/5.3.0/../../../../../H-x86_64-mingw32/nios2-elf/lib/mhw-mulx\libc.a(lib_a-fflush.o)
                              a:/intelfpga_lite/nios2eds/bin/gnu/h-x86_64-mingw32/bin/../lib/gcc/nios2-elf/5.3.0/../../../../../H-x86_64-mingw32/nios2-elf/lib/mhw-mulx\libc.a(lib_a-vfprintf.o) (_fflush_r)
a:/intelfpga_lite/nios2eds/bin/gnu/h-x86_64-mingw32/bin/../lib/gcc/nios2-elf/5.3.0/../../../../../H-x86_64-mingw32/nios2-elf/lib/mhw-mulx\libc.a(lib_a-findfp.o)
                              a:/intelfpga_lite/nios2eds/bin/gnu/h-x86_64-mingw32/bin/../lib/gcc/nios2-elf/5.3.0/../../../../../H-x86_64-mingw32/nios2-elf/lib/mhw-mulx\libc.a(lib_a-vfprintf.o) (__sinit)
a:/intelfpga_lite/nios2eds/bin/gnu/h-x86_64-mingw32/bin/../lib/gcc/nios2-elf/5.3.0/../../../../../H-x86_64-mingw32/nios2-elf/lib/mhw-mulx\libc.a(lib_a-freer.o)
                              a:/intelfpga_lite/nios2eds/bin/gnu/h-x86_64-mingw32/bin/../lib/gcc/nios2-elf/5.3.0/../../../../../H-x86_64-mingw32/nios2-elf/lib/mhw-mulx\libc.a(lib_a-wsetup.o) (_free_r)
a:/intelfpga_lite/nios2eds/bin/gnu/h-x86_64-mingw32/bin/../lib/gcc/nios2-elf/5.3.0/../../../../../H-x86_64-mingw32/nios2-elf/lib/mhw-mulx\libc.a(lib_a-fwalk.o)
                              a:/intelfpga_lite/nios2eds/bin/gnu/h-x86_64-mingw32/bin/../lib/gcc/nios2-elf/5.3.0/../../../../../H-x86_64-mingw32/nios2-elf/lib/mhw-mulx\libc.a(lib_a-findfp.o) (_fwalk)
a:/intelfpga_lite/nios2eds/bin/gnu/h-x86_64-mingw32/bin/../lib/gcc/nios2-elf/5.3.0/../../../../../H-x86_64-mingw32/nios2-elf/lib/mhw-mulx\libc.a(lib_a-impure.o)
                              a:/intelfpga_lite/nios2eds/bin/gnu/h-x86_64-mingw32/bin/../lib/gcc/nios2-elf/5.3.0/../../../../../H-x86_64-mingw32/nios2-elf/lib/mhw-mulx\libc.a(lib_a-fflush.o) (_global_impure_ptr)
a:/intelfpga_lite/nios2eds/bin/gnu/h-x86_64-mingw32/bin/../lib/gcc/nios2-elf/5.3.0/../../../../../H-x86_64-mingw32/nios2-elf/lib/mhw-mulx\libc.a(lib_a-locale.o)
                              a:/intelfpga_lite/nios2eds/bin/gnu/h-x86_64-mingw32/bin/../lib/gcc/nios2-elf/5.3.0/../../../../../H-x86_64-mingw32/nios2-elf/lib/mhw-mulx\libc.a(lib_a-vfprintf.o) (_localeconv_r)
a:/intelfpga_lite/nios2eds/bin/gnu/h-x86_64-mingw32/bin/../lib/gcc/nios2-elf/5.3.0/../../../../../H-x86_64-mingw32/nios2-elf/lib/mhw-mulx\libc.a(lib_a-makebuf.o)
                              a:/intelfpga_lite/nios2eds/bin/gnu/h-x86_64-mingw32/bin/../lib/gcc/nios2-elf/5.3.0/../../../../../H-x86_64-mingw32/nios2-elf/lib/mhw-mulx\libc.a(lib_a-wsetup.o) (__smakebuf_r)
a:/intelfpga_lite/nios2eds/bin/gnu/h-x86_64-mingw32/bin/../lib/gcc/nios2-elf/5.3.0/../../../../../H-x86_64-mingw32/nios2-elf/lib/mhw-mulx\libc.a(lib_a-mallocr.o)
                              a:/intelfpga_lite/nios2eds/bin/gnu/h-x86_64-mingw32/bin/../lib/gcc/nios2-elf/5.3.0/../../../../../H-x86_64-mingw32/nios2-elf/lib/mhw-mulx\libc.a(lib_a-findfp.o) (_malloc_r)
a:/intelfpga_lite/nios2eds/bin/gnu/h-x86_64-mingw32/bin/../lib/gcc/nios2-elf/5.3.0/../../../../../H-x86_64-mingw32/nios2-elf/lib/mhw-mulx\libc.a(lib_a-memchr.o)
                              a:/intelfpga_lite/nios2eds/bin/gnu/h-x86_64-mingw32/bin/../lib/gcc/nios2-elf/5.3.0/../../../../../H-x86_64-mingw32/nios2-elf/lib/mhw-mulx\libc.a(lib_a-vfprintf.o) (memchr)
[...]
Memory Configuration

Name             Origin             Length             Attributes
reset            0x0000000000000000 0x0000000000000020
SDRAM            0x0000000000000020 0x0000000001ffffe0
Onchip_SRAM      0x0000000008000000 0x0000000000040000
VGA_Subsystem_Char_Buf_Subsystem_Onchip_SRAM 0x0000000009000000 0x0000000000002000
ARM_A9_HPS_axi_sdram 0x0000000040000000 0x0000000040000000
*default*        0x0000000000000000 0xffffffffffffffff

Linker script and memory map

LOAD ../lab5-6_bsp//obj/HAL/src/crt0.o
LOAD obj/default/hello_ucosii.o
LOAD a:/intelfpga_lite/nios2eds/bin/gnu/h-x86_64-mingw32/bin/../lib/gcc/nios2-elf/5.3.0/../../../../../H-x86_64-mingw32/nios2-elf/lib/mhw-mulx\libstdc++.a
LOAD a:/intelfpga_lite/nios2eds/bin/gnu/h-x86_64-mingw32/bin/../lib/gcc/nios2-elf/5.3.0/../../../../../H-x86_64-mingw32/nios2-elf/lib/mhw-mulx\libm.a
LOAD a:/intelfpga_lite/nios2eds/bin/gnu/h-x86_64-mingw32/bin/../lib/gcc/nios2-elf/5.3.0/mhw-mulx\libgcc.a
START GROUP
LOAD a:/intelfpga_lite/nios2eds/bin/gnu/h-x86_64-mingw32/bin/../lib/gcc/nios2-elf/5.3.0/../../../../../H-x86_64-mingw32/nios2-elf/lib/mhw-mulx\libc.a
LOAD a:/intelfpga_lite/nios2eds/bin/gnu/h-x86_64-mingw32/bin/../lib/gcc/nios2-elf/5.3.0/mhw-mulx\libgcc.a
LOAD ../lab5-6_bsp/\libucosii_bsp.a
LOAD a:/intelfpga_lite/nios2eds/bin/gnu/h-x86_64-mingw32/bin/../lib/gcc/nios2-elf/5.3.0/../../../../../H-x86_64-mingw32/nios2-elf/lib/mhw-mulx\libm.a
END GROUP
LOAD a:/intelfpga_lite/nios2eds/bin/gnu/h-x86_64-mingw32/bin/../lib/gcc/nios2-elf/5.3.0/mhw-mulx\libgcc.a
                0x0000000000000000                __alt_mem_SDRAM = 0x0
                0x0000000008000000                __alt_mem_Onchip_SRAM = 0x8000000
                0x0000000009000000                __alt_mem_VGA_Subsystem_Char_Buf_Subsystem_Onchip_SRAM = 0x9000000
                0x0000000040000000                __alt_mem_ARM_A9_HPS_axi_sdram = 0x40000000

.entry          0x0000000000000000       0x20
 *(.entry)
 .entry         0x0000000000000000       0x20 ../lab5-6_bsp//obj/HAL/src/crt0.o
                0x0000000000000000                __reset

.exceptions     0x0000000000000020      0x228
                0x0000000000000020                PROVIDE (__ram_exceptions_start, ABSOLUTE (.))
                0x0000000000000020                . = ALIGN (0x20)
 *(.irq)
 *(.exceptions.entry.label)
 .exceptions.entry.label
                0x0000000000000020        0x0 ../lab5-6_bsp/\libucosii_bsp.a(alt_irq_entry.o)
                0x0000000000000020                alt_irq_entry
 .exceptions.entry.label
                0x0000000000000020        0x0 ../lab5-6_bsp/\libucosii_bsp.a(alt_exception_entry.o)
                0x0000000000000020                alt_exception
 *(.exceptions.entry.user)
 *(.exceptions.entry.ecc_fatal)
 *(.exceptions.entry)
 .exceptions.entry
                0x0000000000000020       0x54 ../lab5-6_bsp/\libucosii_bsp.a(alt_exception_entry.o)
 *(.exceptions.irqtest.user)
 *(.exceptions.irqtest)
 .exceptions.irqtest
                0x0000000000000074       0x10 ../lab5-6_bsp/\libucosii_bsp.a(alt_irq_entry.o)
 *(.exceptions.irqhandler.user)
 *(.exceptions.irqhandler)
 .exceptions.irqhandler
                0x0000000000000084        0x4 ../lab5-6_bsp/\libucosii_bsp.a(alt_irq_entry.o)
 *(.exceptions.irqreturn.user)
 *(.exceptions.irqreturn)
 .exceptions.irqreturn
                0x0000000000000088        0x4 ../lab5-6_bsp/\libucosii_bsp.a(alt_irq_entry.o)
 *(.exceptions.notirq.label)
 .exceptions.notirq.label
                0x000000000000008c        0x0 ../lab5-6_bsp/\libucosii_bsp.a(alt_irq_entry.o)
 *(.exceptions.notirq.user)
 *(.exceptions.notirq)
 .exceptions.notirq
                0x000000000000008c        0x8 ../lab5-6_bsp/\libucosii_bsp.a(alt_exception_entry.o)
 *(.exceptions.soft.user)
 *(.exceptions.soft)
 *(.exceptions.unknown.user)
 *(.exceptions.unknown)
 .exceptions.unknown
                0x0000000000000094       0x14 ../lab5-6_bsp/\libucosii_bsp.a(alt_exception_entry.o)
 *(.exceptions.exit.label)
 .exceptions.exit.label
                0x00000000000000a8        0x0 ../lab5-6_bsp/\libucosii_bsp.a(alt_irq_entry.o)
 .exceptions.exit.label
                0x00000000000000a8        0x0 ../lab5-6_bsp/\libucosii_bsp.a(alt_exception_entry.o)
 *(.exceptions.exit.user)
 *(.exceptions.exit)
 .exceptions.exit
                0x00000000000000a8       0x54 ../lab5-6_bsp/\libucosii_bsp.a(alt_exception_entry.o)
 *(.exceptions)
 .exceptions    0x00000000000000fc       0xd8 ../lab5-6_bsp/\libucosii_bsp.a(alt_irq_handler.o)
                0x00000000000000fc                alt_irq_handler
 .exceptions    0x00000000000001d4       0x74 ../lab5-6_bsp/\libucosii_bsp.a(alt_instruction_exception_entry.o)
                0x00000000000001d4                alt_instruction_exception_entry
                0x0000000000000248                PROVIDE (__ram_exceptions_end, ABSOLUTE (.))
                0x0000000000000020                PROVIDE (__flash_exceptions_start, LOADADDR (.exceptions))

.text           0x0000000000000248    0x19070
                [!provide]                        PROVIDE (stext, ABSOLUTE (.))
 *(.interp)
 *(.hash)
 *(.dynsym)
 *(.dynstr)
 *(.gnu.version)
 *(.gnu.version_d)
 *(.gnu.version_r)
 *(.rel.init)
 *(.rela.init)
 *(.rel.text .rel.text.* .rel.gnu.linkonce.t.*)
 *(.rela.text .rela.text.* .rela.gnu.linkonce.t.*)
 *(.rel.fini)
 *(.rela.fini)
 *(.rel.rodata .rel.rodata.* .rel.gnu.linkonce.r.*)
 *(.rela.rodata .rela.rodata.* .rela.gnu.linkonce.r.*)
 *(.rel.data .rel.data.* .rel.gnu.linkonce.d.*)
 *(.rela.data .rela.data.* .rela.gnu.linkonce.d.*)
 *(.rel.tdata .rel.tdata.* .rel.gnu.linkonce.td.*)
 *(.rela.tdata .rela.tdata.* .rela.gnu.linkonce.td.*)
 *(.rel.tbss .rel.tbss.* .rel.gnu.linkonce.tb.*)
 *(.rela.tbss .rela.tbss.* .rela.gnu.linkonce.tb.*)
 *(.rel.ctors)
 *(.rela.ctors)
 *(.rel.dtors)
 *(.rela.dtors)
 *(.rel.got)
 *(.rela.got)
 *(.rel.sdata .rel.sdata.* .rel.gnu.linkonce.s.*)
 *(.rela.sdata .rela.sdata.* .rela.gnu.linkonce.s.*)
 *(.rel.sbss .rel.sbss.* .rel.gnu.linkonce.sb.*)
 *(.rela.sbss .rela.sbss.* .rela.gnu.linkonce.sb.*)
 *(.rel.sdata2 .rel.sdata2.* .rel.gnu.linkonce.s2.*)
 *(.rela.sdata2 .rela.sdata2.* .rela.gnu.linkonce.s2.*)
 *(.rel.sbss2 .rel.sbss2.* .rel.gnu.linkonce.sb2.*)
 *(.rela.sbss2 .rela.sbss2.* .rela.gnu.linkonce.sb2.*)
 *(.rel.bss .rel.bss.* .rel.gnu.linkonce.b.*)
 *(.rela.bss .rela.bss.* .rela.gnu.linkonce.b.*)
 *(.rel.plt)
 *(.rela.plt)
 *(.rel.dyn)
 *(.init)
 *(.plt)
 *(.text .stub .text.* .gnu.linkonce.t.*)
 .text          0x0000000000000248       0x3c ../lab5-6_bsp//obj/HAL/src/crt0.o
                0x0000000000000248                _start
 .text          0x0000000000000284      0xb9c obj/default/hello_ucosii.o
                0x0000000000000284                wait
                0x00000000000002c0                cycle
                0x0000000000000338                task1
                0x00000000000006ec                task2
                0x0000000000000798                task3
                0x0000000000000844                task4
                0x00000000000008f0                task5
                0x000000000000099c                task6
                0x0000000000000a48                task7
                0x0000000000000af4                main
 .text          0x0000000000000e20       0x54 a:/intelfpga_lite/nios2eds/bin/gnu/h-x86_64-mingw32/bin/../lib/gcc/nios2-elf/5.3.0/mhw-mulx\libgcc.a(_popcountsi2.o)
                0x0000000000000e20                __popcountsi2
 .text          0x0000000000000e74        0x0 a:/intelfpga_lite/nios2eds/bin/gnu/h-x86_64-mingw32/bin/../lib/gcc/nios2-elf/5.3.0/../../../../../H-x86_64-mingw32/nios2-elf/lib/mhw-mulx\libc.a(lib_a-printf.o)
 .text._printf_r
                0x0000000000000e74       0x30 a:/intelfpga_lite/nios2eds/bin/gnu/h-x86_64-mingw32/bin/../lib/gcc/nios2-elf/5.3.0/../../../../../H-x86_64-mingw32/nios2-elf/lib/mhw-mulx\libc.a(lib_a-printf.o)
                0x0000000000000e74                _printf_r
 .text.printf   0x0000000000000ea4       0x3c a:/intelfpga_lite/nios2eds/bin/gnu/h-x86_64-mingw32/bin/../lib/gcc/nios2-elf/5.3.0/../../../../../H-x86_64-mingw32/nios2-elf/lib/mhw-mulx\libc.a(lib_a-printf.o)
                0x0000000000000ea4                printf
 .text          0x0000000000000ee0        0x0 a:/intelfpga_lite/nios2eds/bin/gnu/h-x86_64-mingw32/bin/../lib/gcc/nios2-elf/5.3.0/../../../../../H-x86_64-mingw32/nios2-elf/lib/mhw-mulx\libc.a(lib_a-vfprintf.o)
 .text.___vfprintf_internal_r
                0x0000000000000ee0     0x21f8 a:/intelfpga_lite/nios2eds/bin/gnu/h-x86_64-mingw32/bin/../lib/gcc/nios2-elf/5.3.0/../../../../../H-x86_64-mingw32/nios2-elf/lib/mhw-mulx\libc.a(lib_a-vfprintf.o)
                0x0000000000000ee0                ___vfprintf_internal_r
 .text.__vfprintf_internal
                0x00000000000030d8       0x1c a:/intelfpga_lite/nios2eds/bin/gnu/h-x86_64-mingw32/bin/../lib/gcc/nios2-elf/5.3.0/../../../../../H-x86_64-mingw32/nios2-elf/lib/mhw-mulx\libc.a(lib_a-vfprintf.o)
                0x00000000000030d8                __vfprintf_internal
 .text.__sbprintf
                0x00000000000030f4       0xbc a:/intelfpga_lite/nios2eds/bin/gnu/h-x86_64-mingw32/bin/../lib/gcc/nios2-elf/5.3.0/../../../../../H-x86_64-mingw32/nios2-elf/lib/mhw-mulx\libc.a(lib_a-vfprintf.o)
 .text          0x00000000000031b0        0x0 a:/intelfpga_lite/nios2eds/bin/gnu/h-x86_64-mingw32/bin/../lib/gcc/nios2-elf/5.3.0/../../../../../H-x86_64-mingw32/nios2-elf/lib/mhw-mulx\libc.a(lib_a-wsetup.o)
 .text.__swsetup_r
                0x00000000000031b0      0x154 a:/intelfpga_lite/nios2eds/bin/gnu/h-x86_64-mingw32/bin/../lib/gcc/nios2-elf/5.3.0/../../../../../H-x86_64-mingw32/nios2-elf/lib/mhw-mulx\libc.a(lib_a-wsetup.o)
                0x00000000000031b0                __swsetup_r
 .text          0x0000000000003304        0x0 a:/intelfpga_lite/nios2eds/bin/gnu/h-x86_64-mingw32/bin/../lib/gcc/nios2-elf/5.3.0/../../../../../H-x86_64-mingw32/nios2-elf/lib/mhw-mulx\libc.a(lib_a-dtoa.o)
 .text.quorem   0x0000000000003304      0x200 a:/intelfpga_lite/nios2eds/bin/gnu/h-x86_64-mingw32/bin/../lib/gcc/nios2-elf/5.3.0/../../../../../H-x86_64-mingw32/nios2-elf/lib/mhw-mulx\libc.a(lib_a-dtoa.o)
 .text._dtoa_r  0x0000000000003504     0x1688 a:/intelfpga_lite/nios2eds/bin/gnu/h-x86_64-mingw32/bin/../lib/gcc/nios2-elf/5.3.0/../../../../../H-x86_64-mingw32/nios2-elf/lib/mhw-mulx\libc.a(lib_a-dtoa.o)
                0x0000000000003504                _dtoa_r
 .text          0x0000000000004b8c        0x0 a:/intelfpga_lite/nios2eds/bin/gnu/h-x86_64-mingw32/bin/../lib/gcc/nios2-elf/5.3.0/../../../../../H-x86_64-mingw32/nios2-elf/lib/mhw-mulx\libc.a(lib_a-fflush.o)
 .text.__sflush_r
                0x0000000000004b8c      0x21c a:/intelfpga_lite/nios2eds/bin/gnu/h-x86_64-mingw32/bin/../lib/gcc/nios2-elf/5.3.0/../../../../../H-x86_64-mingw32/nios2-elf/lib/mhw-mulx\libc.a(lib_a-fflush.o)
                0x0000000000004b8c                __sflush_r
 .text._fflush_r
                0x0000000000004da8       0x5c a:/intelfpga_lite/nios2eds/bin/gnu/h-x86_64-mingw32/bin/../lib/gcc/nios2-elf/5.3.0/../../../../../H-x86_64-mingw32/nios2-elf/lib/mhw-mulx\libc.a(lib_a-fflush.o)
                0x0000000000004da8                _fflush_r
 .text.fflush   0x0000000000004e04       0x30 a:/intelfpga_lite/nios2eds/bin/gnu/h-x86_64-mingw32/bin/../lib/gcc/nios2-elf/5.3.0/../../../../../H-x86_64-mingw32/nios2-elf/lib/mhw-mulx\libc.a(lib_a-fflush.o)
                0x0000000000004e04                fflush
 .text          0x0000000000004e34        0x0 a:/intelfpga_lite/nios2eds/bin/gnu/h-x86_64-mingw32/bin/../lib/gcc/nios2-elf/5.3.0/../../../../../H-x86_64-mingw32/nios2-elf/lib/mhw-mulx\libc.a(lib_a-findfp.o)
 .text.__fp_unlock
                0x0000000000004e34        0x8 a:/intelfpga_lite/nios2eds/bin/gnu/h-x86_64-mingw32/bin/../lib/gcc/nios2-elf/5.3.0/../../../../../H-x86_64-mingw32/nios2-elf/lib/mhw-mulx\libc.a(lib_a-findfp.o)
 .text._cleanup_r
                0x0000000000004e3c        0xc a:/intelfpga_lite/nios2eds/bin/gnu/h-x86_64-mingw32/bin/../lib/gcc/nios2-elf/5.3.0/../../../../../H-x86_64-mingw32/nios2-elf/lib/mhw-mulx\libc.a(lib_a-findfp.o)
                0x0000000000004e3c                _cleanup_r
 .text.__sinit.part.1
                0x0000000000004e48      0x19c a:/intelfpga_lite/nios2eds/bin/gnu/h-x86_64-mingw32/bin/../lib/gcc/nios2-elf/5.3.0/../../../../../H-x86_64-mingw32/nios2-elf/lib/mhw-mulx\libc.a(lib_a-findfp.o)
 .text.__fp_lock
                0x0000000000004fe4        0x8 a:/intelfpga_lite/nios2eds/bin/gnu/h-x86_64-mingw32/bin/../lib/gcc/nios2-elf/5.3.0/../../../../../H-x86_64-mingw32/nios2-elf/lib/mhw-mulx\libc.a(lib_a-findfp.o)
 .text.__sfmoreglue
                0x0000000000004fec       0x68 a:/intelfpga_lite/nios2eds/bin/gnu/h-x86_64-mingw32/bin/../lib/gcc/nios2-elf/5.3.0/../../../../../H-x86_64-mingw32/nios2-elf/lib/mhw-mulx\libc.a(lib_a-findfp.o)
                0x0000000000004fec                __sfmoreglue
 .text.__sfp    0x0000000000005054      0x118 a:/intelfpga_lite/nios2eds/bin/gnu/h-x86_64-mingw32/bin/../lib/gcc/nios2-elf/5.3.0/../../../../../H-x86_64-mingw32/nios2-elf/lib/mhw-mulx\libc.a(lib_a-findfp.o)
                0x0000000000005054                __sfp
 .text._cleanup
                0x000000000000516c       0x18 a:/intelfpga_lite/nios2eds/bin/gnu/h-x86_64-mingw32/bin/../lib/gcc/nios2-elf/5.3.0/../../../../../H-x86_64-mingw32/nios2-elf/lib/mhw-mulx\libc.a(lib_a-findfp.o)
                0x000000000000516c                _cleanup
 .text.__sinit  0x0000000000005184       0x10 a:/intelfpga_lite/nios2eds/bin/gnu/h-x86_64-mingw32/bin/../lib/gcc/nios2-elf/5.3.0/../../../../../H-x86_64-mingw32/nios2-elf/lib/mhw-mulx\libc.a(lib_a-findfp.o)
                0x0000000000005184                __sinit
 .text.__sfp_lock_acquire
                0x0000000000005194        0x4 a:/intelfpga_lite/nios2eds/bin/gnu/h-x86_64-mingw32/bin/../lib/gcc/nios2-elf/5.3.0/../../../../../H-x86_64-mingw32/nios2-elf/lib/mhw-mulx\libc.a(lib_a-findfp.o)
                0x0000000000005194                __sfp_lock_acquire
 .text.__sfp_lock_release
                0x0000000000005198        0x4 a:/intelfpga_lite/nios2eds/bin/gnu/h-x86_64-mingw32/bin/../lib/gcc/nios2-elf/5.3.0/../../../../../H-x86_64-mingw32/nios2-elf/lib/mhw-mulx\libc.a(lib_a-findfp.o)
                0x0000000000005198                __sfp_lock_release
 .text.__sinit_lock_acquire
                0x000000000000519c        0x4 a:/intelfpga_lite/nios2eds/bin/gnu/h-x86_64-mingw32/bin/../lib/gcc/nios2-elf/5.3.0/../../../../../H-x86_64-mingw32/nios2-elf/lib/mhw-mulx\libc.a(lib_a-findfp.o)
                0x000000000000519c                __sinit_lock_acquire
 .text.__sinit_lock_release
                0x00000000000051a0        0x4 a:/intelfpga_lite/nios2eds/bin/gnu/h-x86_64-mingw32/bin/../lib/gcc/nios2-elf/5.3.0/../../../../../H-x86_64-mingw32/nios2-elf/lib/mhw-mulx\libc.a(lib_a-findfp.o)
                0x00000000000051a0                __sinit_lock_release
 .text.__fp_lock_all
                0x00000000000051a4       0x18 a:/intelfpga_lite/nios2eds/bin/gnu/h-x86_64-mingw32/bin/../lib/gcc/nios2-elf/5.3.0/../../../../../H-x86_64-mingw32/nios2-elf/lib/mhw-mulx\libc.a(lib_a-findfp.o)
                0x00000000000051a4                __fp_lock_all
 .text.__fp_unlock_all
                0x00000000000051bc       0x18 a:/intelfpga_lite/nios2eds/bin/gnu/h-x86_64-mingw32/bin/../lib/gcc/nios2-elf/5.3.0/../../../../../H-x86_64-mingw32/nios2-elf/lib/mhw-mulx\libc.a(lib_a-findfp.o)
                0x00000000000051bc                __fp_unlock_all
 .text          0x00000000000051d4        0x0 a:/intelfpga_lite/nios2eds/bin/gnu/h-x86_64-mingw32/bin/../lib/gcc/nios2-elf/5.3.0/../../../../../H-x86_64-mingw32/nios2-elf/lib/mhw-mulx\libc.a(lib_a-freer.o)
 .text._malloc_trim_r
                0x00000000000051d4      0x124 a:/intelfpga_lite/nios2eds/bin/gnu/h-x86_64-mingw32/bin/../lib/gcc/nios2-elf/5.3.0/../../../../../H-x86_64-mingw32/nios2-elf/lib/mhw-mulx\libc.a(lib_a-freer.o)
                0x00000000000051d4                _malloc_trim_r
 .text._free_r  0x00000000000052f8      0x310 a:/intelfpga_lite/nios2eds/bin/gnu/h-x86_64-mingw32/bin/../lib/gcc/nios2-elf/5.3.0/../../../../../H-x86_64-mingw32/nios2-elf/lib/mhw-mulx\libc.a(lib_a-freer.o)
                0x00000000000052f8                _free_r
 .text          0x0000000000005608        0x0 a:/intelfpga_lite/nios2eds/bin/gnu/h-x86_64-mingw32/bin/../lib/gcc/nios2-elf/5.3.0/../../../../../H-x86_64-mingw32/nios2-elf/lib/mhw-mulx\libc.a(lib_a-fwalk.o)
 .text._fwalk   0x0000000000005608       0xc4 a:/intelfpga_lite/nios2eds/bin/gnu/h-x86_64-mingw32/bin/../lib/gcc/nios2-elf/5.3.0/../../../../../H-x86_64-mingw32/nios2-elf/lib/mhw-mulx\libc.a(lib_a-fwalk.o)
                0x0000000000005608                _fwalk
 .text._fwalk_reent
                0x00000000000056cc       0xc4 a:/intelfpga_lite/nios2eds/bin/gnu/h-x86_64-mingw32/bin/../lib/gcc/nios2-elf/5.3.0/../../../../../H-x86_64-mingw32/nios2-elf/lib/mhw-mulx\libc.a(lib_a-fwalk.o)
                0x00000000000056cc                _fwalk_reent
 .text          0x0000000000005790        0x0 a:/intelfpga_lite/nios2eds/bin/gnu/h-x86_64-mingw32/bin/../lib/gcc/nios2-elf/5.3.0/../../../../../H-x86_64-mingw32/nios2-elf/lib/mhw-mulx\libc.a(lib_a-impure.o)
 .text          0x0000000000005790        0x0 a:/intelfpga_lite/nios2eds/bin/gnu/h-x86_64-mingw32/bin/../lib/gcc/nios2-elf/5.3.0/../../../../../H-x86_64-mingw32/nios2-elf/lib/mhw-mulx\libc.a(lib_a-locale.o)
 .text._setlocale_r
                0x0000000000005790       0x7c a:/intelfpga_lite/nios2eds/bin/gnu/h-x86_64-mingw32/bin/../lib/gcc/nios2-elf/5.3.0/../../../../../H-x86_64-mingw32/nios2-elf/lib/mhw-mulx\libc.a(lib_a-locale.o)
                0x0000000000005790                _setlocale_r
 .text.__locale_charset
                0x000000000000580c        0xc a:/intelfpga_lite/nios2eds/bin/gnu/h-x86_64-mingw32/bin/../lib/gcc/nios2-elf/5.3.0/../../../../../H-x86_64-mingw32/nios2-elf/lib/mhw-mulx\libc.a(lib_a-locale.o)
                0x000000000000580c                __locale_charset
 .text.__locale_mb_cur_max
                0x0000000000005818       0x10 a:/intelfpga_lite/nios2eds/bin/gnu/h-x86_64-mingw32/bin/../lib/gcc/nios2-elf/5.3.0/../../../../../H-x86_64-mingw32/nios2-elf/lib/mhw-mulx\libc.a(lib_a-locale.o)
                0x0000000000005818                __locale_mb_cur_max
 .text.__locale_msgcharset
                0x0000000000005828        0xc a:/intelfpga_lite/nios2eds/bin/gnu/h-x86_64-mingw32/bin/../lib/gcc/nios2-elf/5.3.0/../../../../../H-x86_64-mingw32/nios2-elf/lib/mhw-mulx\libc.a(lib_a-locale.o)
                0x0000000000005828                __locale_msgcharset
 .text.__locale_cjk_lang
                0x0000000000005834        0x8 a:/intelfpga_lite/nios2eds/bin/gnu/h-x86_64-mingw32/bin/../lib/gcc/nios2-elf/5.3.0/../../../../../H-x86_64-mingw32/nios2-elf/lib/mhw-mulx\libc.a(lib_a-locale.o)
                0x0000000000005834                __locale_cjk_lang
 .text._localeconv_r
                0x000000000000583c        0xc a:/intelfpga_lite/nios2eds/bin/gnu/h-x86_64-mingw32/bin/../lib/gcc/nios2-elf/5.3.0/../../../../../H-x86_64-mingw32/nios2-elf/lib/mhw-mulx\libc.a(lib_a-locale.o)
                0x000000000000583c                _localeconv_r
 .text.setlocale
                0x0000000000005848       0x18 a:/intelfpga_lite/nios2eds/bin/gnu/h-x86_64-mingw32/bin/../lib/gcc/nios2-elf/5.3.0/../../../../../H-x86_64-mingw32/nios2-elf/lib/mhw-mulx\libc.a(lib_a-locale.o)
                0x0000000000005848                setlocale
 .text.localeconv
                0x0000000000005860        0xc a:/intelfpga_lite/nios2eds/bin/gnu/h-x86_64-mingw32/bin/../lib/gcc/nios2-elf/5.3.0/../../../../../H-x86_64-mingw32/nios2-elf/lib/mhw-mulx\libc.a(lib_a-locale.o)
                0x0000000000005860                localeconv
 .text          0x000000000000586c        0x0 a:/intelfpga_lite/nios2eds/bin/gnu/h-x86_64-mingw32/bin/../lib/gcc/nios2-elf/5.3.0/../../../../../H-x86_64-mingw32/nios2-elf/lib/mhw-mulx\libc.a(lib_a-makebuf.o)
 .text.__smakebuf_r
                0x000000000000586c      0x1bc a:/intelfpga_lite/nios2eds/bin/gnu/h-x86_64-mingw32/bin/../lib/gcc/nios2-elf/5.3.0/../../../../../H-x86_64-mingw32/nios2-elf/lib/mhw-mulx\libc.a(lib_a-makebuf.o)
                0x000000000000586c                __smakebuf_r
 .text          0x0000000000005a28        0x0 a:/intelfpga_lite/nios2eds/bin/gnu/h-x86_64-mingw32/bin/../lib/gcc/nios2-elf/5.3.0/../../../../../H-x86_64-mingw32/nios2-elf/lib/mhw-mulx\libc.a(lib_a-mallocr.o)
 .text._malloc_r
                0x0000000000005a28      0x80c a:/intelfpga_lite/nios2eds/bin/gnu/h-x86_64-mingw32/bin/../lib/gcc/nios2-elf/5.3.0/../../../../../H-x86_64-mingw32/nios2-elf/lib/mhw-mulx\libc.a(lib_a-mallocr.o)
                0x0000000000005a28                _malloc_r
 .text          0x0000000000006234        0x0 a:/intelfpga_lite/nios2eds/bin/gnu/h-x86_64-mingw32/bin/../lib/gcc/nios2-elf/5.3.0/../../../../../H-x86_64-mingw32/nios2-elf/lib/mhw-mulx\libc.a(lib_a-memchr.o)
 .text.memchr   0x0000000000006234       0xe4 a:/intelfpga_lite/nios2eds/bin/gnu/h-x86_64-mingw32/bin/../lib/gcc/nios2-elf/5.3.0/../../../../../H-x86_64-mingw32/nios2-elf/lib/mhw-mulx\libc.a(lib_a-memchr.o)
                0x0000000000006234                memchr
 .text          0x0000000000006318        0x0 a:/intelfpga_lite/nios2eds/bin/gnu/h-x86_64-mingw32/bin/../lib/gcc/nios2-elf/5.3.0/../../../../../H-x86_64-mingw32/nios2-elf/lib/mhw-mulx\libc.a(lib_a-memcpy.o)
 .text.memcpy   0x0000000000006318      0x148 a:/intelfpga_lite/nios2eds/bin/gnu/h-x86_64-mingw32/bin/../lib/gcc/nios2-elf/5.3.0/../../../../../H-x86_64-mingw32/nios2-elf/lib/mhw-mulx\libc.a(lib_a-memcpy.o)
                0x0000000000006318                memcpy
 .text          0x0000000000006460        0x0 a:/intelfpga_lite/nios2eds/bin/gnu/h-x86_64-mingw32/bin/../lib/gcc/nios2-elf/5.3.0/../../../../../H-x86_64-mingw32/nios2-elf/lib/mhw-mulx\libc.a(lib_a-memset.o)
 .text.memset   0x0000000000006460      0x128 a:/intelfpga_lite/nios2eds/bin/gnu/h-x86_64-mingw32/bin/../lib/gcc/nios2-elf/5.3.0/../../../../../H-x86_64-mingw32/nios2-elf/lib/mhw-mulx\libc.a(lib_a-memset.o)
                0x0000000000006460                memset
 .text          0x0000000000006588        0x0 a:/intelfpga_lite/nios2eds/bin/gnu/h-x86_64-mingw32/bin/../lib/gcc/nios2-elf/5.3.0/../../../../../H-x86_64-mingw32/nios2-elf/lib/mhw-mulx\libc.a(lib_a-mprec.o)
 .text._Balloc  0x0000000000006588       0xa8 a:/intelfpga_lite/nios2eds/bin/gnu/h-x86_64-mingw32/bin/../lib/gcc/nios2-elf/5.3.0/../../../../../H-x86_64-mingw32/nios2-elf/lib/mhw-mulx\libc.a(lib_a-mprec.o)
                0x0000000000006588                _Balloc
 .text._Bfree   0x0000000000006630       0x28 a:/intelfpga_lite/nios2eds/bin/gnu/h-x86_64-mingw32/bin/../lib/gcc/nios2-elf/5.3.0/../../../../../H-x86_64-mingw32/nios2-elf/lib/mhw-mulx\libc.a(lib_a-mprec.o)
                0x0000000000006630                _Bfree
 .text.__multadd
                0x0000000000006658      0x120 a:/intelfpga_lite/nios2eds/bin/gnu/h-x86_64-mingw32/bin/../lib/gcc/nios2-elf/5.3.0/../../../../../H-x86_64-mingw32/nios2-elf/lib/mhw-mulx\libc.a(lib_a-mprec.o)
                0x0000000000006658                __multadd
 .text.__s2b    0x0000000000006778      0x104 a:/intelfpga_lite/nios2eds/bin/gnu/h-x86_64-mingw32/bin/../lib/gcc/nios2-elf/5.3.0/../../../../../H-x86_64-mingw32/nios2-elf/lib/mhw-mulx\libc.a(lib_a-mprec.o)
                0x0000000000006778                __s2b
 .text.__hi0bits
                0x000000000000687c       0x68 a:/intelfpga_lite/nios2eds/bin/gnu/h-x86_64-mingw32/bin/../lib/gcc/nios2-elf/5.3.0/../../../../../H-x86_64-mingw32/nios2-elf/lib/mhw-mulx\libc.a(lib_a-mprec.o)
                0x000000000000687c                __hi0bits
 .text.__lo0bits
                0x00000000000068e4       0xb0 a:/intelfpga_lite/nios2eds/bin/gnu/h-x86_64-mingw32/bin/../lib/gcc/nios2-elf/5.3.0/../../../../../H-x86_64-mingw32/nios2-elf/lib/mhw-mulx\libc.a(lib_a-mprec.o)
                0x00000000000068e4                __lo0bits
 .text.__i2b    0x0000000000006994       0x3c a:/intelfpga_lite/nios2eds/bin/gnu/h-x86_64-mingw32/bin/../lib/gcc/nios2-elf/5.3.0/../../../../../H-x86_64-mingw32/nios2-elf/lib/mhw-mulx\libc.a(lib_a-mprec.o)
                0x0000000000006994                __i2b
 .text.__multiply
                0x00000000000069d0      0x1f8 a:/intelfpga_lite/nios2eds/bin/gnu/h-x86_64-mingw32/bin/../lib/gcc/nios2-elf/5.3.0/../../../../../H-x86_64-mingw32/nios2-elf/lib/mhw-mulx\libc.a(lib_a-mprec.o)
                0x00000000000069d0                __multiply
 .text.__pow5mult
                0x0000000000006bc8      0x140 a:/intelfpga_lite/nios2eds/bin/gnu/h-x86_64-mingw32/bin/../lib/gcc/nios2-elf/5.3.0/../../../../../H-x86_64-mingw32/nios2-elf/lib/mhw-mulx\libc.a(lib_a-mprec.o)
                0x0000000000006bc8                __pow5mult
 .text.__lshift
                0x0000000000006d08      0x148 a:/intelfpga_lite/nios2eds/bin/gnu/h-x86_64-mingw32/bin/../lib/gcc/nios2-elf/5.3.0/../../../../../H-x86_64-mingw32/nios2-elf/lib/mhw-mulx\libc.a(lib_a-mprec.o)
                0x0000000000006d08                __lshift
 .text.__mcmp   0x0000000000006e50       0x60 a:/intelfpga_lite/nios2eds/bin/gnu/h-x86_64-mingw32/bin/../lib/gcc/nios2-elf/5.3.0/../../../../../H-x86_64-mingw32/nios2-elf/lib/mhw-mulx\libc.a(lib_a-mprec.o)
                0x0000000000006e50                __mcmp
 .text.__mdiff  0x0000000000006eb0      0x1fc a:/intelfpga_lite/nios2eds/bin/gnu/h-x86_64-mingw32/bin/../lib/gcc/nios2-elf/5.3.0/../../../../../H-x86_64-mingw32/nios2-elf/lib/mhw-mulx\libc.a(lib_a-mprec.o)
                0x0000000000006eb0                __mdiff
 .text.__ulp    0x00000000000070ac       0x64 a:/intelfpga_lite/nios2eds/bin/gnu/h-x86_64-mingw32/bin/../lib/gcc/nios2-elf/5.3.0/../../../../../H-x86_64-mingw32/nios2-elf/lib/mhw-mulx\libc.a(lib_a-mprec.o)
                0x00000000000070ac                __ulp
 .text.__b2d    0x0000000000007110      0x10c a:/intelfpga_lite/nios2eds/bin/gnu/h-x86_64-mingw32/bin/../lib/gcc/nios2-elf/5.3.0/../../../../../H-x86_64-mingw32/nios2-elf/lib/mhw-mulx\libc.a(lib_a-mprec.o)
                0x0000000000007110                __b2d
 .text.__d2b    0x000000000000721c      0x14c a:/intelfpga_lite/nios2eds/bin/gnu/h-x86_64-mingw32/bin/../lib/gcc/nios2-elf/5.3.0/../../../../../H-x86_64-mingw32/nios2-elf/lib/mhw-mulx\libc.a(lib_a-mprec.o)
                0x000000000000721c                __d2b
 .text.__ratio  0x0000000000007368       0xa4 a:/intelfpga_lite/nios2eds/bin/gnu/h-x86_64-mingw32/bin/../lib/gcc/nios2-elf/5.3.0/../../../../../H-x86_64-mingw32/nios2-elf/lib/mhw-mulx\libc.a(lib_a-mprec.o)
                0x0000000000007368                __ratio
 .text._mprec_log10
                0x000000000000740c       0x74 a:/intelfpga_lite/nios2eds/bin/gnu/h-x86_64-mingw32/bin/../lib/gcc/nios2-elf/5.3.0/../../../../../H-x86_64-mingw32/nios2-elf/lib/mhw-mulx\libc.a(lib_a-mprec.o)
                0x000000000000740c                _mprec_log10
 .text.__copybits
                0x0000000000007480       0x78 a:/intelfpga_lite/nios2eds/bin/gnu/h-x86_64-mingw32/bin/../lib/gcc/nios2-elf/5.3.0/../../../../../H-x86_64-mingw32/nios2-elf/lib/mhw-mulx\libc.a(lib_a-mprec.o)
                0x0000000000007480                __copybits
 .text.__any_on
                0x00000000000074f8       0x8c a:/intelfpga_lite/nios2eds/bin/gnu/h-x86_64-mingw32/bin/../lib/gcc/nios2-elf/5.3.0/../../../../../H-x86_64-mingw32/nios2-elf/lib/mhw-mulx\libc.a(lib_a-mprec.o)
                0x00000000000074f8                __any_on
 .text          0x0000000000007584        0x0 a:/intelfpga_lite/nios2eds/bin/gnu/h-x86_64-mingw32/bin/../lib/gcc/nios2-elf/5.3.0/../../../../../H-x86_64-mingw32/nios2-elf/lib/mhw-mulx\libc.a(lib_a-s_fpclassify.o)
 .text.__fpclassifyd
                0x0000000000007584       0x74 a:/intelfpga_lite/nios2eds/bin/gnu/h-x86_64-mingw32/bin/../lib/gcc/nios2-elf/5.3.0/../../../../../H-x86_64-mingw32/nios2-elf/lib/mhw-mulx\libc.a(lib_a-s_fpclassify.o)
                0x0000000000007584                __fpclassifyd
 .text          0x00000000000075f8        0x0 a:/intelfpga_lite/nios2eds/bin/gnu/h-x86_64-mingw32/bin/../lib/gcc/nios2-elf/5.3.0/../../../../../H-x86_64-mingw32/nios2-elf/lib/mhw-mulx\libc.a(lib_a-sbrkr.o)
 .text._sbrk_r  0x00000000000075f8       0x54 a:/intelfpga_lite/nios2eds/bin/gnu/h-x86_64-mingw32/bin/../lib/gcc/nios2-elf/5.3.0/../../../../../H-x86_64-mingw32/nios2-elf/lib/mhw-mulx\libc.a(lib_a-sbrkr.o)
                0x00000000000075f8                _sbrk_r
 .text          0x000000000000764c        0x0 a:/intelfpga_lite/nios2eds/bin/gnu/h-x86_64-mingw32/bin/../lib/gcc/nios2-elf/5.3.0/../../../../../H-x86_64-mingw32/nios2-elf/lib/mhw-mulx\libc.a(lib_a-stdio.o)
 .text.__sread  0x000000000000764c       0x54 a:/intelfpga_lite/nios2eds/bin/gnu/h-x86_64-mingw32/bin/../lib/gcc/nios2-elf/5.3.0/../../../../../H-x86_64-mingw32/nios2-elf/lib/mhw-mulx\libc.a(lib_a-stdio.o)
                0x000000000000764c                __sread
 .text.__seofread
                0x00000000000076a0        0x8 a:/intelfpga_lite/nios2eds/bin/gnu/h-x86_64-mingw32/bin/../lib/gcc/nios2-elf/5.3.0/../../../../../H-x86_64-mingw32/nios2-elf/lib/mhw-mulx\libc.a(lib_a-stdio.o)
                0x00000000000076a0                __seofread
 .text.__swrite
                0x00000000000076a8       0x7c a:/intelfpga_lite/nios2eds/bin/gnu/h-x86_64-mingw32/bin/../lib/gcc/nios2-elf/5.3.0/../../../../../H-x86_64-mingw32/nios2-elf/lib/mhw-mulx\libc.a(lib_a-stdio.o)
                0x00000000000076a8                __swrite
 .text.__sseek  0x0000000000007724       0x5c a:/intelfpga_lite/nios2eds/bin/gnu/h-x86_64-mingw32/bin/../lib/gcc/nios2-elf/5.3.0/../../../../../H-x86_64-mingw32/nios2-elf/lib/mhw-mulx\libc.a(lib_a-stdio.o)
                0x0000000000007724                __sseek
 .text.__sclose
                0x0000000000007780        0x8 a:/intelfpga_lite/nios2eds/bin/gnu/h-x86_64-mingw32/bin/../lib/gcc/nios2-elf/5.3.0/../../../../../H-x86_64-mingw32/nios2-elf/lib/mhw-mulx\libc.a(lib_a-stdio.o)
                0x0000000000007780                __sclose
 .text          0x0000000000007788        0x0 a:/intelfpga_lite/nios2eds/bin/gnu/h-x86_64-mingw32/bin/../lib/gcc/nios2-elf/5.3.0/../../../../../H-x86_64-mingw32/nios2-elf/lib/mhw-mulx\libc.a(lib_a-strcmp.o)
 .text.strcmp   0x0000000000007788       0xdc a:/intelfpga_lite/nios2eds/bin/gnu/h-x86_64-mingw32/bin/../lib/gcc/nios2-elf/5.3.0/../../../../../H-x86_64-mingw32/nios2-elf/lib/mhw-mulx\libc.a(lib_a-strcmp.o)
                0x0000000000007788                strcmp
 .text          0x0000000000007864        0x0 a:/intelfpga_lite/nios2eds/bin/gnu/h-x86_64-mingw32/bin/../lib/gcc/nios2-elf/5.3.0/../../../../../H-x86_64-mingw32/nios2-elf/lib/mhw-mulx\libc.a(lib_a-strlen.o)
 .text.strlen   0x0000000000007864       0x98 a:/intelfpga_lite/nios2eds/bin/gnu/h-x86_64-mingw32/bin/../lib/gcc/nios2-elf/5.3.0/../../../../../H-x86_64-mingw32/nios2-elf/lib/mhw-mulx\libc.a(lib_a-strlen.o)
                0x0000000000007864                strlen
 .text          0x00000000000078fc        0x0 a:/intelfpga_lite/nios2eds/bin/gnu/h-x86_64-mingw32/bin/../lib/gcc/nios2-elf/5.3.0/../../../../../H-x86_64-mingw32/nios2-elf/lib/mhw-mulx\libc.a(lib_a-vfiprintf.o)
 .text.__sprint_r.part.0
                0x00000000000078fc       0xfc a:/intelfpga_lite/nios2eds/bin/gnu/h-x86_64-mingw32/bin/../lib/gcc/nios2-elf/5.3.0/../../../../../H-x86_64-mingw32/nios2-elf/lib/mhw-mulx\libc.a(lib_a-vfiprintf.o)
 .text.__sprint_r
                0x00000000000079f8       0x18 a:/intelfpga_lite/nios2eds/bin/gnu/h-x86_64-mingw32/bin/../lib/gcc/nios2-elf/5.3.0/../../../../../H-x86_64-mingw32/nios2-elf/lib/mhw-mulx\libc.a(lib_a-vfiprintf.o)
                0x00000000000079f8                __sprint_r
 .text.___vfiprintf_internal_r
                0x0000000000007a10     0x145c a:/intelfpga_lite/nios2eds/bin/gnu/h-x86_64-mingw32/bin/../lib/gcc/nios2-elf/5.3.0/../../../../../H-x86_64-mingw32/nios2-elf/lib/mhw-mulx\libc.a(lib_a-vfiprintf.o)
                0x0000000000007a10                ___vfiprintf_internal_r
 .text.__vfiprintf_internal
                0x0000000000008e6c       0x1c a:/intelfpga_lite/nios2eds/bin/gnu/h-x86_64-mingw32/bin/../lib/gcc/nios2-elf/5.3.0/../../../../../H-x86_64-mingw32/nios2-elf/lib/mhw-mulx\libc.a(lib_a-vfiprintf.o)
                0x0000000000008e6c                __vfiprintf_internal
 .text.__sbprintf
                0x0000000000008e88       0xbc a:/intelfpga_lite/nios2eds/bin/gnu/h-x86_64-mingw32/bin/../lib/gcc/nios2-elf/5.3.0/../../../../../H-x86_64-mingw32/nios2-elf/lib/mhw-mulx\libc.a(lib_a-vfiprintf.o)
 .text          0x0000000000008f44        0x0 a:/intelfpga_lite/nios2eds/bin/gnu/h-x86_64-mingw32/bin/../lib/gcc/nios2-elf/5.3.0/../../../../../H-x86_64-mingw32/nios2-elf/lib/mhw-mulx\libc.a(lib_a-writer.o)
 .text._write_r
                0x0000000000008f44       0x60 a:/intelfpga_lite/nios2eds/bin/gnu/h-x86_64-mingw32/bin/../lib/gcc/nios2-elf/5.3.0/../../../../../H-x86_64-mingw32/nios2-elf/lib/mhw-mulx\libc.a(lib_a-writer.o)
                0x0000000000008f44                _write_r
 .text          0x0000000000008fa4        0x0 a:/intelfpga_lite/nios2eds/bin/gnu/h-x86_64-mingw32/bin/../lib/gcc/nios2-elf/5.3.0/../../../../../H-x86_64-mingw32/nios2-elf/lib/mhw-mulx\libc.a(closer.o)
 .text._close_r
                0x0000000000008fa4       0x54 a:/intelfpga_lite/nios2eds/bin/gnu/h-x86_64-mingw32/bin/../lib/gcc/nios2-elf/5.3.0/../../../../../H-x86_64-mingw32/nios2-elf/lib/mhw-mulx\libc.a(closer.o)
                0x0000000000008fa4                _close_r
 .text          0x0000000000008ff8        0x0 a:/intelfpga_lite/nios2eds/bin/gnu/h-x86_64-mingw32/bin/../lib/gcc/nios2-elf/5.3.0/../../../../../H-x86_64-mingw32/nios2-elf/lib/mhw-mulx\libc.a(lib_a-callocr.o)
 .text._calloc_r
                0x0000000000008ff8       0xc4 a:/intelfpga_lite/nios2eds/bin/gnu/h-x86_64-mingw32/bin/../lib/gcc/nios2-elf/5.3.0/../../../../../H-x86_64-mingw32/nios2-elf/lib/mhw-mulx\libc.a(lib_a-callocr.o)
                0x0000000000008ff8                _calloc_r
 .text          0x00000000000090bc        0x0 a:/intelfpga_lite/nios2eds/bin/gnu/h-x86_64-mingw32/bin/../lib/gcc/nios2-elf/5.3.0/../../../../../H-x86_64-mingw32/nios2-elf/lib/mhw-mulx\libc.a(lib_a-fclose.o)
 .text._fclose_r
                0x00000000000090bc       0xf0 a:/intelfpga_lite/nios2eds/bin/gnu/h-x86_64-mingw32/bin/../lib/gcc/nios2-elf/5.3.0/../../../../../H-x86_64-mingw32/nios2-elf/lib/mhw-mulx\libc.a(lib_a-fclose.o)
                0x00000000000090bc                _fclose_r
 .text.fclose   0x00000000000091ac       0x14 a:/intelfpga_lite/nios2eds/bin/gnu/h-x86_64-mingw32/bin/../lib/gcc/nios2-elf/5.3.0/../../../../../H-x86_64-mingw32/nios2-elf/lib/mhw-mulx\libc.a(lib_a-fclose.o)
                0x00000000000091ac                fclose
 .text          0x00000000000091c0        0x0 a:/intelfpga_lite/nios2eds/bin/gnu/h-x86_64-mingw32/bin/../lib/gcc/nios2-elf/5.3.0/../../../../../H-x86_64-mingw32/nios2-elf/lib/mhw-mulx\libc.a(lib_a-fputwc.o)
 .text.__fputwc
                0x00000000000091c0      0x164 a:/intelfpga_lite/nios2eds/bin/gnu/h-x86_64-mingw32/bin/../lib/gcc/nios2-elf/5.3.0/../../../../../H-x86_64-mingw32/nios2-elf/lib/mhw-mulx\libc.a(lib_a-fputwc.o)
                0x00000000000091c0                __fputwc
 .text._fputwc_r
                0x0000000000009324       0x24 a:/intelfpga_lite/nios2eds/bin/gnu/h-x86_64-mingw32/bin/../lib/gcc/nios2-elf/5.3.0/../../../../../H-x86_64-mingw32/nios2-elf/lib/mhw-mulx\libc.a(lib_a-fputwc.o)
                0x0000000000009324                _fputwc_r
 .text.fputwc   0x0000000000009348       0x80 a:/intelfpga_lite/nios2eds/bin/gnu/h-x86_64-mingw32/bin/../lib/gcc/nios2-elf/5.3.0/../../../../../H-x86_64-mingw32/nios2-elf/lib/mhw-mulx\libc.a(lib_a-fputwc.o)
                0x0000000000009348                fputwc
 .text          0x00000000000093c8        0x0 a:/intelfpga_lite/nios2eds/bin/gnu/h-x86_64-mingw32/bin/../lib/gcc/nios2-elf/5.3.0/../../../../../H-x86_64-mingw32/nios2-elf/lib/mhw-mulx\libc.a(lib_a-fstatr.o)
 .text._fstat_r
                0x00000000000093c8       0x5c a:/intelfpga_lite/nios2eds/bin/gnu/h-x86_64-mingw32/bin/../lib/gcc/nios2-elf/5.3.0/../../../../../H-x86_64-mingw32/nios2-elf/lib/mhw-mulx\libc.a(lib_a-fstatr.o)
                0x00000000000093c8                _fstat_r
 .text          0x0000000000009424        0x0 a:/intelfpga_lite/nios2eds/bin/gnu/h-x86_64-mingw32/bin/../lib/gcc/nios2-elf/5.3.0/../../../../../H-x86_64-mingw32/nios2-elf/lib/mhw-mulx\libc.a(lib_a-fvwrite.o)
 .text.__sfvwrite_r
                0x0000000000009424      0x4bc a:/intelfpga_lite/nios2eds/bin/gnu/h-x86_64-mingw32/bin/../lib/gcc/nios2-elf/5.3.0/../../../../../H-x86_64-mingw32/nios2-elf/lib/mhw-mulx\libc.a(lib_a-fvwrite.o)
                0x0000000000009424                __sfvwrite_r
 .text          0x00000000000098e0        0x0 a:/intelfpga_lite/nios2eds/bin/gnu/h-x86_64-mingw32/bin/../lib/gcc/nios2-elf/5.3.0/../../../../../H-x86_64-mingw32/nios2-elf/lib/mhw-mulx\libc.a(lib_a-int_errno.o)
 .text          0x00000000000098e0        0x0 a:/intelfpga_lite/nios2eds/bin/gnu/h-x86_64-mingw32/bin/../lib/gcc/nios2-elf/5.3.0/../../../../../H-x86_64-mingw32/nios2-elf/lib/mhw-mulx\libc.a(lib_a-isattyr.o)
 .text._isatty_r
                0x00000000000098e0       0x54 a:/intelfpga_lite/nios2eds/bin/gnu/h-x86_64-mingw32/bin/../lib/gcc/nios2-elf/5.3.0/../../../../../H-x86_64-mingw32/nios2-elf/lib/mhw-mulx\libc.a(lib_a-isattyr.o)
                0x00000000000098e0                _isatty_r
 .text          0x0000000000009934        0x0 a:/intelfpga_lite/nios2eds/bin/gnu/h-x86_64-mingw32/bin/../lib/gcc/nios2-elf/5.3.0/../../../../../H-x86_64-mingw32/nios2-elf/lib/mhw-mulx\libc.a(lib_a-lseekr.o)
 .text._lseek_r
                0x0000000000009934       0x60 a:/intelfpga_lite/nios2eds/bin/gnu/h-x86_64-mingw32/bin/../lib/gcc/nios2-elf/5.3.0/../../../../../H-x86_64-mingw32/nios2-elf/lib/mhw-mulx\libc.a(lib_a-lseekr.o)
                0x0000000000009934                _lseek_r
 .text          0x0000000000009994        0x0 a:/intelfpga_lite/nios2eds/bin/gnu/h-x86_64-mingw32/bin/../lib/gcc/nios2-elf/5.3.0/../../../../../H-x86_64-mingw32/nios2-elf/lib/mhw-mulx\libc.a(lib_a-memmove.o)
 .text.memmove  0x0000000000009994      0x15c a:/intelfpga_lite/nios2eds/bin/gnu/h-x86_64-mingw32/bin/../lib/gcc/nios2-elf/5.3.0/../../../../../H-x86_64-mingw32/nios2-elf/lib/mhw-mulx\libc.a(lib_a-memmove.o)
                0x0000000000009994                memmove
 .text          0x0000000000009af0        0x0 a:/intelfpga_lite/nios2eds/bin/gnu/h-x86_64-mingw32/bin/../lib/gcc/nios2-elf/5.3.0/../../../../../H-x86_64-mingw32/nios2-elf/lib/mhw-mulx\libc.a(lib_a-readr.o)
 .text._read_r  0x0000000000009af0       0x60 a:/intelfpga_lite/nios2eds/bin/gnu/h-x86_64-mingw32/bin/../lib/gcc/nios2-elf/5.3.0/../../../../../H-x86_64-mingw32/nios2-elf/lib/mhw-mulx\libc.a(lib_a-readr.o)
                0x0000000000009af0                _read_r
 .text          0x0000000000009b50        0x0 a:/intelfpga_lite/nios2eds/bin/gnu/h-x86_64-mingw32/bin/../lib/gcc/nios2-elf/5.3.0/../../../../../H-x86_64-mingw32/nios2-elf/lib/mhw-mulx\libc.a(lib_a-reallocr.o)
 .text._realloc_r
                0x0000000000009b50      0x564 a:/intelfpga_lite/nios2eds/bin/gnu/h-x86_64-mingw32/bin/../lib/gcc/nios2-elf/5.3.0/../../../../../H-x86_64-mingw32/nios2-elf/lib/mhw-mulx\libc.a(lib_a-reallocr.o)
                0x0000000000009b50                _realloc_r
 .text          0x000000000000a0b4        0x0 a:/intelfpga_lite/nios2eds/bin/gnu/h-x86_64-mingw32/bin/../lib/gcc/nios2-elf/5.3.0/../../../../../H-x86_64-mingw32/nios2-elf/lib/mhw-mulx\libc.a(lib_a-wbuf.o)
 .text.__swbuf_r
                0x000000000000a0b4      0x140 a:/intelfpga_lite/nios2eds/bin/gnu/h-x86_64-mingw32/bin/../lib/gcc/nios2-elf/5.3.0/../../../../../H-x86_64-mingw32/nios2-elf/lib/mhw-mulx\libc.a(lib_a-wbuf.o)
                0x000000000000a0b4                __swbuf_r
 .text.__swbuf  0x000000000000a1f4       0x18 a:/intelfpga_lite/nios2eds/bin/gnu/h-x86_64-mingw32/bin/../lib/gcc/nios2-elf/5.3.0/../../../../../H-x86_64-mingw32/nios2-elf/lib/mhw-mulx\libc.a(lib_a-wbuf.o)
                0x000000000000a1f4                __swbuf
 .text          0x000000000000a20c        0x0 a:/intelfpga_lite/nios2eds/bin/gnu/h-x86_64-mingw32/bin/../lib/gcc/nios2-elf/5.3.0/../../../../../H-x86_64-mingw32/nios2-elf/lib/mhw-mulx\libc.a(lib_a-wcrtomb.o)
 .text._wcrtomb_r
                0x000000000000a20c       0x9c a:/intelfpga_lite/nios2eds/bin/gnu/h-x86_64-mingw32/bin/../lib/gcc/nios2-elf/5.3.0/../../../../../H-x86_64-mingw32/nios2-elf/lib/mhw-mulx\libc.a(lib_a-wcrtomb.o)
                0x000000000000a20c                _wcrtomb_r
 .text.wcrtomb  0x000000000000a2a8       0xc0 a:/intelfpga_lite/nios2eds/bin/gnu/h-x86_64-mingw32/bin/../lib/gcc/nios2-elf/5.3.0/../../../../../H-x86_64-mingw32/nios2-elf/lib/mhw-mulx\libc.a(lib_a-wcrtomb.o)
                0x000000000000a2a8                wcrtomb
 .text          0x000000000000a368        0x0 a:/intelfpga_lite/nios2eds/bin/gnu/h-x86_64-mingw32/bin/../lib/gcc/nios2-elf/5.3.0/../../../../../H-x86_64-mingw32/nios2-elf/lib/mhw-mulx\libc.a(lib_a-wctomb_r.o)
 .text.__ascii_wctomb
                0x000000000000a368       0x30 a:/intelfpga_lite/nios2eds/bin/gnu/h-x86_64-mingw32/bin/../lib/gcc/nios2-elf/5.3.0/../../../../../H-x86_64-mingw32/nios2-elf/lib/mhw-mulx\libc.a(lib_a-wctomb_r.o)
                0x000000000000a368                __ascii_wctomb
 .text._wctomb_r
                0x000000000000a398       0x5c a:/intelfpga_lite/nios2eds/bin/gnu/h-x86_64-mingw32/bin/../lib/gcc/nios2-elf/5.3.0/../../../../../H-x86_64-mingw32/nios2-elf/lib/mhw-mulx\libc.a(lib_a-wctomb_r.o)
                0x000000000000a398                _wctomb_r
 .text          0x000000000000a3f4      0x578 a:/intelfpga_lite/nios2eds/bin/gnu/h-x86_64-mingw32/bin/../lib/gcc/nios2-elf/5.3.0/mhw-mulx\libgcc.a(_udivdi3.o)
                0x000000000000a3f4                __udivdi3
 .text          0x000000000000a96c      0x538 a:/intelfpga_lite/nios2eds/bin/gnu/h-x86_64-mingw32/bin/../lib/gcc/nios2-elf/5.3.0/mhw-mulx\libgcc.a(_umoddi3.o)
                0x000000000000a96c                __umoddi3
 .text          0x000000000000aea4      0x1b4 a:/intelfpga_lite/nios2eds/bin/gnu/h-x86_64-mingw32/bin/../lib/gcc/nios2-elf/5.3.0/mhw-mulx\libgcc.a(lib2-divmod.o)
                0x000000000000aea4                __divsi3
                0x000000000000af28                __modsi3
                0x000000000000af9c                __udivsi3
                0x000000000000b000                __umodsi3
 .text          0x000000000000b058      0x8ac a:/intelfpga_lite/nios2eds/bin/gnu/h-x86_64-mingw32/bin/../lib/gcc/nios2-elf/5.3.0/mhw-mulx\libgcc.a(adddf3.o)
                0x000000000000b058                __adddf3
 .text          0x000000000000b904      0x8e8 a:/intelfpga_lite/nios2eds/bin/gnu/h-x86_64-mingw32/bin/../lib/gcc/nios2-elf/5.3.0/mhw-mulx\libgcc.a(divdf3.o)
                0x000000000000b904                __divdf3
 .text          0x000000000000c1ec       0x88 a:/intelfpga_lite/nios2eds/bin/gnu/h-x86_64-mingw32/bin/../lib/gcc/nios2-elf/5.3.0/mhw-mulx\libgcc.a(eqdf2.o)
                0x000000000000c1ec                __nedf2
                0x000000000000c1ec                __eqdf2
 .text          0x000000000000c274       0xdc a:/intelfpga_lite/nios2eds/bin/gnu/h-x86_64-mingw32/bin/../lib/gcc/nios2-elf/5.3.0/mhw-mulx\libgcc.a(gedf2.o)
                0x000000000000c274                __gedf2
                0x000000000000c274                __gtdf2
 .text          0x000000000000c350       0xf4 a:/intelfpga_lite/nios2eds/bin/gnu/h-x86_64-mingw32/bin/../lib/gcc/nios2-elf/5.3.0/mhw-mulx\libgcc.a(ledf2.o)
                0x000000000000c350                __ledf2
                0x000000000000c350                __ltdf2
 .text          0x000000000000c444      0x718 a:/intelfpga_lite/nios2eds/bin/gnu/h-x86_64-mingw32/bin/../lib/gcc/nios2-elf/5.3.0/mhw-mulx\libgcc.a(muldf3.o)
                0x000000000000c444                __muldf3
 .text          0x000000000000cb5c      0x8fc a:/intelfpga_lite/nios2eds/bin/gnu/h-x86_64-mingw32/bin/../lib/gcc/nios2-elf/5.3.0/mhw-mulx\libgcc.a(subdf3.o)
                0x000000000000cb5c                __subdf3
 .text          0x000000000000d458       0x80 a:/intelfpga_lite/nios2eds/bin/gnu/h-x86_64-mingw32/bin/../lib/gcc/nios2-elf/5.3.0/mhw-mulx\libgcc.a(fixdfsi.o)
                0x000000000000d458                __fixdfsi
 .text          0x000000000000d4d8       0xdc a:/intelfpga_lite/nios2eds/bin/gnu/h-x86_64-mingw32/bin/../lib/gcc/nios2-elf/5.3.0/mhw-mulx\libgcc.a(floatsidf.o)
                0x000000000000d4d8                __floatsidf
 .text          0x000000000000d5b4       0xa8 a:/intelfpga_lite/nios2eds/bin/gnu/h-x86_64-mingw32/bin/../lib/gcc/nios2-elf/5.3.0/mhw-mulx\libgcc.a(floatunsidf.o)
                0x000000000000d5b4                __floatunsidf
 .text          0x000000000000d65c        0x0 a:/intelfpga_lite/nios2eds/bin/gnu/h-x86_64-mingw32/bin/../lib/gcc/nios2-elf/5.3.0/mhw-mulx\libgcc.a(_clz.o)
 .text          0x000000000000d65c       0x64 a:/intelfpga_lite/nios2eds/bin/gnu/h-x86_64-mingw32/bin/../lib/gcc/nios2-elf/5.3.0/mhw-mulx\libgcc.a(_clzsi2.o)
                0x000000000000d65c                __clzsi2
 .text          0x000000000000d6c0      0x10c ../lab5-6_bsp/\libucosii_bsp.a(alt_close.o)
                0x000000000000d6fc                close
 .text          0x000000000000d7cc       0x2c ../lab5-6_bsp/\libucosii_bsp.a(alt_dev.o)
 .text          0x000000000000d7f8        0x0 ../lab5-6_bsp/\libucosii_bsp.a(alt_errno.o)
 .text          0x000000000000d7f8       0xec ../lab5-6_bsp/\libucosii_bsp.a(alt_fstat.o)
                0x000000000000d834                fstat
 .text          0x000000000000d8e4       0xe0 ../lab5-6_bsp/\libucosii_bsp.a(alt_isatty.o)
                0x000000000000d920                isatty
 .text          0x000000000000d9c4       0xec ../lab5-6_bsp/\libucosii_bsp.a(alt_load.o)
                0x000000000000da2c                alt_load
 .text          0x000000000000dab0      0x110 ../lab5-6_bsp/\libucosii_bsp.a(alt_lseek.o)
                0x000000000000daec                lseek
 .text          0x000000000000dbc0       0xbc ../lab5-6_bsp/\libucosii_bsp.a(alt_main.o)
                0x000000000000dbc0                alt_main
 .text          0x000000000000dc7c      0x138 ../lab5-6_bsp/\libucosii_bsp.a(alt_read.o)
                0x000000000000dcb8                read
 .text          0x000000000000ddb4       0x64 ../lab5-6_bsp/\libucosii_bsp.a(alt_release_fd.o)
                0x000000000000ddb4                alt_release_fd
 .text          0x000000000000de18       0xb0 ../lab5-6_bsp/\libucosii_bsp.a(alt_sbrk.o)
                0x000000000000de18                sbrk
 .text          0x000000000000dec8      0x134 ../lab5-6_bsp/\libucosii_bsp.a(alt_usleep.o)
                0x000000000000dec8                usleep
 .text          0x000000000000dffc      0x134 ../lab5-6_bsp/\libucosii_bsp.a(alt_write.o)
                0x000000000000e038                write
 .text          0x000000000000e130      0x124 ../lab5-6_bsp/\libucosii_bsp.a(alt_env_lock.o)
                0x000000000000e130                __env_lock
                0x000000000000e1f4                __env_unlock
 .text          0x000000000000e254      0x1ec ../lab5-6_bsp/\libucosii_bsp.a(alt_malloc_lock.o)
                0x000000000000e254                __malloc_lock
                0x000000000000e374                __malloc_unlock
 .text          0x000000000000e440     0x2024 ../lab5-6_bsp/\libucosii_bsp.a(os_core.o)
                0x000000000000e440                OSEventNameGet
                0x000000000000e560                OSEventNameSet
                0x000000000000e6a0                OSEventPendMulti
                0x000000000000ecb0                OSInit
                0x000000000000ed08                OSIntEnter
                0x000000000000ed54                OSIntExit
                0x000000000000ee4c                OSSchedLock
                0x000000000000eed8                OSSchedUnlock
                0x000000000000efb4                OSStart
                0x000000000000f024                OSStatInit
                0x000000000000f0d4                OSTimeTick
                0x000000000000f2f4                OSVersion
                0x000000000000f314                OS_Dummy
                0x000000000000f334                OS_EventTaskRdy
                0x000000000000f4cc                OS_EventTaskWait
                0x000000000000f5dc                OS_EventTaskWaitMulti
                0x000000000000f72c                OS_EventTaskRemove
                0x000000000000f7e4                OS_EventTaskRemoveMulti
                0x000000000000f8e4                OS_EventWaitListInit
                0x000000000000fcc4                OS_MemClr
                0x000000000000fd18                OS_MemCopy
                0x000000000000fd80                OS_Sched
                0x000000000000fec4                OS_StrCopy
                0x000000000000ff38                OS_StrLen
                0x000000000000ff8c                OS_TaskIdle
                0x000000000000ffe8                OS_TaskStat
                0x00000000000100c4                OS_TaskStatStkChk
                0x0000000000010190                OS_TCBInit
 .text          0x0000000000010464      0x190 ../lab5-6_bsp/\libucosii_bsp.a(os_dbg.o)
                0x0000000000010464                OSDebugInit
 .text          0x00000000000105f4     0x1714 ../lab5-6_bsp/\libucosii_bsp.a(os_flag.o)
                0x00000000000105f4                OSFlagAccept
                0x00000000000108fc                OSFlagCreate
                0x0000000000010a04                OSFlagDel
                0x0000000000010c4c                OSFlagNameGet
                0x0000000000010d74                OSFlagNameSet
                0x0000000000010ec0                OSFlagPend
                0x0000000000011478                OSFlagPendGetFlagsRdy
                0x00000000000114d8                OSFlagPost
                0x000000000001186c                OSFlagQuery
                0x0000000000011a90                OS_FlagInit
                0x0000000000011c64                OS_FlagUnlink
 .text          0x0000000000011d08      0x754 ../lab5-6_bsp/\libucosii_bsp.a(os_mem.o)
                0x0000000000011d08                OSMemCreate
                0x0000000000011edc                OSMemGet
                0x0000000000011fcc                OSMemNameGet
                0x00000000000120bc                OSMemNameSet
                0x00000000000121d0                OSMemPut
                0x00000000000122a8                OSMemQuery
                0x0000000000012390                OS_MemInit
 .text          0x000000000001245c     0x1104 ../lab5-6_bsp/\libucosii_bsp.a(os_q.o)
                0x000000000001245c                OSQAccept
                0x000000000001259c                OSQCreate
                0x0000000000012748                OSQDel
                0x00000000000129c8                OSQFlush
                0x0000000000012a80                OSQPend
                0x0000000000012d0c                OSQPendAbort
                0x0000000000012e78                OSQPost
                0x0000000000012fe0                OSQPostFront
                0x0000000000013150                OSQPostOpt
                0x000000000001335c                OSQQuery
                0x00000000000134b8                OS_QInit
 .text          0x0000000000013560      0xa60 ../lab5-6_bsp/\libucosii_bsp.a(os_sem.o)
                0x0000000000013560                OSSemAccept
                0x0000000000013610                OSSemCreate
                0x00000000000136e8                OSSemDel
                0x0000000000013928                OSSemPend
                0x0000000000013b34                OSSemPendAbort
                0x0000000000013ca0                OSSemPost
                0x0000000000013db0                OSSemQuery
                0x0000000000013ec0                OSSemSet
 .text          0x0000000000013fc0     0x176c ../lab5-6_bsp/\libucosii_bsp.a(os_task.o)
                0x0000000000013fc0                OSTaskChangePrio
                0x00000000000144b0                OSTaskCreate
                0x000000000001465c                OSTaskCreateExt
                0x0000000000014840                OSTaskDel
                0x0000000000014b84                OSTaskDelReq
                0x0000000000014cd4                OSTaskNameGet
                0x0000000000014e6c                OSTaskNameSet
                0x0000000000015020                OSTaskResume
                0x00000000000151f4                OSTaskStkChk
                0x00000000000153b4                OSTaskSuspend
                0x0000000000015598                OSTaskQuery
                0x00000000000156bc                OS_TaskStkClr
 .text          0x000000000001572c      0x4f4 ../lab5-6_bsp/\libucosii_bsp.a(os_time.o)
                0x000000000001572c                OSTimeDly
                0x0000000000015830                OSTimeDlyHMSM
                0x0000000000015990                OSTimeDlyResume
                0x0000000000015b64                OSTimeGet
                0x0000000000015bc0                OSTimeSet
 .text          0x0000000000015c20      0x898 ../lab5-6_bsp/\libucosii_bsp.a(alt_sys_init.o)
                0x0000000000015c54                alt_irq_init
                0x0000000000015c8c                alt_sys_init
 .text          0x00000000000164b8      0x164 ../lab5-6_bsp/\libucosii_bsp.a(altera_avalon_jtag_uart_fd.o)
                0x00000000000164b8                altera_avalon_jtag_uart_read_fd
                0x0000000000016518                altera_avalon_jtag_uart_write_fd
                0x0000000000016578                altera_avalon_jtag_uart_close_fd
                0x00000000000165c8                altera_avalon_jtag_uart_ioctl_fd
 .text          0x000000000001661c      0x550 ../lab5-6_bsp/\libucosii_bsp.a(altera_avalon_jtag_uart_init.o)
                0x000000000001661c                altera_avalon_jtag_uart_init
                0x0000000000016b04                altera_avalon_jtag_uart_close
 .text          0x0000000000016b6c       0xf0 ../lab5-6_bsp/\libucosii_bsp.a(altera_avalon_jtag_uart_ioctl.o)
                0x0000000000016b6c                altera_avalon_jtag_uart_ioctl
 .text          0x0000000000016c5c      0x2bc ../lab5-6_bsp/\libucosii_bsp.a(altera_avalon_jtag_uart_read.o)
                0x0000000000016c5c                altera_avalon_jtag_uart_read
 .text          0x0000000000016f18      0x2c4 ../lab5-6_bsp/\libucosii_bsp.a(altera_avalon_jtag_uart_write.o)
                0x0000000000016f18                altera_avalon_jtag_uart_write
 .text          0x00000000000171dc       0xf0 ../lab5-6_bsp/\libucosii_bsp.a(altera_avalon_timer_sc.o)
                0x0000000000017258                alt_avalon_timer_sc_init
 .text          0x00000000000172cc      0x38c ../lab5-6_bsp/\libucosii_bsp.a(altera_up_avalon_irda.o)
                0x00000000000172cc                alt_up_irda_enable_read_interrupt
                0x0000000000017328                alt_up_irda_disable_read_interrupt
                0x0000000000017388                alt_up_irda_get_used_space_in_read_FIFO
                0x00000000000173c8                alt_up_irda_get_available_space_in_write_FIFO
                0x0000000000017404                alt_up_irda_check_parity
                0x0000000000017448                alt_up_irda_write_data
                0x0000000000017488                alt_up_irda_read_data
                0x00000000000174fc                alt_up_irda_read_fd
                0x000000000001758c                alt_up_irda_write_fd
                0x000000000001761c                alt_up_irda_open_dev
 .text          0x0000000000017658      0x6b0 ../lab5-6_bsp/\libucosii_bsp.a(altera_up_avalon_ps2.o)
                0x0000000000017658                read_RI_bit
                0x000000000001768c                read_RE_bit
                0x00000000000176bc                read_CE_bit
                0x00000000000176f0                read_num_bytes_available
                0x0000000000017720                read_data_valid
                0x0000000000017754                read_data_byte
                0x0000000000017780                alt_up_ps2_init
                0x0000000000017848                alt_up_ps2_enable_read_interrupt
                0x00000000000178a4                alt_up_ps2_disable_read_interrupt
                0x0000000000017904                alt_up_ps2_write_data_byte
                0x0000000000017978                alt_up_ps2_wait_for_ack
                0x00000000000179e0                alt_up_ps2_write_data_byte_with_ack
                0x0000000000017a44                alt_up_ps2_read_data_byte_timeout
                0x0000000000017ae0                alt_up_ps2_read_data_byte
                0x0000000000017b50                alt_up_ps2_clear_fifo
                0x0000000000017ba8                alt_up_ps2_read_fd
                0x0000000000017c34                alt_up_ps2_write_fd
                0x0000000000017ccc                alt_up_ps2_open_dev
 .text          0x0000000000017d08      0x12c ../lab5-6_bsp/\libucosii_bsp.a(alt_alarm_start.o)
                0x0000000000017d08                alt_alarm_start
 .text          0x0000000000017e34      0x128 ../lab5-6_bsp/\libucosii_bsp.a(alt_busy_sleep.o)
                0x0000000000017e34                alt_busy_sleep
 .text          0x0000000000017f5c       0x20 ../lab5-6_bsp/\libucosii_bsp.a(alt_dcache_flush_all.o)
                0x0000000000017f5c                alt_dcache_flush_all
 .text          0x0000000000017f7c       0xe0 ../lab5-6_bsp/\libucosii_bsp.a(alt_dev_llist_insert.o)
                0x0000000000017fb8                alt_dev_llist_insert
 .text          0x000000000001805c       0x60 ../lab5-6_bsp/\libucosii_bsp.a(alt_do_ctors.o)
                0x000000000001805c                _do_ctors
 .text          0x00000000000180bc       0x60 ../lab5-6_bsp/\libucosii_bsp.a(alt_do_dtors.o)
                0x00000000000180bc                _do_dtors
 .text          0x000000000001811c       0x90 ../lab5-6_bsp/\libucosii_bsp.a(alt_find_dev.o)
                0x000000000001811c                alt_find_dev
 .text          0x00000000000181ac       0x34 ../lab5-6_bsp/\libucosii_bsp.a(alt_icache_flush_all.o)
                0x00000000000181ac                alt_icache_flush_all
 .text          0x00000000000181e0      0x140 ../lab5-6_bsp/\libucosii_bsp.a(alt_io_redirect.o)
                0x00000000000182a4                alt_io_redirect
 .text          0x0000000000018320      0x180 ../lab5-6_bsp/\libucosii_bsp.a(alt_irq_register.o)
                0x0000000000018320                alt_irq_register
 .text          0x00000000000184a0        0x0 ../lab5-6_bsp/\libucosii_bsp.a(alt_irq_vars.o)
 .text          0x00000000000184a0      0x254 ../lab5-6_bsp/\libucosii_bsp.a(alt_open.o)
                0x00000000000185a0                open
 .text          0x00000000000186f4      0x1a4 ../lab5-6_bsp/\libucosii_bsp.a(alt_tick.o)
                0x00000000000186f4                alt_alarm_stop
                0x0000000000018790                alt_tick
 .text          0x0000000000018898       0x24 ../lab5-6_bsp/\libucosii_bsp.a(altera_nios2_gen2_irq.o)
                0x0000000000018898                altera_nios2_gen2_irq_init
 .text          0x00000000000188bc       0xd0 ../lab5-6_bsp/\libucosii_bsp.a(os_cpu_a.o)
                0x00000000000188bc                OSCtxSw
                0x00000000000188bc                OSIntCtxSw
                0x0000000000018948                OSStartHighRdy
                0x0000000000018968                OSStartTsk
 .text          0x000000000001898c      0x288 ../lab5-6_bsp/\libucosii_bsp.a(os_cpu_c.o)
                0x000000000001898c                OSTaskStkInit
                0x0000000000018ae8                OSTaskCreateHook
                0x0000000000018b0c                OSTaskDelHook
                0x0000000000018b30                OSTaskSwHook
                0x0000000000018b50                OSTaskStatHook
                0x0000000000018b70                OSTimeTickHook
                0x0000000000018b90                OSInitHookBegin
                0x0000000000018bb0                OSInitHookEnd
                0x0000000000018bd0                OSTaskIdleHook
                0x0000000000018bf0                OSTCBInitHook
 .text          0x0000000000018c14      0x108 ../lab5-6_bsp/\libucosii_bsp.a(alt_find_file.o)
                0x0000000000018c14                alt_find_file
 .text          0x0000000000018d1c       0xdc ../lab5-6_bsp/\libucosii_bsp.a(alt_get_fd.o)
                0x0000000000018d1c                alt_get_fd
 .text          0x0000000000018df8       0x90 ../lab5-6_bsp/\libucosii_bsp.a(alt_icache_flush.o)
                0x0000000000018df8                alt_icache_flush
 .text          0x0000000000018e88        0x0 ../lab5-6_bsp/\libucosii_bsp.a(alt_irq_entry.o)
 .text          0x0000000000018e88        0x0 ../lab5-6_bsp/\libucosii_bsp.a(alt_irq_handler.o)
 .text          0x0000000000018e88        0x0 ../lab5-6_bsp/\libucosii_bsp.a(alt_exception_entry.o)
 .text          0x0000000000018e88       0x9c ../lab5-6_bsp/\libucosii_bsp.a(alt_instruction_exception_entry.o)
                0x0000000000018e88                alt_exception_cause_generated_bad_addr
 .text          0x0000000000018f24        0x0 a:/intelfpga_lite/nios2eds/bin/gnu/h-x86_64-mingw32/bin/../lib/gcc/nios2-elf/5.3.0/../../../../../H-x86_64-mingw32/nios2-elf/lib/mhw-mulx\libc.a(lib_a-atexit.o)
 .text.atexit   0x0000000000018f24       0x14 a:/intelfpga_lite/nios2eds/bin/gnu/h-x86_64-mingw32/bin/../lib/gcc/nios2-elf/5.3.0/../../../../../H-x86_64-mingw32/nios2-elf/lib/mhw-mulx\libc.a(lib_a-atexit.o)
                0x0000000000018f24                atexit
 .text          0x0000000000018f38        0x0 a:/intelfpga_lite/nios2eds/bin/gnu/h-x86_64-mingw32/bin/../lib/gcc/nios2-elf/5.3.0/../../../../../H-x86_64-mingw32/nios2-elf/lib/mhw-mulx\libc.a(lib_a-exit.o)
 .text.exit     0x0000000000018f38       0x38 a:/intelfpga_lite/nios2eds/bin/gnu/h-x86_64-mingw32/bin/../lib/gcc/nios2-elf/5.3.0/../../../../../H-x86_64-mingw32/nios2-elf/lib/mhw-mulx\libc.a(lib_a-exit.o)
                0x0000000000018f38                exit
 .text          0x0000000000018f70        0x0 a:/intelfpga_lite/nios2eds/bin/gnu/h-x86_64-mingw32/bin/../lib/gcc/nios2-elf/5.3.0/../../../../../H-x86_64-mingw32/nios2-elf/lib/mhw-mulx\libc.a(lib_a-memcmp.o)
 .text.memcmp   0x0000000000018f70       0x7c a:/intelfpga_lite/nios2eds/bin/gnu/h-x86_64-mingw32/bin/../lib/gcc/nios2-elf/5.3.0/../../../../../H-x86_64-mingw32/nios2-elf/lib/mhw-mulx\libc.a(lib_a-memcmp.o)
                0x0000000000018f70                memcmp
 .text          0x0000000000018fec        0x0 a:/intelfpga_lite/nios2eds/bin/gnu/h-x86_64-mingw32/bin/../lib/gcc/nios2-elf/5.3.0/../../../../../H-x86_64-mingw32/nios2-elf/lib/mhw-mulx\libc.a(lib_a-__atexit.o)
 .text.__register_exitproc
                0x0000000000018fec      0x118 a:/intelfpga_lite/nios2eds/bin/gnu/h-x86_64-mingw32/bin/../lib/gcc/nios2-elf/5.3.0/../../../../../H-x86_64-mingw32/nios2-elf/lib/mhw-mulx\libc.a(lib_a-__atexit.o)
                0x0000000000018fec                __register_exitproc
 .text          0x0000000000019104        0x0 a:/intelfpga_lite/nios2eds/bin/gnu/h-x86_64-mingw32/bin/../lib/gcc/nios2-elf/5.3.0/../../../../../H-x86_64-mingw32/nios2-elf/lib/mhw-mulx\libc.a(lib_a-__call_atexit.o)
 .text.__call_exitprocs
                0x0000000000019104      0x180 a:/intelfpga_lite/nios2eds/bin/gnu/h-x86_64-mingw32/bin/../lib/gcc/nios2-elf/5.3.0/../../../../../H-x86_64-mingw32/nios2-elf/lib/mhw-mulx\libc.a(lib_a-__call_atexit.o)
                0x0000000000019104                __call_exitprocs
 .text          0x0000000000019284       0x34 ../lab5-6_bsp/\libucosii_bsp.a(alt_exit.o)
                0x0000000000019284                _exit
 *(.gnu.warning.*)
 *(.fini)
                [!provide]                        PROVIDE (__etext, ABSOLUTE (.))
                [!provide]                        PROVIDE (_etext, ABSOLUTE (.))
                [!provide]                        PROVIDE (etext, ABSOLUTE (.))
 *(.eh_frame_hdr)
                0x00000000000192b8                . = ALIGN (0x4)
                [!provide]                        PROVIDE (__preinit_array_start, ABSOLUTE (.))
 *(.preinit_array)
                [!provide]                        PROVIDE (__preinit_array_end, ABSOLUTE (.))
                [!provide]                        PROVIDE (__init_array_start, ABSOLUTE (.))
 *(.init_array)
                [!provide]                        PROVIDE (__init_array_end, ABSOLUTE (.))
                [!provide]                        PROVIDE (__fini_array_start, ABSOLUTE (.))
 *(.fini_array)
                [!provide]                        PROVIDE (__fini_array_end, ABSOLUTE (.))
 *(.eh_frame)
 *(.gcc_except_table .gcc_except_table.*)
 *(.dynamic)
                0x00000000000192b8                PROVIDE (__CTOR_LIST__, ABSOLUTE (.))
 *(.ctors)
 *(SORT(.ctors.*))
                0x00000000000192b8                PROVIDE (__CTOR_END__, ABSOLUTE (.))
                0x00000000000192b8                PROVIDE (__DTOR_LIST__, ABSOLUTE (.))
 *(.dtors)
 *(SORT(.dtors.*))
                0x00000000000192b8                PROVIDE (__DTOR_END__, ABSOLUTE (.))
 *(.jcr)
                0x00000000000192b8                . = ALIGN (0x4)

.rodata         0x0000000040000000      0x680 load address 0x00000000000192b8
                0x0000000040000000                PROVIDE (__ram_rodata_start, ABSOLUTE (.))
                0x0000000040000000                . = ALIGN (0x4)
 *(.rodata .rodata.* .gnu.linkonce.r.*)
 .rodata        0x0000000040000000      0x17e obj/default/hello_ucosii.o
 *fill*         0x000000004000017e        0x2 
 .rodata.str1.4
                0x0000000040000180       0x42 a:/intelfpga_lite/nios2eds/bin/gnu/h-x86_64-mingw32/bin/../lib/gcc/nios2-elf/5.3.0/../../../../../H-x86_64-mingw32/nios2-elf/lib/mhw-mulx\libc.a(lib_a-vfprintf.o)
 .rodata.zeroes.4404
                0x00000000400001c2       0x10 a:/intelfpga_lite/nios2eds/bin/gnu/h-x86_64-mingw32/bin/../lib/gcc/nios2-elf/5.3.0/../../../../../H-x86_64-mingw32/nios2-elf/lib/mhw-mulx\libc.a(lib_a-vfprintf.o)
 .rodata.blanks.4403
                0x00000000400001d2       0x10 a:/intelfpga_lite/nios2eds/bin/gnu/h-x86_64-mingw32/bin/../lib/gcc/nios2-elf/5.3.0/../../../../../H-x86_64-mingw32/nios2-elf/lib/mhw-mulx\libc.a(lib_a-vfprintf.o)
 *fill*         0x00000000400001e2        0x2 
 .rodata.str1.4
                0x00000000400001e4       0x10 a:/intelfpga_lite/nios2eds/bin/gnu/h-x86_64-mingw32/bin/../lib/gcc/nios2-elf/5.3.0/../../../../../H-x86_64-mingw32/nios2-elf/lib/mhw-mulx\libc.a(lib_a-dtoa.o)
                                         0x12 (size before relaxing)
 .rodata.str1.4
                0x00000000400001f4        0x2 a:/intelfpga_lite/nios2eds/bin/gnu/h-x86_64-mingw32/bin/../lib/gcc/nios2-elf/5.3.0/../../../../../H-x86_64-mingw32/nios2-elf/lib/mhw-mulx\libc.a(lib_a-impure.o)
 *fill*         0x00000000400001f6        0x2 
 .rodata.str1.4
                0x00000000400001f8        0xc a:/intelfpga_lite/nios2eds/bin/gnu/h-x86_64-mingw32/bin/../lib/gcc/nios2-elf/5.3.0/../../../../../H-x86_64-mingw32/nios2-elf/lib/mhw-mulx\libc.a(lib_a-locale.o)
                                         0x12 (size before relaxing)
 .rodata.p05.2768
                0x0000000040000204        0xc a:/intelfpga_lite/nios2eds/bin/gnu/h-x86_64-mingw32/bin/../lib/gcc/nios2-elf/5.3.0/../../../../../H-x86_64-mingw32/nios2-elf/lib/mhw-mulx\libc.a(lib_a-mprec.o)
 .rodata.__mprec_tinytens
                0x0000000040000210       0x28 a:/intelfpga_lite/nios2eds/bin/gnu/h-x86_64-mingw32/bin/../lib/gcc/nios2-elf/5.3.0/../../../../../H-x86_64-mingw32/nios2-elf/lib/mhw-mulx\libc.a(lib_a-mprec.o)
                0x0000000040000210                __mprec_tinytens
 .rodata.__mprec_bigtens
                0x0000000040000238       0x28 a:/intelfpga_lite/nios2eds/bin/gnu/h-x86_64-mingw32/bin/../lib/gcc/nios2-elf/5.3.0/../../../../../H-x86_64-mingw32/nios2-elf/lib/mhw-mulx\libc.a(lib_a-mprec.o)
                0x0000000040000238                __mprec_bigtens
 .rodata.__mprec_tens
                0x0000000040000260       0xc8 a:/intelfpga_lite/nios2eds/bin/gnu/h-x86_64-mingw32/bin/../lib/gcc/nios2-elf/5.3.0/../../../../../H-x86_64-mingw32/nios2-elf/lib/mhw-mulx\libc.a(lib_a-mprec.o)
                0x0000000040000260                __mprec_tens
 .rodata.str1.4
                0x0000000040000328       0x2f a:/intelfpga_lite/nios2eds/bin/gnu/h-x86_64-mingw32/bin/../lib/gcc/nios2-elf/5.3.0/../../../../../H-x86_64-mingw32/nios2-elf/lib/mhw-mulx\libc.a(lib_a-vfiprintf.o)
 .rodata.zeroes.4349
                0x0000000040000328       0x10 a:/intelfpga_lite/nios2eds/bin/gnu/h-x86_64-mingw32/bin/../lib/gcc/nios2-elf/5.3.0/../../../../../H-x86_64-mingw32/nios2-elf/lib/mhw-mulx\libc.a(lib_a-vfiprintf.o)
 .rodata.blanks.4348
                0x0000000040000338       0x10 a:/intelfpga_lite/nios2eds/bin/gnu/h-x86_64-mingw32/bin/../lib/gcc/nios2-elf/5.3.0/../../../../../H-x86_64-mingw32/nios2-elf/lib/mhw-mulx\libc.a(lib_a-vfiprintf.o)
 .rodata        0x0000000040000348      0x100 a:/intelfpga_lite/nios2eds/bin/gnu/h-x86_64-mingw32/bin/../lib/gcc/nios2-elf/5.3.0/mhw-mulx\libgcc.a(_clz.o)
                0x0000000040000348                __clz_tab
 .rodata        0x0000000040000448        0xa ../lab5-6_bsp/\libucosii_bsp.a(alt_dev.o)
 *fill*         0x0000000040000452        0x2 
 .rodata        0x0000000040000454        0xf ../lab5-6_bsp/\libucosii_bsp.a(alt_main.o)
 *fill*         0x0000000040000463        0x1 
 .rodata        0x0000000040000464      0x11e ../lab5-6_bsp/\libucosii_bsp.a(os_core.o)
                0x0000000040000464                OSUnMapTbl
 *fill*         0x0000000040000582        0x2 
 .rodata        0x0000000040000584       0xf5 ../lab5-6_bsp/\libucosii_bsp.a(alt_sys_init.o)
 *fill*         0x0000000040000679        0x3 
 .rodata        0x000000004000067c        0x2 ../lab5-6_bsp/\libucosii_bsp.a(os_cpu_c.o)
 *(.rodata1)
                0x0000000040000680                . = ALIGN (0x4)
 *fill*         0x000000004000067e        0x2 
                0x0000000040000680                PROVIDE (__ram_rodata_end, ABSOLUTE (.))
                0x00000000000192b8                PROVIDE (__flash_rodata_start, LOADADDR (.rodata))

.rwdata         0x0000000040000680     0x1db0 load address 0x0000000000019938
                0x0000000040000680                PROVIDE (__ram_rwdata_start, ABSOLUTE (.))
                0x0000000040000680                . = ALIGN (0x4)
 *(.got.plt)
 *(.got)
 *(.data1)
 *(.data .data.* .gnu.linkonce.d.*)
 .data          0x0000000040000680        0x0 ../lab5-6_bsp//obj/HAL/src/crt0.o
 .data          0x0000000040000680        0x0 obj/default/hello_ucosii.o
 .data          0x0000000040000680        0x0 a:/intelfpga_lite/nios2eds/bin/gnu/h-x86_64-mingw32/bin/../lib/gcc/nios2-elf/5.3.0/mhw-mulx\libgcc.a(_popcountsi2.o)
 .data          0x0000000040000680        0x0 a:/intelfpga_lite/nios2eds/bin/gnu/h-x86_64-mingw32/bin/../lib/gcc/nios2-elf/5.3.0/../../../../../H-x86_64-mingw32/nios2-elf/lib/mhw-mulx\libc.a(lib_a-printf.o)
 .data          0x0000000040000680        0x0 a:/intelfpga_lite/nios2eds/bin/gnu/h-x86_64-mingw32/bin/../lib/gcc/nios2-elf/5.3.0/../../../../../H-x86_64-mingw32/nios2-elf/lib/mhw-mulx\libc.a(lib_a-vfprintf.o)
 .data          0x0000000040000680        0x0 a:/intelfpga_lite/nios2eds/bin/gnu/h-x86_64-mingw32/bin/../lib/gcc/nios2-elf/5.3.0/../../../../../H-x86_64-mingw32/nios2-elf/lib/mhw-mulx\libc.a(lib_a-wsetup.o)
 .data          0x0000000040000680        0x0 a:/intelfpga_lite/nios2eds/bin/gnu/h-x86_64-mingw32/bin/../lib/gcc/nios2-elf/5.3.0/../../../../../H-x86_64-mingw32/nios2-elf/lib/mhw-mulx\libc.a(lib_a-dtoa.o)
 .data          0x0000000040000680        0x0 a:/intelfpga_lite/nios2eds/bin/gnu/h-x86_64-mingw32/bin/../lib/gcc/nios2-elf/5.3.0/../../../../../H-x86_64-mingw32/nios2-elf/lib/mhw-mulx\libc.a(lib_a-fflush.o)
 .data          0x0000000040000680        0x0 a:/intelfpga_lite/nios2eds/bin/gnu/h-x86_64-mingw32/bin/../lib/gcc/nios2-elf/5.3.0/../../../../../H-x86_64-mingw32/nios2-elf/lib/mhw-mulx\libc.a(lib_a-findfp.o)
 .data          0x0000000040000680        0x0 a:/intelfpga_lite/nios2eds/bin/gnu/h-x86_64-mingw32/bin/../lib/gcc/nios2-elf/5.3.0/../../../../../H-x86_64-mingw32/nios2-elf/lib/mhw-mulx\libc.a(lib_a-freer.o)
 .data          0x0000000040000680        0x0 a:/intelfpga_lite/nios2eds/bin/gnu/h-x86_64-mingw32/bin/../lib/gcc/nios2-elf/5.3.0/../../../../../H-x86_64-mingw32/nios2-elf/lib/mhw-mulx\libc.a(lib_a-fwalk.o)
 .data          0x0000000040000680        0x0 a:/intelfpga_lite/nios2eds/bin/gnu/h-x86_64-mingw32/bin/../lib/gcc/nios2-elf/5.3.0/../../../../../H-x86_64-mingw32/nios2-elf/lib/mhw-mulx\libc.a(lib_a-impure.o)
 .data.impure_data
                0x0000000040000680      0x424 a:/intelfpga_lite/nios2eds/bin/gnu/h-x86_64-mingw32/bin/../lib/gcc/nios2-elf/5.3.0/../../../../../H-x86_64-mingw32/nios2-elf/lib/mhw-mulx\libc.a(lib_a-impure.o)
 .data          0x0000000040000aa4        0x0 a:/intelfpga_lite/nios2eds/bin/gnu/h-x86_64-mingw32/bin/../lib/gcc/nios2-elf/5.3.0/../../../../../H-x86_64-mingw32/nios2-elf/lib/mhw-mulx\libc.a(lib_a-locale.o)
 .data.lc_message_charset
                0x0000000040000aa4       0x20 a:/intelfpga_lite/nios2eds/bin/gnu/h-x86_64-mingw32/bin/../lib/gcc/nios2-elf/5.3.0/../../../../../H-x86_64-mingw32/nios2-elf/lib/mhw-mulx\libc.a(lib_a-locale.o)
 .data.lc_ctype_charset
                0x0000000040000ac4       0x20 a:/intelfpga_lite/nios2eds/bin/gnu/h-x86_64-mingw32/bin/../lib/gcc/nios2-elf/5.3.0/../../../../../H-x86_64-mingw32/nios2-elf/lib/mhw-mulx\libc.a(lib_a-locale.o)
 .data.lconv    0x0000000040000ae4       0x38 a:/intelfpga_lite/nios2eds/bin/gnu/h-x86_64-mingw32/bin/../lib/gcc/nios2-elf/5.3.0/../../../../../H-x86_64-mingw32/nios2-elf/lib/mhw-mulx\libc.a(lib_a-locale.o)
 .data          0x0000000040000b1c        0x0 a:/intelfpga_lite/nios2eds/bin/gnu/h-x86_64-mingw32/bin/../lib/gcc/nios2-elf/5.3.0/../../../../../H-x86_64-mingw32/nios2-elf/lib/mhw-mulx\libc.a(lib_a-makebuf.o)
 .data          0x0000000040000b1c        0x0 a:/intelfpga_lite/nios2eds/bin/gnu/h-x86_64-mingw32/bin/../lib/gcc/nios2-elf/5.3.0/../../../../../H-x86_64-mingw32/nios2-elf/lib/mhw-mulx\libc.a(lib_a-mallocr.o)
 .data.__malloc_av_
                0x0000000040000b1c      0x408 a:/intelfpga_lite/nios2eds/bin/gnu/h-x86_64-mingw32/bin/../lib/gcc/nios2-elf/5.3.0/../../../../../H-x86_64-mingw32/nios2-elf/lib/mhw-mulx\libc.a(lib_a-mallocr.o)
                0x0000000040000b1c                __malloc_av_
 .data          0x0000000040000f24        0x0 a:/intelfpga_lite/nios2eds/bin/gnu/h-x86_64-mingw32/bin/../lib/gcc/nios2-elf/5.3.0/../../../../../H-x86_64-mingw32/nios2-elf/lib/mhw-mulx\libc.a(lib_a-memchr.o)
 .data          0x0000000040000f24        0x0 a:/intelfpga_lite/nios2eds/bin/gnu/h-x86_64-mingw32/bin/../lib/gcc/nios2-elf/5.3.0/../../../../../H-x86_64-mingw32/nios2-elf/lib/mhw-mulx\libc.a(lib_a-memcpy.o)
 .data          0x0000000040000f24        0x0 a:/intelfpga_lite/nios2eds/bin/gnu/h-x86_64-mingw32/bin/../lib/gcc/nios2-elf/5.3.0/../../../../../H-x86_64-mingw32/nios2-elf/lib/mhw-mulx\libc.a(lib_a-memset.o)
 .data          0x0000000040000f24        0x0 a:/intelfpga_lite/nios2eds/bin/gnu/h-x86_64-mingw32/bin/../lib/gcc/nios2-elf/5.3.0/../../../../../H-x86_64-mingw32/nios2-elf/lib/mhw-mulx\libc.a(lib_a-mprec.o)
 .data          0x0000000040000f24        0x0 a:/intelfpga_lite/nios2eds/bin/gnu/h-x86_64-mingw32/bin/../lib/gcc/nios2-elf/5.3.0/../../../../../H-x86_64-mingw32/nios2-elf/lib/mhw-mulx\libc.a(lib_a-s_fpclassify.o)
 .data          0x0000000040000f24        0x0 a:/intelfpga_lite/nios2eds/bin/gnu/h-x86_64-mingw32/bin/../lib/gcc/nios2-elf/5.3.0/../../../../../H-x86_64-mingw32/nios2-elf/lib/mhw-mulx\libc.a(lib_a-sbrkr.o)
 .data          0x0000000040000f24        0x0 a:/intelfpga_lite/nios2eds/bin/gnu/h-x86_64-mingw32/bin/../lib/gcc/nios2-elf/5.3.0/../../../../../H-x86_64-mingw32/nios2-elf/lib/mhw-mulx\libc.a(lib_a-stdio.o)
 .data          0x0000000040000f24        0x0 a:/intelfpga_lite/nios2eds/bin/gnu/h-x86_64-mingw32/bin/../lib/gcc/nios2-elf/5.3.0/../../../../../H-x86_64-mingw32/nios2-elf/lib/mhw-mulx\libc.a(lib_a-strcmp.o)
 .data          0x0000000040000f24        0x0 a:/intelfpga_lite/nios2eds/bin/gnu/h-x86_64-mingw32/bin/../lib/gcc/nios2-elf/5.3.0/../../../../../H-x86_64-mingw32/nios2-elf/lib/mhw-mulx\libc.a(lib_a-strlen.o)
 .data          0x0000000040000f24        0x0 a:/intelfpga_lite/nios2eds/bin/gnu/h-x86_64-mingw32/bin/../lib/gcc/nios2-elf/5.3.0/../../../../../H-x86_64-mingw32/nios2-elf/lib/mhw-mulx\libc.a(lib_a-vfiprintf.o)
 .data          0x0000000040000f24        0x0 a:/intelfpga_lite/nios2eds/bin/gnu/h-x86_64-mingw32/bin/../lib/gcc/nios2-elf/5.3.0/../../../../../H-x86_64-mingw32/nios2-elf/lib/mhw-mulx\libc.a(lib_a-writer.o)
 .data          0x0000000040000f24        0x0 a:/intelfpga_lite/nios2eds/bin/gnu/h-x86_64-mingw32/bin/../lib/gcc/nios2-elf/5.3.0/../../../../../H-x86_64-mingw32/nios2-elf/lib/mhw-mulx\libc.a(closer.o)
 .data          0x0000000040000f24        0x0 a:/intelfpga_lite/nios2eds/bin/gnu/h-x86_64-mingw32/bin/../lib/gcc/nios2-elf/5.3.0/../../../../../H-x86_64-mingw32/nios2-elf/lib/mhw-mulx\libc.a(lib_a-callocr.o)
 .data          0x0000000040000f24        0x0 a:/intelfpga_lite/nios2eds/bin/gnu/h-x86_64-mingw32/bin/../lib/gcc/nios2-elf/5.3.0/../../../../../H-x86_64-mingw32/nios2-elf/lib/mhw-mulx\libc.a(lib_a-fclose.o)
 .data          0x0000000040000f24        0x0 a:/intelfpga_lite/nios2eds/bin/gnu/h-x86_64-mingw32/bin/../lib/gcc/nios2-elf/5.3.0/../../../../../H-x86_64-mingw32/nios2-elf/lib/mhw-mulx\libc.a(lib_a-fputwc.o)
 .data          0x0000000040000f24        0x0 a:/intelfpga_lite/nios2eds/bin/gnu/h-x86_64-mingw32/bin/../lib/gcc/nios2-elf/5.3.0/../../../../../H-x86_64-mingw32/nios2-elf/lib/mhw-mulx\libc.a(lib_a-fstatr.o)
 .data          0x0000000040000f24        0x0 a:/intelfpga_lite/nios2eds/bin/gnu/h-x86_64-mingw32/bin/../lib/gcc/nios2-elf/5.3.0/../../../../../H-x86_64-mingw32/nios2-elf/lib/mhw-mulx\libc.a(lib_a-fvwrite.o)
 .data          0x0000000040000f24        0x0 a:/intelfpga_lite/nios2eds/bin/gnu/h-x86_64-mingw32/bin/../lib/gcc/nios2-elf/5.3.0/../../../../../H-x86_64-mingw32/nios2-elf/lib/mhw-mulx\libc.a(lib_a-int_errno.o)
 .data          0x0000000040000f24        0x0 a:/intelfpga_lite/nios2eds/bin/gnu/h-x86_64-mingw32/bin/../lib/gcc/nios2-elf/5.3.0/../../../../../H-x86_64-mingw32/nios2-elf/lib/mhw-mulx\libc.a(lib_a-isattyr.o)
 .data          0x0000000040000f24        0x0 a:/intelfpga_lite/nios2eds/bin/gnu/h-x86_64-mingw32/bin/../lib/gcc/nios2-elf/5.3.0/../../../../../H-x86_64-mingw32/nios2-elf/lib/mhw-mulx\libc.a(lib_a-lseekr.o)
 .data          0x0000000040000f24        0x0 a:/intelfpga_lite/nios2eds/bin/gnu/h-x86_64-mingw32/bin/../lib/gcc/nios2-elf/5.3.0/../../../../../H-x86_64-mingw32/nios2-elf/lib/mhw-mulx\libc.a(lib_a-memmove.o)
 .data          0x0000000040000f24        0x0 a:/intelfpga_lite/nios2eds/bin/gnu/h-x86_64-mingw32/bin/../lib/gcc/nios2-elf/5.3.0/../../../../../H-x86_64-mingw32/nios2-elf/lib/mhw-mulx\libc.a(lib_a-readr.o)
 .data          0x0000000040000f24        0x0 a:/intelfpga_lite/nios2eds/bin/gnu/h-x86_64-mingw32/bin/../lib/gcc/nios2-elf/5.3.0/../../../../../H-x86_64-mingw32/nios2-elf/lib/mhw-mulx\libc.a(lib_a-reallocr.o)
 .data          0x0000000040000f24        0x0 a:/intelfpga_lite/nios2eds/bin/gnu/h-x86_64-mingw32/bin/../lib/gcc/nios2-elf/5.3.0/../../../../../H-x86_64-mingw32/nios2-elf/lib/mhw-mulx\libc.a(lib_a-wbuf.o)
 .data          0x0000000040000f24        0x0 a:/intelfpga_lite/nios2eds/bin/gnu/h-x86_64-mingw32/bin/../lib/gcc/nios2-elf/5.3.0/../../../../../H-x86_64-mingw32/nios2-elf/lib/mhw-mulx\libc.a(lib_a-wcrtomb.o)
 .data          0x0000000040000f24        0x0 a:/intelfpga_lite/nios2eds/bin/gnu/h-x86_64-mingw32/bin/../lib/gcc/nios2-elf/5.3.0/../../../../../H-x86_64-mingw32/nios2-elf/lib/mhw-mulx\libc.a(lib_a-wctomb_r.o)
 .data          0x0000000040000f24        0x0 a:/intelfpga_lite/nios2eds/bin/gnu/h-x86_64-mingw32/bin/../lib/gcc/nios2-elf/5.3.0/mhw-mulx\libgcc.a(_udivdi3.o)
 .data          0x0000000040000f24        0x0 a:/intelfpga_lite/nios2eds/bin/gnu/h-x86_64-mingw32/bin/../lib/gcc/nios2-elf/5.3.0/mhw-mulx\libgcc.a(_umoddi3.o)
 .data          0x0000000040000f24        0x0 a:/intelfpga_lite/nios2eds/bin/gnu/h-x86_64-mingw32/bin/../lib/gcc/nios2-elf/5.3.0/mhw-mulx\libgcc.a(lib2-divmod.o)
 .data          0x0000000040000f24        0x0 a:/intelfpga_lite/nios2eds/bin/gnu/h-x86_64-mingw32/bin/../lib/gcc/nios2-elf/5.3.0/mhw-mulx\libgcc.a(adddf3.o)
 .data          0x0000000040000f24        0x0 a:/intelfpga_lite/nios2eds/bin/gnu/h-x86_64-mingw32/bin/../lib/gcc/nios2-elf/5.3.0/mhw-mulx\libgcc.a(divdf3.o)
 .data          0x0000000040000f24        0x0 a:/intelfpga_lite/nios2eds/bin/gnu/h-x86_64-mingw32/bin/../lib/gcc/nios2-elf/5.3.0/mhw-mulx\libgcc.a(eqdf2.o)
 .data          0x0000000040000f24        0x0 a:/intelfpga_lite/nios2eds/bin/gnu/h-x86_64-mingw32/bin/../lib/gcc/nios2-elf/5.3.0/mhw-mulx\libgcc.a(gedf2.o)
 .data          0x0000000040000f24        0x0 a:/intelfpga_lite/nios2eds/bin/gnu/h-x86_64-mingw32/bin/../lib/gcc/nios2-elf/5.3.0/mhw-mulx\libgcc.a(ledf2.o)
 .data          0x0000000040000f24        0x0 a:/intelfpga_lite/nios2eds/bin/gnu/h-x86_64-mingw32/bin/../lib/gcc/nios2-elf/5.3.0/mhw-mulx\libgcc.a(muldf3.o)
 .data          0x0000000040000f24        0x0 a:/intelfpga_lite/nios2eds/bin/gnu/h-x86_64-mingw32/bin/../lib/gcc/nios2-elf/5.3.0/mhw-mulx\libgcc.a(subdf3.o)
 .data          0x0000000040000f24        0x0 a:/intelfpga_lite/nios2eds/bin/gnu/h-x86_64-mingw32/bin/../lib/gcc/nios2-elf/5.3.0/mhw-mulx\libgcc.a(fixdfsi.o)
 .data          0x0000000040000f24        0x0 a:/intelfpga_lite/nios2eds/bin/gnu/h-x86_64-mingw32/bin/../lib/gcc/nios2-elf/5.3.0/mhw-mulx\libgcc.a(floatsidf.o)
 .data          0x0000000040000f24        0x0 a:/intelfpga_lite/nios2eds/bin/gnu/h-x86_64-mingw32/bin/../lib/gcc/nios2-elf/5.3.0/mhw-mulx\libgcc.a(floatunsidf.o)
 .data          0x0000000040000f24        0x0 a:/intelfpga_lite/nios2eds/bin/gnu/h-x86_64-mingw32/bin/../lib/gcc/nios2-elf/5.3.0/mhw-mulx\libgcc.a(_clz.o)
 .data          0x0000000040000f24        0x0 a:/intelfpga_lite/nios2eds/bin/gnu/h-x86_64-mingw32/bin/../lib/gcc/nios2-elf/5.3.0/mhw-mulx\libgcc.a(_clzsi2.o)
 .data          0x0000000040000f24        0x0 ../lab5-6_bsp/\libucosii_bsp.a(alt_close.o)
 .data          0x0000000040000f24      0x1a8 ../lab5-6_bsp/\libucosii_bsp.a(alt_dev.o)
                0x0000000040000f24                alt_dev_null
                0x0000000040000f4c                alt_fd_list
 .data          0x00000000400010cc        0x0 ../lab5-6_bsp/\libucosii_bsp.a(alt_errno.o)
 .data          0x00000000400010cc        0x0 ../lab5-6_bsp/\libucosii_bsp.a(alt_fstat.o)
 .data          0x00000000400010cc        0x0 ../lab5-6_bsp/\libucosii_bsp.a(alt_isatty.o)
 .data          0x00000000400010cc        0x0 ../lab5-6_bsp/\libucosii_bsp.a(alt_load.o)
 .data          0x00000000400010cc        0x0 ../lab5-6_bsp/\libucosii_bsp.a(alt_lseek.o)
 .data          0x00000000400010cc        0x0 ../lab5-6_bsp/\libucosii_bsp.a(alt_main.o)
 .data          0x00000000400010cc        0x0 ../lab5-6_bsp/\libucosii_bsp.a(alt_read.o)
 .data          0x00000000400010cc        0x0 ../lab5-6_bsp/\libucosii_bsp.a(alt_release_fd.o)
 .data          0x00000000400010cc        0x0 ../lab5-6_bsp/\libucosii_bsp.a(alt_sbrk.o)
 .data          0x00000000400010cc        0x0 ../lab5-6_bsp/\libucosii_bsp.a(alt_usleep.o)
 .data          0x00000000400010cc        0x0 ../lab5-6_bsp/\libucosii_bsp.a(alt_write.o)
 .data          0x00000000400010cc        0x0 ../lab5-6_bsp/\libucosii_bsp.a(alt_env_lock.o)
 .data          0x00000000400010cc        0x0 ../lab5-6_bsp/\libucosii_bsp.a(alt_malloc_lock.o)
 .data          0x00000000400010cc        0x0 ../lab5-6_bsp/\libucosii_bsp.a(os_core.o)
 .data          0x00000000400010cc        0x0 ../lab5-6_bsp/\libucosii_bsp.a(os_dbg.o)
 .data          0x00000000400010cc        0x0 ../lab5-6_bsp/\libucosii_bsp.a(os_flag.o)
 .data          0x00000000400010cc        0x0 ../lab5-6_bsp/\libucosii_bsp.a(os_mem.o)
 .data          0x00000000400010cc        0x0 ../lab5-6_bsp/\libucosii_bsp.a(os_q.o)
 .data          0x00000000400010cc        0x0 ../lab5-6_bsp/\libucosii_bsp.a(os_sem.o)
 .data          0x00000000400010cc        0x0 ../lab5-6_bsp/\libucosii_bsp.a(os_task.o)
 .data          0x00000000400010cc        0x0 ../lab5-6_bsp/\libucosii_bsp.a(os_time.o)
 .data          0x00000000400010cc     0x12a8 ../lab5-6_bsp/\libucosii_bsp.a(alt_sys_init.o)
 .data          0x0000000040002374        0x0 ../lab5-6_bsp/\libucosii_bsp.a(altera_avalon_jtag_uart_fd.o)
 .data          0x0000000040002374        0x0 ../lab5-6_bsp/\libucosii_bsp.a(altera_avalon_jtag_uart_init.o)
 .data          0x0000000040002374        0x0 ../lab5-6_bsp/\libucosii_bsp.a(altera_avalon_jtag_uart_ioctl.o)
 .data          0x0000000040002374        0x0 ../lab5-6_bsp/\libucosii_bsp.a(altera_avalon_jtag_uart_read.o)
 .data          0x0000000040002374        0x0 ../lab5-6_bsp/\libucosii_bsp.a(altera_avalon_jtag_uart_write.o)
 .data          0x0000000040002374        0x0 ../lab5-6_bsp/\libucosii_bsp.a(altera_avalon_timer_sc.o)
 .data          0x0000000040002374        0x0 ../lab5-6_bsp/\libucosii_bsp.a(altera_up_avalon_irda.o)
 .data          0x0000000040002374        0x0 ../lab5-6_bsp/\libucosii_bsp.a(altera_up_avalon_ps2.o)
 .data          0x0000000040002374        0x0 ../lab5-6_bsp/\libucosii_bsp.a(alt_alarm_start.o)
 .data          0x0000000040002374        0x0 ../lab5-6_bsp/\libucosii_bsp.a(alt_busy_sleep.o)
 .data          0x0000000040002374        0x0 ../lab5-6_bsp/\libucosii_bsp.a(alt_dcache_flush_all.o)
 .data          0x0000000040002374        0x0 ../lab5-6_bsp/\libucosii_bsp.a(alt_dev_llist_insert.o)
 .data          0x0000000040002374        0x0 ../lab5-6_bsp/\libucosii_bsp.a(alt_do_ctors.o)
 .data          0x0000000040002374        0x0 ../lab5-6_bsp/\libucosii_bsp.a(alt_do_dtors.o)
 .data          0x0000000040002374        0x0 ../lab5-6_bsp/\libucosii_bsp.a(alt_find_dev.o)
 .data          0x0000000040002374        0x0 ../lab5-6_bsp/\libucosii_bsp.a(alt_icache_flush_all.o)
 .data          0x0000000040002374        0x0 ../lab5-6_bsp/\libucosii_bsp.a(alt_io_redirect.o)
 .data          0x0000000040002374        0x0 ../lab5-6_bsp/\libucosii_bsp.a(alt_irq_register.o)
 .data          0x0000000040002374        0x0 ../lab5-6_bsp/\libucosii_bsp.a(alt_irq_vars.o)
 .data          0x0000000040002374        0x0 ../lab5-6_bsp/\libucosii_bsp.a(alt_open.o)
 .data          0x0000000040002374        0x0 ../lab5-6_bsp/\libucosii_bsp.a(alt_tick.o)
 .data          0x0000000040002374        0x0 ../lab5-6_bsp/\libucosii_bsp.a(altera_nios2_gen2_irq.o)
 .data          0x0000000040002374        0x0 ../lab5-6_bsp/\libucosii_bsp.a(os_cpu_a.o)
 .data          0x0000000040002374        0x0 ../lab5-6_bsp/\libucosii_bsp.a(os_cpu_c.o)
 .data          0x0000000040002374        0x0 ../lab5-6_bsp/\libucosii_bsp.a(alt_find_file.o)
 .data          0x0000000040002374        0x0 ../lab5-6_bsp/\libucosii_bsp.a(alt_get_fd.o)
 .data          0x0000000040002374        0x0 ../lab5-6_bsp/\libucosii_bsp.a(alt_icache_flush.o)
 .data          0x0000000040002374        0x0 ../lab5-6_bsp/\libucosii_bsp.a(alt_irq_entry.o)
 .data          0x0000000040002374        0x0 ../lab5-6_bsp/\libucosii_bsp.a(alt_irq_handler.o)
 .data          0x0000000040002374        0x0 ../lab5-6_bsp/\libucosii_bsp.a(alt_exception_entry.o)
 .data          0x0000000040002374        0x0 ../lab5-6_bsp/\libucosii_bsp.a(alt_instruction_exception_entry.o)
 .data          0x0000000040002374        0x0 a:/intelfpga_lite/nios2eds/bin/gnu/h-x86_64-mingw32/bin/../lib/gcc/nios2-elf/5.3.0/../../../../../H-x86_64-mingw32/nios2-elf/lib/mhw-mulx\libc.a(lib_a-atexit.o)
 .data          0x0000000040002374        0x0 a:/intelfpga_lite/nios2eds/bin/gnu/h-x86_64-mingw32/bin/../lib/gcc/nios2-elf/5.3.0/../../../../../H-x86_64-mingw32/nios2-elf/lib/mhw-mulx\libc.a(lib_a-exit.o)
 .data          0x0000000040002374        0x0 a:/intelfpga_lite/nios2eds/bin/gnu/h-x86_64-mingw32/bin/../lib/gcc/nios2-elf/5.3.0/../../../../../H-x86_64-mingw32/nios2-elf/lib/mhw-mulx\libc.a(lib_a-memcmp.o)
 .data          0x0000000040002374        0x0 a:/intelfpga_lite/nios2eds/bin/gnu/h-x86_64-mingw32/bin/../lib/gcc/nios2-elf/5.3.0/../../../../../H-x86_64-mingw32/nios2-elf/lib/mhw-mulx\libc.a(lib_a-__atexit.o)
 .data          0x0000000040002374        0x0 a:/intelfpga_lite/nios2eds/bin/gnu/h-x86_64-mingw32/bin/../lib/gcc/nios2-elf/5.3.0/../../../../../H-x86_64-mingw32/nios2-elf/lib/mhw-mulx\libc.a(lib_a-__call_atexit.o)
 .data          0x0000000040002374        0x0 ../lab5-6_bsp/\libucosii_bsp.a(alt_exit.o)
                0x000000004000a374                _gp = ABSOLUTE ((. + 0x8000))
                [!provide]                        PROVIDE (gp, _gp)
 *(.rwdata .rwdata.*)
 *(.sdata .sdata.* .gnu.linkonce.s.*)
 .sdata._global_impure_ptr
                0x0000000040002374        0x4 a:/intelfpga_lite/nios2eds/bin/gnu/h-x86_64-mingw32/bin/../lib/gcc/nios2-elf/5.3.0/../../../../../H-x86_64-mingw32/nios2-elf/lib/mhw-mulx\libc.a(lib_a-impure.o)
                0x0000000040002374                _global_impure_ptr
 .sdata._impure_ptr
                0x0000000040002378        0x4 a:/intelfpga_lite/nios2eds/bin/gnu/h-x86_64-mingw32/bin/../lib/gcc/nios2-elf/5.3.0/../../../../../H-x86_64-mingw32/nios2-elf/lib/mhw-mulx\libc.a(lib_a-impure.o)
                0x0000000040002378                _impure_ptr
 .sdata.__mb_cur_max
                0x000000004000237c        0x4 a:/intelfpga_lite/nios2eds/bin/gnu/h-x86_64-mingw32/bin/../lib/gcc/nios2-elf/5.3.0/../../../../../H-x86_64-mingw32/nios2-elf/lib/mhw-mulx\libc.a(lib_a-locale.o)
                0x000000004000237c                __mb_cur_max
 .sdata.__malloc_sbrk_base
                0x0000000040002380        0x4 a:/intelfpga_lite/nios2eds/bin/gnu/h-x86_64-mingw32/bin/../lib/gcc/nios2-elf/5.3.0/../../../../../H-x86_64-mingw32/nios2-elf/lib/mhw-mulx\libc.a(lib_a-mallocr.o)
                0x0000000040002380                __malloc_sbrk_base
 .sdata.__malloc_trim_threshold
                0x0000000040002384        0x4 a:/intelfpga_lite/nios2eds/bin/gnu/h-x86_64-mingw32/bin/../lib/gcc/nios2-elf/5.3.0/../../../../../H-x86_64-mingw32/nios2-elf/lib/mhw-mulx\libc.a(lib_a-mallocr.o)
                0x0000000040002384                __malloc_trim_threshold
 .sdata.__wctomb
                0x0000000040002388        0x4 a:/intelfpga_lite/nios2eds/bin/gnu/h-x86_64-mingw32/bin/../lib/gcc/nios2-elf/5.3.0/../../../../../H-x86_64-mingw32/nios2-elf/lib/mhw-mulx\libc.a(lib_a-wctomb_r.o)
                0x0000000040002388                __wctomb
 .sdata         0x000000004000238c       0x14 ../lab5-6_bsp/\libucosii_bsp.a(alt_dev.o)
                0x000000004000238c                alt_fs_list
                0x0000000040002394                alt_dev_list
                0x000000004000239c                alt_max_fd
 .sdata         0x00000000400023a0        0x4 ../lab5-6_bsp/\libucosii_bsp.a(alt_errno.o)
                0x00000000400023a0                alt_errno
 .sdata         0x00000000400023a4        0x4 ../lab5-6_bsp/\libucosii_bsp.a(alt_sbrk.o)
 .sdata         0x00000000400023a8        0x4 ../lab5-6_bsp/\libucosii_bsp.a(alt_env_lock.o)
 .sdata         0x00000000400023ac        0x4 ../lab5-6_bsp/\libucosii_bsp.a(alt_malloc_lock.o)
 .sdata         0x00000000400023b0       0x72 ../lab5-6_bsp/\libucosii_bsp.a(os_dbg.o)
                0x00000000400023b0                OSDebugEn
                0x00000000400023b4                OSEndiannessTest
                0x00000000400023b8                OSEventEn
                0x00000000400023ba                OSEventMax
                0x00000000400023bc                OSEventNameSize
                0x00000000400023be                OSEventSize
                0x00000000400023c0                OSEventTblSize
                0x00000000400023c2                OSEventMultiEn
                0x00000000400023c4                OSFlagEn
                0x00000000400023c6                OSFlagGrpSize
                0x00000000400023c8                OSFlagNodeSize
                0x00000000400023ca                OSFlagWidth
                0x00000000400023cc                OSFlagMax
                0x00000000400023ce                OSFlagNameSize
                0x00000000400023d0                OSLowestPrio
                0x00000000400023d2                OSMboxEn
                0x00000000400023d4                OSMemEn
                0x00000000400023d6                OSMemMax
                0x00000000400023d8                OSMemNameSize
                0x00000000400023da                OSMemSize
                0x00000000400023dc                OSMemTblSize
                0x00000000400023de                OSMutexEn
                0x00000000400023e0                OSPtrSize
                0x00000000400023e2                OSQEn
                0x00000000400023e4                OSQMax
                0x00000000400023e6                OSQSize
                0x00000000400023e8                OSRdyTblSize
                0x00000000400023ea                OSSemEn
                0x00000000400023ec                OSStkWidth
                0x00000000400023ee                OSTaskCreateEn
                0x00000000400023f0                OSTaskCreateExtEn
                0x00000000400023f2                OSTaskDelEn
                0x00000000400023f4                OSTaskIdleStkSize
                0x00000000400023f6                OSTaskProfileEn
                0x00000000400023f8                OSTaskMax
                0x00000000400023fa                OSTaskNameSize
                0x00000000400023fc                OSTaskStatEn
                0x00000000400023fe                OSTaskStatStkSize
                0x0000000040002400                OSTaskStatStkChkEn
                0x0000000040002402                OSTaskSwHookEn
                0x0000000040002404                OSTCBPrioTblMax
                0x0000000040002406                OSTCBSize
                0x0000000040002408                OSTicksPerSec