Archive member included to satisfy reference by file (symbol)

a:/intelfpga_lite/nios2eds/bin/gnu/h-x86_64-mingw32/bin/../lib/gcc/nios2-elf/5.3.0/../../../../../H-x86_64-mingw32/nios2-elf/lib/mno-hw-mul\libc.a(lib_a-puts.o)
                              obj/default/hello_ucosii.o (puts)
a:/intelfpga_lite/nios2eds/bin/gnu/h-x86_64-mingw32/bin/../lib/gcc/nios2-elf/5.3.0/../../../../../H-x86_64-mingw32/nios2-elf/lib/mno-hw-mul\libc.a(lib_a-strlen.o)
                              a:/intelfpga_lite/nios2eds/bin/gnu/h-x86_64-mingw32/bin/../lib/gcc/nios2-elf/5.3.0/../../../../../H-x86_64-mingw32/nios2-elf/lib/mno-hw-mul\libc.a(lib_a-puts.o) (strlen)
a:/intelfpga_lite/nios2eds/bin/gnu/h-x86_64-mingw32/bin/../lib/gcc/nios2-elf/5.3.0/../../../../../H-x86_64-mingw32/nios2-elf/lib/mno-hw-mul\libc.a(lib_a-findfp.o)
                              a:/intelfpga_lite/nios2eds/bin/gnu/h-x86_64-mingw32/bin/../lib/gcc/nios2-elf/5.3.0/../../../../../H-x86_64-mingw32/nios2-elf/lib/mno-hw-mul\libc.a(lib_a-puts.o) (__sinit)
a:/intelfpga_lite/nios2eds/bin/gnu/h-x86_64-mingw32/bin/../lib/gcc/nios2-elf/5.3.0/../../../../../H-x86_64-mingw32/nios2-elf/lib/mno-hw-mul\libc.a(lib_a-fvwrite.o)
                              a:/intelfpga_lite/nios2eds/bin/gnu/h-x86_64-mingw32/bin/../lib/gcc/nios2-elf/5.3.0/../../../../../H-x86_64-mingw32/nios2-elf/lib/mno-hw-mul\libc.a(lib_a-puts.o) (__sfvwrite_r)
a:/intelfpga_lite/nios2eds/bin/gnu/h-x86_64-mingw32/bin/../lib/gcc/nios2-elf/5.3.0/../../../../../H-x86_64-mingw32/nios2-elf/lib/mno-hw-mul\libc.a(lib_a-fwalk.o)
                              a:/intelfpga_lite/nios2eds/bin/gnu/h-x86_64-mingw32/bin/../lib/gcc/nios2-elf/5.3.0/../../../../../H-x86_64-mingw32/nios2-elf/lib/mno-hw-mul\libc.a(lib_a-findfp.o) (_fwalk)
a:/intelfpga_lite/nios2eds/bin/gnu/h-x86_64-mingw32/bin/../lib/gcc/nios2-elf/5.3.0/../../../../../H-x86_64-mingw32/nios2-elf/lib/mno-hw-mul\libc.a(lib_a-impure.o)
                              a:/intelfpga_lite/nios2eds/bin/gnu/h-x86_64-mingw32/bin/../lib/gcc/nios2-elf/5.3.0/../../../../../H-x86_64-mingw32/nios2-elf/lib/mno-hw-mul\libc.a(lib_a-findfp.o) (_global_impure_ptr)
a:/intelfpga_lite/nios2eds/bin/gnu/h-x86_64-mingw32/bin/../lib/gcc/nios2-elf/5.3.0/../../../../../H-x86_64-mingw32/nios2-elf/lib/mno-hw-mul\libc.a(lib_a-mallocr.o)
                              a:/intelfpga_lite/nios2eds/bin/gnu/h-x86_64-mingw32/bin/../lib/gcc/nios2-elf/5.3.0/../../../../../H-x86_64-mingw32/nios2-elf/lib/mno-hw-mul\libc.a(lib_a-findfp.o) (_malloc_r)
a:/intelfpga_lite/nios2eds/bin/gnu/h-x86_64-mingw32/bin/../lib/gcc/nios2-elf/5.3.0/../../../../../H-x86_64-mingw32/nios2-elf/lib/mno-hw-mul\libc.a(lib_a-memchr.o)
                              a:/intelfpga_lite/nios2eds/bin/gnu/h-x86_64-mingw32/bin/../lib/gcc/nios2-elf/5.3.0/../../../../../H-x86_64-mingw32/nios2-elf/lib/mno-hw-mul\libc.a(lib_a-fvwrite.o) (memchr)
a:/intelfpga_lite/nios2eds/bin/gnu/h-x86_64-mingw32/bin/../lib/gcc/nios2-elf/5.3.0/../../../../../H-x86_64-mingw32/nios2-elf/lib/mno-hw-mul\libc.a(lib_a-memcpy.o)
                              a:/intelfpga_lite/nios2eds/bin/gnu/h-x86_64-mingw32/bin/../lib/gcc/nios2-elf/5.3.0/../../../../../H-x86_64-mingw32/nios2-elf/lib/mno-hw-mul\libc.a(lib_a-fvwrite.o) (memcpy)
a:/intelfpga_lite/nios2eds/bin/gnu/h-x86_64-mingw32/bin/../lib/gcc/nios2-elf/5.3.0/../../../../../H-x86_64-mingw32/nios2-elf/lib/mno-hw-mul\libc.a(lib_a-memmove.o)
                              a:/intelfpga_lite/nios2eds/bin/gnu/h-x86_64-mingw32/bin/../lib/gcc/nios2-elf/5.3.0/../../../../../H-x86_64-mingw32/nios2-elf/lib/mno-hw-mul\libc.a(lib_a-fvwrite.o) (memmove)
a:/intelfpga_lite/nios2eds/bin/gnu/h-x86_64-mingw32/bin/../lib/gcc/nios2-elf/5.3.0/../../../../../H-x86_64-mingw32/nios2-elf/lib/mno-hw-mul\libc.a(lib_a-memset.o)
                              a:/intelfpga_lite/nios2eds/bin/gnu/h-x86_64-mingw32/bin/../lib/gcc/nios2-elf/5.3.0/../../../../../H-x86_64-mingw32/nios2-elf/lib/mno-hw-mul\libc.a(lib_a-findfp.o) (memset)
a:/intelfpga_lite/nios2eds/bin/gnu/h-x86_64-mingw32/bin/../lib/gcc/nios2-elf/5.3.0/../../../../../H-x86_64-mingw32/nios2-elf/lib/mno-hw-mul\libc.a(lib_a-reallocr.o)
                              a:/intelfpga_lite/nios2eds/bin/gnu/h-x86_64-mingw32/bin/../lib/gcc/nios2-elf/5.3.0/../../../../../H-x86_64-mingw32/nios2-elf/lib/mno-hw-mul\libc.a(lib_a-fvwrite.o) (_realloc_r)
a:/intelfpga_lite/nios2eds/bin/gnu/h-x86_64-mingw32/bin/../lib/gcc/nios2-elf/5.3.0/../../../../../H-x86_64-mingw32/nios2-elf/lib/mno-hw-mul\libc.a(lib_a-sbrkr.o)
                              a:/intelfpga_lite/nios2eds/bin/gnu/h-x86_64-mingw32/bin/../lib/gcc/nios2-elf/5.3.0/../../../../../H-x86_64-mingw32/nios2-elf/lib/mno-hw-mul\libc.a(lib_a-mallocr.o) (_sbrk_r)
a:/intelfpga_lite/nios2eds/bin/gnu/h-x86_64-mingw32/bin/../lib/gcc/nios2-elf/5.3.0/../../../../../H-x86_64-mingw32/nios2-elf/lib/mno-hw-mul\libc.a(lib_a-stdio.o)
[...]
Memory Configuration

Name             Origin             Length             Attributes
reset            0x0000000000020000 0x0000000000000020
OnChip_Memory    0x0000000000020020 0x000000000001f3e0
*default*        0x0000000000000000 0xffffffffffffffff

Linker script and memory map

LOAD ../lab4_bsp//obj/HAL/src/crt0.o
LOAD obj/default/hello_ucosii.o
LOAD a:/intelfpga_lite/nios2eds/bin/gnu/h-x86_64-mingw32/bin/../lib/gcc/nios2-elf/5.3.0/../../../../../H-x86_64-mingw32/nios2-elf/lib/mno-hw-mul\libstdc++.a
LOAD a:/intelfpga_lite/nios2eds/bin/gnu/h-x86_64-mingw32/bin/../lib/gcc/nios2-elf/5.3.0/../../../../../H-x86_64-mingw32/nios2-elf/lib/mno-hw-mul\libm.a
LOAD a:/intelfpga_lite/nios2eds/bin/gnu/h-x86_64-mingw32/bin/../lib/gcc/nios2-elf/5.3.0/mno-hw-mul\libgcc.a
START GROUP
LOAD a:/intelfpga_lite/nios2eds/bin/gnu/h-x86_64-mingw32/bin/../lib/gcc/nios2-elf/5.3.0/../../../../../H-x86_64-mingw32/nios2-elf/lib/mno-hw-mul\libc.a
LOAD a:/intelfpga_lite/nios2eds/bin/gnu/h-x86_64-mingw32/bin/../lib/gcc/nios2-elf/5.3.0/mno-hw-mul\libgcc.a
LOAD ../lab4_bsp/\libucosii_bsp.a
LOAD a:/intelfpga_lite/nios2eds/bin/gnu/h-x86_64-mingw32/bin/../lib/gcc/nios2-elf/5.3.0/../../../../../H-x86_64-mingw32/nios2-elf/lib/mno-hw-mul\libm.a
END GROUP
LOAD a:/intelfpga_lite/nios2eds/bin/gnu/h-x86_64-mingw32/bin/../lib/gcc/nios2-elf/5.3.0/mno-hw-mul\libgcc.a
                0x0000000000020000                __alt_mem_OnChip_Memory = 0x20000

.entry          0x0000000000020000       0x20
 *(.entry)
 .entry         0x0000000000020000       0x20 ../lab4_bsp//obj/HAL/src/crt0.o
                0x0000000000020000                __reset

.exceptions     0x0000000000020020      0x210
                0x0000000000020020                PROVIDE (__ram_exceptions_start, ABSOLUTE (.))
                0x0000000000020020                . = ALIGN (0x20)
 *(.irq)
 *(.exceptions.entry.label)
 .exceptions.entry.label
                0x0000000000020020        0x0 ../lab4_bsp/\libucosii_bsp.a(alt_irq_entry.o)
                0x0000000000020020                alt_irq_entry
 .exceptions.entry.label
                0x0000000000020020        0x0 ../lab4_bsp/\libucosii_bsp.a(alt_exception_entry.o)
                0x0000000000020020                alt_exception
 *(.exceptions.entry.user)
 *(.exceptions.entry.ecc_fatal)
 *(.exceptions.entry)
 .exceptions.entry
                0x0000000000020020       0x54 ../lab4_bsp/\libucosii_bsp.a(alt_exception_entry.o)
 *(.exceptions.irqtest.user)
 *(.exceptions.irqtest)
 .exceptions.irqtest
                0x0000000000020074       0x10 ../lab4_bsp/\libucosii_bsp.a(alt_irq_entry.o)
 *(.exceptions.irqhandler.user)
 *(.exceptions.irqhandler)
 .exceptions.irqhandler
                0x0000000000020084        0x4 ../lab4_bsp/\libucosii_bsp.a(alt_irq_entry.o)
 *(.exceptions.irqreturn.user)
 *(.exceptions.irqreturn)
 .exceptions.irqreturn
                0x0000000000020088        0x4 ../lab4_bsp/\libucosii_bsp.a(alt_irq_entry.o)
 *(.exceptions.notirq.label)
 .exceptions.notirq.label
                0x000000000002008c        0x0 ../lab4_bsp/\libucosii_bsp.a(alt_irq_entry.o)
 *(.exceptions.notirq.user)
 *(.exceptions.notirq)
 .exceptions.notirq
                0x000000000002008c        0x8 ../lab4_bsp/\libucosii_bsp.a(alt_exception_entry.o)
 *(.exceptions.soft.user)
 *(.exceptions.soft)
 *(.exceptions.unknown.user)
 *(.exceptions.unknown)
 .exceptions.unknown
                0x0000000000020094       0x14 ../lab4_bsp/\libucosii_bsp.a(alt_exception_entry.o)
 *(.exceptions.exit.label)
 .exceptions.exit.label
                0x00000000000200a8        0x0 ../lab4_bsp/\libucosii_bsp.a(alt_irq_entry.o)
 .exceptions.exit.label
                0x00000000000200a8        0x0 ../lab4_bsp/\libucosii_bsp.a(alt_exception_entry.o)
 *(.exceptions.exit.user)
 *(.exceptions.exit)
 .exceptions.exit
                0x00000000000200a8       0x54 ../lab4_bsp/\libucosii_bsp.a(alt_exception_entry.o)
 *(.exceptions)
 .exceptions    0x00000000000200fc       0xd4 ../lab4_bsp/\libucosii_bsp.a(alt_irq_handler.o)
                0x00000000000200fc                alt_irq_handler
 .exceptions    0x00000000000201d0       0x60 ../lab4_bsp/\libucosii_bsp.a(alt_instruction_exception_entry.o)
                0x00000000000201d0                alt_instruction_exception_entry
                0x0000000000020230                PROVIDE (__ram_exceptions_end, ABSOLUTE (.))
                0x0000000000020020                PROVIDE (__flash_exceptions_start, LOADADDR (.exceptions))

.text           0x0000000000020230     0xd850
                [!provide]                        PROVIDE (stext, ABSOLUTE (.))
 *(.interp)
 *(.hash)
 *(.dynsym)
 *(.dynstr)
 *(.gnu.version)
 *(.gnu.version_d)
 *(.gnu.version_r)
 *(.rel.init)
 *(.rela.init)
 *(.rel.text .rel.text.* .rel.gnu.linkonce.t.*)
 *(.rela.text .rela.text.* .rela.gnu.linkonce.t.*)
 *(.rel.fini)
 *(.rela.fini)
 *(.rel.rodata .rel.rodata.* .rel.gnu.linkonce.r.*)
 *(.rela.rodata .rela.rodata.* .rela.gnu.linkonce.r.*)
 *(.rel.data .rel.data.* .rel.gnu.linkonce.d.*)
 *(.rela.data .rela.data.* .rela.gnu.linkonce.d.*)
 *(.rel.tdata .rel.tdata.* .rel.gnu.linkonce.td.*)
 *(.rela.tdata .rela.tdata.* .rela.gnu.linkonce.td.*)
 *(.rel.tbss .rel.tbss.* .rel.gnu.linkonce.tb.*)
 *(.rela.tbss .rela.tbss.* .rela.gnu.linkonce.tb.*)
 *(.rel.ctors)
 *(.rela.ctors)
 *(.rel.dtors)
 *(.rela.dtors)
 *(.rel.got)
 *(.rela.got)
 *(.rel.sdata .rel.sdata.* .rel.gnu.linkonce.s.*)
 *(.rela.sdata .rela.sdata.* .rela.gnu.linkonce.s.*)
 *(.rel.sbss .rel.sbss.* .rel.gnu.linkonce.sb.*)
 *(.rela.sbss .rela.sbss.* .rela.gnu.linkonce.sb.*)
 *(.rel.sdata2 .rel.sdata2.* .rel.gnu.linkonce.s2.*)
 *(.rela.sdata2 .rela.sdata2.* .rela.gnu.linkonce.s2.*)
 *(.rel.sbss2 .rel.sbss2.* .rel.gnu.linkonce.sb2.*)
 *(.rela.sbss2 .rela.sbss2.* .rela.gnu.linkonce.sb2.*)
 *(.rel.bss .rel.bss.* .rel.gnu.linkonce.b.*)
 *(.rela.bss .rela.bss.* .rela.gnu.linkonce.b.*)
 *(.rel.plt)
 *(.rela.plt)
 *(.rel.dyn)
 *(.init)
 *(.plt)
 *(.text .stub .text.* .gnu.linkonce.t.*)
 .text          0x0000000000020230       0x3c ../lab4_bsp//obj/HAL/src/crt0.o
                0x0000000000020230                _start
 .text          0x000000000002026c      0x11c obj/default/hello_ucosii.o
                0x000000000002026c                task1
                0x00000000000202a4                task2
                0x00000000000202dc                main
 .text          0x0000000000020388        0x0 a:/intelfpga_lite/nios2eds/bin/gnu/h-x86_64-mingw32/bin/../lib/gcc/nios2-elf/5.3.0/../../../../../H-x86_64-mingw32/nios2-elf/lib/mno-hw-mul\libc.a(lib_a-puts.o)
 .text._puts_r  0x0000000000020388       0xc0 a:/intelfpga_lite/nios2eds/bin/gnu/h-x86_64-mingw32/bin/../lib/gcc/nios2-elf/5.3.0/../../../../../H-x86_64-mingw32/nios2-elf/lib/mno-hw-mul\libc.a(lib_a-puts.o)
                0x0000000000020388                _puts_r
 .text.puts     0x0000000000020448       0x14 a:/intelfpga_lite/nios2eds/bin/gnu/h-x86_64-mingw32/bin/../lib/gcc/nios2-elf/5.3.0/../../../../../H-x86_64-mingw32/nios2-elf/lib/mno-hw-mul\libc.a(lib_a-puts.o)
                0x0000000000020448                puts
 .text          0x000000000002045c        0x0 a:/intelfpga_lite/nios2eds/bin/gnu/h-x86_64-mingw32/bin/../lib/gcc/nios2-elf/5.3.0/../../../../../H-x86_64-mingw32/nios2-elf/lib/mno-hw-mul\libc.a(lib_a-strlen.o)
 .text.strlen   0x000000000002045c       0x98 a:/intelfpga_lite/nios2eds/bin/gnu/h-x86_64-mingw32/bin/../lib/gcc/nios2-elf/5.3.0/../../../../../H-x86_64-mingw32/nios2-elf/lib/mno-hw-mul\libc.a(lib_a-strlen.o)
                0x000000000002045c                strlen
 .text          0x00000000000204f4        0x0 a:/intelfpga_lite/nios2eds/bin/gnu/h-x86_64-mingw32/bin/../lib/gcc/nios2-elf/5.3.0/../../../../../H-x86_64-mingw32/nios2-elf/lib/mno-hw-mul\libc.a(lib_a-findfp.o)
 .text.__fp_unlock
                0x00000000000204f4        0x8 a:/intelfpga_lite/nios2eds/bin/gnu/h-x86_64-mingw32/bin/../lib/gcc/nios2-elf/5.3.0/../../../../../H-x86_64-mingw32/nios2-elf/lib/mno-hw-mul\libc.a(lib_a-findfp.o)
 .text._cleanup_r
                0x00000000000204fc        0xc a:/intelfpga_lite/nios2eds/bin/gnu/h-x86_64-mingw32/bin/../lib/gcc/nios2-elf/5.3.0/../../../../../H-x86_64-mingw32/nios2-elf/lib/mno-hw-mul\libc.a(lib_a-findfp.o)
                0x00000000000204fc                _cleanup_r
 .text.__sinit.part.1
                0x0000000000020508      0x19c a:/intelfpga_lite/nios2eds/bin/gnu/h-x86_64-mingw32/bin/../lib/gcc/nios2-elf/5.3.0/../../../../../H-x86_64-mingw32/nios2-elf/lib/mno-hw-mul\libc.a(lib_a-findfp.o)
 .text.__fp_lock
                0x00000000000206a4        0x8 a:/intelfpga_lite/nios2eds/bin/gnu/h-x86_64-mingw32/bin/../lib/gcc/nios2-elf/5.3.0/../../../../../H-x86_64-mingw32/nios2-elf/lib/mno-hw-mul\libc.a(lib_a-findfp.o)
 .text.__sfmoreglue
                0x00000000000206ac       0x78 a:/intelfpga_lite/nios2eds/bin/gnu/h-x86_64-mingw32/bin/../lib/gcc/nios2-elf/5.3.0/../../../../../H-x86_64-mingw32/nios2-elf/lib/mno-hw-mul\libc.a(lib_a-findfp.o)
                0x00000000000206ac                __sfmoreglue
 .text.__sfp    0x0000000000020724      0x118 a:/intelfpga_lite/nios2eds/bin/gnu/h-x86_64-mingw32/bin/../lib/gcc/nios2-elf/5.3.0/../../../../../H-x86_64-mingw32/nios2-elf/lib/mno-hw-mul\libc.a(lib_a-findfp.o)
                0x0000000000020724                __sfp
 .text._cleanup
                0x000000000002083c       0x18 a:/intelfpga_lite/nios2eds/bin/gnu/h-x86_64-mingw32/bin/../lib/gcc/nios2-elf/5.3.0/../../../../../H-x86_64-mingw32/nios2-elf/lib/mno-hw-mul\libc.a(lib_a-findfp.o)
                0x000000000002083c                _cleanup
 .text.__sinit  0x0000000000020854       0x10 a:/intelfpga_lite/nios2eds/bin/gnu/h-x86_64-mingw32/bin/../lib/gcc/nios2-elf/5.3.0/../../../../../H-x86_64-mingw32/nios2-elf/lib/mno-hw-mul\libc.a(lib_a-findfp.o)
                0x0000000000020854                __sinit
 .text.__sfp_lock_acquire
                0x0000000000020864        0x4 a:/intelfpga_lite/nios2eds/bin/gnu/h-x86_64-mingw32/bin/../lib/gcc/nios2-elf/5.3.0/../../../../../H-x86_64-mingw32/nios2-elf/lib/mno-hw-mul\libc.a(lib_a-findfp.o)
                0x0000000000020864                __sfp_lock_acquire
 .text.__sfp_lock_release
                0x0000000000020868        0x4 a:/intelfpga_lite/nios2eds/bin/gnu/h-x86_64-mingw32/bin/../lib/gcc/nios2-elf/5.3.0/../../../../../H-x86_64-mingw32/nios2-elf/lib/mno-hw-mul\libc.a(lib_a-findfp.o)
                0x0000000000020868                __sfp_lock_release
 .text.__sinit_lock_acquire
                0x000000000002086c        0x4 a:/intelfpga_lite/nios2eds/bin/gnu/h-x86_64-mingw32/bin/../lib/gcc/nios2-elf/5.3.0/../../../../../H-x86_64-mingw32/nios2-elf/lib/mno-hw-mul\libc.a(lib_a-findfp.o)
                0x000000000002086c                __sinit_lock_acquire
 .text.__sinit_lock_release
                0x0000000000020870        0x4 a:/intelfpga_lite/nios2eds/bin/gnu/h-x86_64-mingw32/bin/../lib/gcc/nios2-elf/5.3.0/../../../../../H-x86_64-mingw32/nios2-elf/lib/mno-hw-mul\libc.a(lib_a-findfp.o)
                0x0000000000020870                __sinit_lock_release
 .text.__fp_lock_all
                0x0000000000020874       0x18 a:/intelfpga_lite/nios2eds/bin/gnu/h-x86_64-mingw32/bin/../lib/gcc/nios2-elf/5.3.0/../../../../../H-x86_64-mingw32/nios2-elf/lib/mno-hw-mul\libc.a(lib_a-findfp.o)
                0x0000000000020874                __fp_lock_all
 .text.__fp_unlock_all
                0x000000000002088c       0x18 a:/intelfpga_lite/nios2eds/bin/gnu/h-x86_64-mingw32/bin/../lib/gcc/nios2-elf/5.3.0/../../../../../H-x86_64-mingw32/nios2-elf/lib/mno-hw-mul\libc.a(lib_a-findfp.o)
                0x000000000002088c                __fp_unlock_all
 .text          0x00000000000208a4        0x0 a:/intelfpga_lite/nios2eds/bin/gnu/h-x86_64-mingw32/bin/../lib/gcc/nios2-elf/5.3.0/../../../../../H-x86_64-mingw32/nios2-elf/lib/mno-hw-mul\libc.a(lib_a-fvwrite.o)
 .text.__sfvwrite_r
                0x00000000000208a4      0x4c8 a:/intelfpga_lite/nios2eds/bin/gnu/h-x86_64-mingw32/bin/../lib/gcc/nios2-elf/5.3.0/../../../../../H-x86_64-mingw32/nios2-elf/lib/mno-hw-mul\libc.a(lib_a-fvwrite.o)
                0x00000000000208a4                __sfvwrite_r
 .text          0x0000000000020d6c        0x0 a:/intelfpga_lite/nios2eds/bin/gnu/h-x86_64-mingw32/bin/../lib/gcc/nios2-elf/5.3.0/../../../../../H-x86_64-mingw32/nios2-elf/lib/mno-hw-mul\libc.a(lib_a-fwalk.o)
 .text._fwalk   0x0000000000020d6c       0xc4 a:/intelfpga_lite/nios2eds/bin/gnu/h-x86_64-mingw32/bin/../lib/gcc/nios2-elf/5.3.0/../../../../../H-x86_64-mingw32/nios2-elf/lib/mno-hw-mul\libc.a(lib_a-fwalk.o)
                0x0000000000020d6c                _fwalk
 .text._fwalk_reent
                0x0000000000020e30       0xc4 a:/intelfpga_lite/nios2eds/bin/gnu/h-x86_64-mingw32/bin/../lib/gcc/nios2-elf/5.3.0/../../../../../H-x86_64-mingw32/nios2-elf/lib/mno-hw-mul\libc.a(lib_a-fwalk.o)
                0x0000000000020e30                _fwalk_reent
 .text          0x0000000000020ef4        0x0 a:/intelfpga_lite/nios2eds/bin/gnu/h-x86_64-mingw32/bin/../lib/gcc/nios2-elf/5.3.0/../../../../../H-x86_64-mingw32/nios2-elf/lib/mno-hw-mul\libc.a(lib_a-impure.o)
 .text          0x0000000000020ef4        0x0 a:/intelfpga_lite/nios2eds/bin/gnu/h-x86_64-mingw32/bin/../lib/gcc/nios2-elf/5.3.0/../../../../../H-x86_64-mingw32/nios2-elf/lib/mno-hw-mul\libc.a(lib_a-mallocr.o)
 .text._malloc_r
                0x0000000000020ef4      0x80c a:/intelfpga_lite/nios2eds/bin/gnu/h-x86_64-mingw32/bin/../lib/gcc/nios2-elf/5.3.0/../../../../../H-x86_64-mingw32/nios2-elf/lib/mno-hw-mul\libc.a(lib_a-mallocr.o)
                0x0000000000020ef4                _malloc_r
 .text          0x0000000000021700        0x0 a:/intelfpga_lite/nios2eds/bin/gnu/h-x86_64-mingw32/bin/../lib/gcc/nios2-elf/5.3.0/../../../../../H-x86_64-mingw32/nios2-elf/lib/mno-hw-mul\libc.a(lib_a-memchr.o)
 .text.memchr   0x0000000000021700       0xe4 a:/intelfpga_lite/nios2eds/bin/gnu/h-x86_64-mingw32/bin/../lib/gcc/nios2-elf/5.3.0/../../../../../H-x86_64-mingw32/nios2-elf/lib/mno-hw-mul\libc.a(lib_a-memchr.o)
                0x0000000000021700                memchr
 .text          0x00000000000217e4        0x0 a:/intelfpga_lite/nios2eds/bin/gnu/h-x86_64-mingw32/bin/../lib/gcc/nios2-elf/5.3.0/../../../../../H-x86_64-mingw32/nios2-elf/lib/mno-hw-mul\libc.a(lib_a-memcpy.o)
 .text.memcpy   0x00000000000217e4      0x148 a:/intelfpga_lite/nios2eds/bin/gnu/h-x86_64-mingw32/bin/../lib/gcc/nios2-elf/5.3.0/../../../../../H-x86_64-mingw32/nios2-elf/lib/mno-hw-mul\libc.a(lib_a-memcpy.o)
                0x00000000000217e4                memcpy
 .text          0x000000000002192c        0x0 a:/intelfpga_lite/nios2eds/bin/gnu/h-x86_64-mingw32/bin/../lib/gcc/nios2-elf/5.3.0/../../../../../H-x86_64-mingw32/nios2-elf/lib/mno-hw-mul\libc.a(lib_a-memmove.o)
 .text.memmove  0x000000000002192c      0x15c a:/intelfpga_lite/nios2eds/bin/gnu/h-x86_64-mingw32/bin/../lib/gcc/nios2-elf/5.3.0/../../../../../H-x86_64-mingw32/nios2-elf/lib/mno-hw-mul\libc.a(lib_a-memmove.o)
                0x000000000002192c                memmove
 .text          0x0000000000021a88        0x0 a:/intelfpga_lite/nios2eds/bin/gnu/h-x86_64-mingw32/bin/../lib/gcc/nios2-elf/5.3.0/../../../../../H-x86_64-mingw32/nios2-elf/lib/mno-hw-mul\libc.a(lib_a-memset.o)
 .text.memset   0x0000000000021a88      0x128 a:/intelfpga_lite/nios2eds/bin/gnu/h-x86_64-mingw32/bin/../lib/gcc/nios2-elf/5.3.0/../../../../../H-x86_64-mingw32/nios2-elf/lib/mno-hw-mul\libc.a(lib_a-memset.o)
                0x0000000000021a88                memset
 .text          0x0000000000021bb0        0x0 a:/intelfpga_lite/nios2eds/bin/gnu/h-x86_64-mingw32/bin/../lib/gcc/nios2-elf/5.3.0/../../../../../H-x86_64-mingw32/nios2-elf/lib/mno-hw-mul\libc.a(lib_a-reallocr.o)
 .text._realloc_r
                0x0000000000021bb0      0x564 a:/intelfpga_lite/nios2eds/bin/gnu/h-x86_64-mingw32/bin/../lib/gcc/nios2-elf/5.3.0/../../../../../H-x86_64-mingw32/nios2-elf/lib/mno-hw-mul\libc.a(lib_a-reallocr.o)
                0x0000000000021bb0                _realloc_r
 .text          0x0000000000022114        0x0 a:/intelfpga_lite/nios2eds/bin/gnu/h-x86_64-mingw32/bin/../lib/gcc/nios2-elf/5.3.0/../../../../../H-x86_64-mingw32/nios2-elf/lib/mno-hw-mul\libc.a(lib_a-sbrkr.o)
 .text._sbrk_r  0x0000000000022114       0x54 a:/intelfpga_lite/nios2eds/bin/gnu/h-x86_64-mingw32/bin/../lib/gcc/nios2-elf/5.3.0/../../../../../H-x86_64-mingw32/nios2-elf/lib/mno-hw-mul\libc.a(lib_a-sbrkr.o)
                0x0000000000022114                _sbrk_r
 .text          0x0000000000022168        0x0 a:/intelfpga_lite/nios2eds/bin/gnu/h-x86_64-mingw32/bin/../lib/gcc/nios2-elf/5.3.0/../../../../../H-x86_64-mingw32/nios2-elf/lib/mno-hw-mul\libc.a(lib_a-stdio.o)
 .text.__sread  0x0000000000022168       0x54 a:/intelfpga_lite/nios2eds/bin/gnu/h-x86_64-mingw32/bin/../lib/gcc/nios2-elf/5.3.0/../../../../../H-x86_64-mingw32/nios2-elf/lib/mno-hw-mul\libc.a(lib_a-stdio.o)
                0x0000000000022168                __sread
 .text.__seofread
                0x00000000000221bc        0x8 a:/intelfpga_lite/nios2eds/bin/gnu/h-x86_64-mingw32/bin/../lib/gcc/nios2-elf/5.3.0/../../../../../H-x86_64-mingw32/nios2-elf/lib/mno-hw-mul\libc.a(lib_a-stdio.o)
                0x00000000000221bc                __seofread
 .text.__swrite
                0x00000000000221c4       0x7c a:/intelfpga_lite/nios2eds/bin/gnu/h-x86_64-mingw32/bin/../lib/gcc/nios2-elf/5.3.0/../../../../../H-x86_64-mingw32/nios2-elf/lib/mno-hw-mul\libc.a(lib_a-stdio.o)
                0x00000000000221c4                __swrite
 .text.__sseek  0x0000000000022240       0x5c a:/intelfpga_lite/nios2eds/bin/gnu/h-x86_64-mingw32/bin/../lib/gcc/nios2-elf/5.3.0/../../../../../H-x86_64-mingw32/nios2-elf/lib/mno-hw-mul\libc.a(lib_a-stdio.o)
                0x0000000000022240                __sseek
 .text.__sclose
                0x000000000002229c        0x8 a:/intelfpga_lite/nios2eds/bin/gnu/h-x86_64-mingw32/bin/../lib/gcc/nios2-elf/5.3.0/../../../../../H-x86_64-mingw32/nios2-elf/lib/mno-hw-mul\libc.a(lib_a-stdio.o)
                0x000000000002229c                __sclose
 .text          0x00000000000222a4        0x0 a:/intelfpga_lite/nios2eds/bin/gnu/h-x86_64-mingw32/bin/../lib/gcc/nios2-elf/5.3.0/../../../../../H-x86_64-mingw32/nios2-elf/lib/mno-hw-mul\libc.a(lib_a-writer.o)
 .text._write_r
                0x00000000000222a4       0x60 a:/intelfpga_lite/nios2eds/bin/gnu/h-x86_64-mingw32/bin/../lib/gcc/nios2-elf/5.3.0/../../../../../H-x86_64-mingw32/nios2-elf/lib/mno-hw-mul\libc.a(lib_a-writer.o)
                0x00000000000222a4                _write_r
 .text          0x0000000000022304        0x0 a:/intelfpga_lite/nios2eds/bin/gnu/h-x86_64-mingw32/bin/../lib/gcc/nios2-elf/5.3.0/../../../../../H-x86_64-mingw32/nios2-elf/lib/mno-hw-mul\libc.a(lib_a-wsetup.o)
 .text.__swsetup_r
                0x0000000000022304      0x154 a:/intelfpga_lite/nios2eds/bin/gnu/h-x86_64-mingw32/bin/../lib/gcc/nios2-elf/5.3.0/../../../../../H-x86_64-mingw32/nios2-elf/lib/mno-hw-mul\libc.a(lib_a-wsetup.o)
                0x0000000000022304                __swsetup_r
 .text          0x0000000000022458        0x0 a:/intelfpga_lite/nios2eds/bin/gnu/h-x86_64-mingw32/bin/../lib/gcc/nios2-elf/5.3.0/../../../../../H-x86_64-mingw32/nios2-elf/lib/mno-hw-mul\libc.a(closer.o)
 .text._close_r
                0x0000000000022458       0x54 a:/intelfpga_lite/nios2eds/bin/gnu/h-x86_64-mingw32/bin/../lib/gcc/nios2-elf/5.3.0/../../../../../H-x86_64-mingw32/nios2-elf/lib/mno-hw-mul\libc.a(closer.o)
                0x0000000000022458                _close_r
 .text          0x00000000000224ac        0x0 a:/intelfpga_lite/nios2eds/bin/gnu/h-x86_64-mingw32/bin/../lib/gcc/nios2-elf/5.3.0/../../../../../H-x86_64-mingw32/nios2-elf/lib/mno-hw-mul\libc.a(lib_a-fclose.o)
 .text._fclose_r
                0x00000000000224ac       0xf0 a:/intelfpga_lite/nios2eds/bin/gnu/h-x86_64-mingw32/bin/../lib/gcc/nios2-elf/5.3.0/../../../../../H-x86_64-mingw32/nios2-elf/lib/mno-hw-mul\libc.a(lib_a-fclose.o)
                0x00000000000224ac                _fclose_r
 .text.fclose   0x000000000002259c       0x14 a:/intelfpga_lite/nios2eds/bin/gnu/h-x86_64-mingw32/bin/../lib/gcc/nios2-elf/5.3.0/../../../../../H-x86_64-mingw32/nios2-elf/lib/mno-hw-mul\libc.a(lib_a-fclose.o)
                0x000000000002259c                fclose
 .text          0x00000000000225b0        0x0 a:/intelfpga_lite/nios2eds/bin/gnu/h-x86_64-mingw32/bin/../lib/gcc/nios2-elf/5.3.0/../../../../../H-x86_64-mingw32/nios2-elf/lib/mno-hw-mul\libc.a(lib_a-fflush.o)
 .text.__sflush_r
                0x00000000000225b0      0x21c a:/intelfpga_lite/nios2eds/bin/gnu/h-x86_64-mingw32/bin/../lib/gcc/nios2-elf/5.3.0/../../../../../H-x86_64-mingw32/nios2-elf/lib/mno-hw-mul\libc.a(lib_a-fflush.o)
                0x00000000000225b0                __sflush_r
 .text._fflush_r
                0x00000000000227cc       0x5c a:/intelfpga_lite/nios2eds/bin/gnu/h-x86_64-mingw32/bin/../lib/gcc/nios2-elf/5.3.0/../../../../../H-x86_64-mingw32/nios2-elf/lib/mno-hw-mul\libc.a(lib_a-fflush.o)
                0x00000000000227cc                _fflush_r
 .text.fflush   0x0000000000022828       0x30 a:/intelfpga_lite/nios2eds/bin/gnu/h-x86_64-mingw32/bin/../lib/gcc/nios2-elf/5.3.0/../../../../../H-x86_64-mingw32/nios2-elf/lib/mno-hw-mul\libc.a(lib_a-fflush.o)
                0x0000000000022828                fflush
 .text          0x0000000000022858        0x0 a:/intelfpga_lite/nios2eds/bin/gnu/h-x86_64-mingw32/bin/../lib/gcc/nios2-elf/5.3.0/../../../../../H-x86_64-mingw32/nios2-elf/lib/mno-hw-mul\libc.a(lib_a-freer.o)
 .text._malloc_trim_r
                0x0000000000022858      0x124 a:/intelfpga_lite/nios2eds/bin/gnu/h-x86_64-mingw32/bin/../lib/gcc/nios2-elf/5.3.0/../../../../../H-x86_64-mingw32/nios2-elf/lib/mno-hw-mul\libc.a(lib_a-freer.o)
                0x0000000000022858                _malloc_trim_r
 .text._free_r  0x000000000002297c      0x310 a:/intelfpga_lite/nios2eds/bin/gnu/h-x86_64-mingw32/bin/../lib/gcc/nios2-elf/5.3.0/../../../../../H-x86_64-mingw32/nios2-elf/lib/mno-hw-mul\libc.a(lib_a-freer.o)
                0x000000000002297c                _free_r
 .text          0x0000000000022c8c        0x0 a:/intelfpga_lite/nios2eds/bin/gnu/h-x86_64-mingw32/bin/../lib/gcc/nios2-elf/5.3.0/../../../../../H-x86_64-mingw32/nios2-elf/lib/mno-hw-mul\libc.a(lib_a-int_errno.o)
 .text          0x0000000000022c8c        0x0 a:/intelfpga_lite/nios2eds/bin/gnu/h-x86_64-mingw32/bin/../lib/gcc/nios2-elf/5.3.0/../../../../../H-x86_64-mingw32/nios2-elf/lib/mno-hw-mul\libc.a(lib_a-lseekr.o)
 .text._lseek_r
                0x0000000000022c8c       0x60 a:/intelfpga_lite/nios2eds/bin/gnu/h-x86_64-mingw32/bin/../lib/gcc/nios2-elf/5.3.0/../../../../../H-x86_64-mingw32/nios2-elf/lib/mno-hw-mul\libc.a(lib_a-lseekr.o)
                0x0000000000022c8c                _lseek_r
 .text          0x0000000000022cec        0x0 a:/intelfpga_lite/nios2eds/bin/gnu/h-x86_64-mingw32/bin/../lib/gcc/nios2-elf/5.3.0/../../../../../H-x86_64-mingw32/nios2-elf/lib/mno-hw-mul\libc.a(lib_a-makebuf.o)
 .text.__smakebuf_r
                0x0000000000022cec      0x1bc a:/intelfpga_lite/nios2eds/bin/gnu/h-x86_64-mingw32/bin/../lib/gcc/nios2-elf/5.3.0/../../../../../H-x86_64-mingw32/nios2-elf/lib/mno-hw-mul\libc.a(lib_a-makebuf.o)
                0x0000000000022cec                __smakebuf_r
 .text          0x0000000000022ea8        0x0 a:/intelfpga_lite/nios2eds/bin/gnu/h-x86_64-mingw32/bin/../lib/gcc/nios2-elf/5.3.0/../../../../../H-x86_64-mingw32/nios2-elf/lib/mno-hw-mul\libc.a(lib_a-readr.o)
 .text._read_r  0x0000000000022ea8       0x60 a:/intelfpga_lite/nios2eds/bin/gnu/h-x86_64-mingw32/bin/../lib/gcc/nios2-elf/5.3.0/../../../../../H-x86_64-mingw32/nios2-elf/lib/mno-hw-mul\libc.a(lib_a-readr.o)
                0x0000000000022ea8                _read_r
 .text          0x0000000000022f08        0x0 a:/intelfpga_lite/nios2eds/bin/gnu/h-x86_64-mingw32/bin/../lib/gcc/nios2-elf/5.3.0/../../../../../H-x86_64-mingw32/nios2-elf/lib/mno-hw-mul\libc.a(lib_a-fstatr.o)
 .text._fstat_r
                0x0000000000022f08       0x5c a:/intelfpga_lite/nios2eds/bin/gnu/h-x86_64-mingw32/bin/../lib/gcc/nios2-elf/5.3.0/../../../../../H-x86_64-mingw32/nios2-elf/lib/mno-hw-mul\libc.a(lib_a-fstatr.o)
                0x0000000000022f08                _fstat_r
 .text          0x0000000000022f64        0x0 a:/intelfpga_lite/nios2eds/bin/gnu/h-x86_64-mingw32/bin/../lib/gcc/nios2-elf/5.3.0/../../../../../H-x86_64-mingw32/nios2-elf/lib/mno-hw-mul\libc.a(lib_a-isattyr.o)
 .text._isatty_r
                0x0000000000022f64       0x54 a:/intelfpga_lite/nios2eds/bin/gnu/h-x86_64-mingw32/bin/../lib/gcc/nios2-elf/5.3.0/../../../../../H-x86_64-mingw32/nios2-elf/lib/mno-hw-mul\libc.a(lib_a-isattyr.o)
                0x0000000000022f64                _isatty_r
 .text          0x0000000000022fb8      0x1b4 a:/intelfpga_lite/nios2eds/bin/gnu/h-x86_64-mingw32/bin/../lib/gcc/nios2-elf/5.3.0/mno-hw-mul\libgcc.a(lib2-divmod.o)
                0x0000000000022fb8                __divsi3
                0x000000000002303c                __modsi3
                0x00000000000230b0                __udivsi3
                0x0000000000023114                __umodsi3
 .text          0x000000000002316c       0x28 a:/intelfpga_lite/nios2eds/bin/gnu/h-x86_64-mingw32/bin/../lib/gcc/nios2-elf/5.3.0/mno-hw-mul\libgcc.a(lib2-mul.o)
                0x000000000002316c                __mulsi3
 .text          0x0000000000023194      0x114 ../lab4_bsp/\libucosii_bsp.a(alt_close.o)
                0x00000000000231d0                close
 .text          0x00000000000232a8       0x2c ../lab4_bsp/\libucosii_bsp.a(alt_dev.o)
 .text          0x00000000000232d4        0x0 ../lab4_bsp/\libucosii_bsp.a(alt_errno.o)
 .text          0x00000000000232d4       0xf4 ../lab4_bsp/\libucosii_bsp.a(alt_fstat.o)
                0x0000000000023310                fstat
 .text          0x00000000000233c8       0xe8 ../lab4_bsp/\libucosii_bsp.a(alt_isatty.o)
                0x0000000000023404                isatty
 .text          0x00000000000234b0       0xec ../lab4_bsp/\libucosii_bsp.a(alt_load.o)
                0x0000000000023518                alt_load
 .text          0x000000000002359c      0x118 ../lab4_bsp/\libucosii_bsp.a(alt_lseek.o)
                0x00000000000235d8                lseek
 .text          0x00000000000236b4       0xbc ../lab4_bsp/\libucosii_bsp.a(alt_main.o)
                0x00000000000236b4                alt_main
 .text          0x0000000000023770      0x140 ../lab4_bsp/\libucosii_bsp.a(alt_read.o)
                0x00000000000237ac                read
 .text          0x00000000000238b0       0x84 ../lab4_bsp/\libucosii_bsp.a(alt_release_fd.o)
                0x00000000000238b0                alt_release_fd
 .text          0x0000000000023934       0xb0 ../lab4_bsp/\libucosii_bsp.a(alt_sbrk.o)
                0x0000000000023934                sbrk
 .text          0x00000000000239e4      0x13c ../lab4_bsp/\libucosii_bsp.a(alt_write.o)
                0x0000000000023a20                write
 .text          0x0000000000023b20      0x124 ../lab4_bsp/\libucosii_bsp.a(alt_env_lock.o)
                0x0000000000023b20                __env_lock
                0x0000000000023be4                __env_unlock
 .text          0x0000000000023c44      0x1ec ../lab4_bsp/\libucosii_bsp.a(alt_malloc_lock.o)
                0x0000000000023c44                __malloc_lock
                0x0000000000023d64                __malloc_unlock
 .text          0x0000000000023e30     0x2014 ../lab4_bsp/\libucosii_bsp.a(os_core.o)
                0x0000000000023e30                OSEventNameGet
                0x0000000000023f50                OSEventNameSet
                0x0000000000024090                OSEventPendMulti
                0x00000000000246a0                OSInit
                0x00000000000246f8                OSIntEnter
                0x0000000000024744                OSIntExit
                0x000000000002483c                OSSchedLock
                0x00000000000248c8                OSSchedUnlock
                0x00000000000249a4                OSStart
                0x0000000000024a14                OSStatInit
                0x0000000000024ac4                OSTimeTick
                0x0000000000024ce4                OSVersion
                0x0000000000024d04                OS_Dummy
                0x0000000000024d24                OS_EventTaskRdy
                0x0000000000024ebc                OS_EventTaskWait
                0x0000000000024fcc                OS_EventTaskWaitMulti
                0x000000000002511c                OS_EventTaskRemove
                0x00000000000251d4                OS_EventTaskRemoveMulti
                0x00000000000252d4                OS_EventWaitListInit
                0x00000000000256b4                OS_MemClr
                0x0000000000025708                OS_MemCopy
                0x0000000000025770                OS_Sched
                0x00000000000258b4                OS_StrCopy
                0x0000000000025928                OS_StrLen
                0x000000000002597c                OS_TaskIdle
                0x00000000000259d8                OS_TaskStat
                0x0000000000025aa4                OS_TaskStatStkChk
                0x0000000000025b70                OS_TCBInit
 .text          0x0000000000025e44      0x190 ../lab4_bsp/\libucosii_bsp.a(os_dbg.o)
                0x0000000000025e44                OSDebugInit
 .text          0x0000000000025fd4     0x1714 ../lab4_bsp/\libucosii_bsp.a(os_flag.o)
                0x0000000000025fd4                OSFlagAccept
                0x00000000000262dc                OSFlagCreate
                0x00000000000263e4                OSFlagDel
                0x000000000002662c                OSFlagNameGet
                0x0000000000026754                OSFlagNameSet
                0x00000000000268a0                OSFlagPend
                0x0000000000026e58                OSFlagPendGetFlagsRdy
                0x0000000000026eb8                OSFlagPost
                0x000000000002724c                OSFlagQuery
                0x0000000000027470                OS_FlagInit
                0x0000000000027644                OS_FlagUnlink
 .text          0x00000000000276e8      0x760 ../lab4_bsp/\libucosii_bsp.a(os_mem.o)
                0x00000000000276e8                OSMemCreate
                0x00000000000278bc                OSMemGet
                0x00000000000279ac                OSMemNameGet
                0x0000000000027a9c                OSMemNameSet
                0x0000000000027bb0                OSMemPut
                0x0000000000027c88                OSMemQuery
                0x0000000000027d70                OS_MemInit
 .text          0x0000000000027e48     0x1104 ../lab4_bsp/\libucosii_bsp.a(os_q.o)
                0x0000000000027e48                OSQAccept
                0x0000000000027f88                OSQCreate
                0x0000000000028134                OSQDel
                0x00000000000283b4                OSQFlush
                0x000000000002846c                OSQPend
                0x00000000000286f8                OSQPendAbort
                0x0000000000028864                OSQPost
                0x00000000000289cc                OSQPostFront
                0x0000000000028b3c                OSQPostOpt
                0x0000000000028d48                OSQQuery
                0x0000000000028ea4                OS_QInit
 .text          0x0000000000028f4c      0xa60 ../lab4_bsp/\libucosii_bsp.a(os_sem.o)
                0x0000000000028f4c                OSSemAccept
                0x0000000000028ffc                OSSemCreate
                0x00000000000290d4                OSSemDel
                0x0000000000029314                OSSemPend
                0x0000000000029520                OSSemPendAbort
                0x000000000002968c                OSSemPost
                0x000000000002979c                OSSemQuery
                0x00000000000298ac                OSSemSet
 .text          0x00000000000299ac     0x176c ../lab4_bsp/\libucosii_bsp.a(os_task.o)
                0x00000000000299ac                OSTaskChangePrio
                0x0000000000029e9c                OSTaskCreate
                0x000000000002a048                OSTaskCreateExt
                0x000000000002a22c                OSTaskDel
                0x000000000002a570                OSTaskDelReq
                0x000000000002a6c0                OSTaskNameGet
                0x000000000002a858                OSTaskNameSet
                0x000000000002aa0c                OSTaskResume
                0x000000000002abe0                OSTaskStkChk
                0x000000000002ada0                OSTaskSuspend
                0x000000000002af84                OSTaskQuery
                0x000000000002b0a8                OS_TaskStkClr
 .text          0x000000000002b118      0x510 ../lab4_bsp/\libucosii_bsp.a(os_time.o)
                0x000000000002b118                OSTimeDly
                0x000000000002b21c                OSTimeDlyHMSM
                0x000000000002b398                OSTimeDlyResume
                0x000000000002b56c                OSTimeGet
                0x000000000002b5c8                OSTimeSet
 .text          0x000000000002b628       0xcc ../lab4_bsp/\libucosii_bsp.a(alt_sys_init.o)
                0x000000000002b65c                alt_irq_init
                0x000000000002b694                alt_sys_init
 .text          0x000000000002b6f4      0x164 ../lab4_bsp/\libucosii_bsp.a(altera_avalon_jtag_uart_fd.o)
                0x000000000002b6f4                altera_avalon_jtag_uart_read_fd
                0x000000000002b754                altera_avalon_jtag_uart_write_fd
                0x000000000002b7b4                altera_avalon_jtag_uart_close_fd
                0x000000000002b804                altera_avalon_jtag_uart_ioctl_fd
 .text          0x000000000002b858      0x558 ../lab4_bsp/\libucosii_bsp.a(altera_avalon_jtag_uart_init.o)
                0x000000000002b858                altera_avalon_jtag_uart_init
                0x000000000002bd48                altera_avalon_jtag_uart_close
 .text          0x000000000002bdb0       0xf0 ../lab4_bsp/\libucosii_bsp.a(altera_avalon_jtag_uart_ioctl.o)
                0x000000000002bdb0                altera_avalon_jtag_uart_ioctl
 .text          0x000000000002bea0      0x2bc ../lab4_bsp/\libucosii_bsp.a(altera_avalon_jtag_uart_read.o)
                0x000000000002bea0                altera_avalon_jtag_uart_read
 .text          0x000000000002c15c      0x2c4 ../lab4_bsp/\libucosii_bsp.a(altera_avalon_jtag_uart_write.o)
                0x000000000002c15c                altera_avalon_jtag_uart_write
 .text          0x000000000002c420       0xf4 ../lab4_bsp/\libucosii_bsp.a(altera_avalon_timer_sc.o)
                0x000000000002c498                alt_avalon_timer_sc_init
 .text          0x000000000002c514      0x12c ../lab4_bsp/\libucosii_bsp.a(alt_alarm_start.o)
                0x000000000002c514                alt_alarm_start
 .text          0x000000000002c640       0x20 ../lab4_bsp/\libucosii_bsp.a(alt_dcache_flush_all.o)
                0x000000000002c640                alt_dcache_flush_all
 .text          0x000000000002c660       0xe0 ../lab4_bsp/\libucosii_bsp.a(alt_dev_llist_insert.o)
                0x000000000002c69c                alt_dev_llist_insert
 .text          0x000000000002c740       0x60 ../lab4_bsp/\libucosii_bsp.a(alt_do_ctors.o)
                0x000000000002c740                _do_ctors
 .text          0x000000000002c7a0       0x60 ../lab4_bsp/\libucosii_bsp.a(alt_do_dtors.o)
                0x000000000002c7a0                _do_dtors
 .text          0x000000000002c800       0x20 ../lab4_bsp/\libucosii_bsp.a(alt_icache_flush_all.o)
                0x000000000002c800                alt_icache_flush_all
 .text          0x000000000002c820      0x1b0 ../lab4_bsp/\libucosii_bsp.a(alt_iic.o)
                0x000000000002c820                alt_ic_isr_register
                0x000000000002c870                alt_ic_irq_enable
                0x000000000002c8f8                alt_ic_irq_disable
                0x000000000002c984                alt_ic_irq_enabled
 .text          0x000000000002c9d0       0xf0 ../lab4_bsp/\libucosii_bsp.a(alt_iic_isr_register.o)
                0x000000000002c9d0                alt_iic_isr_register
 .text          0x000000000002cac0      0x160 ../lab4_bsp/\libucosii_bsp.a(alt_io_redirect.o)
                0x000000000002cba4                alt_io_redirect
 .text          0x000000000002cc20        0x0 ../lab4_bsp/\libucosii_bsp.a(alt_irq_entry.o)
 .text          0x000000000002cc20        0x0 ../lab4_bsp/\libucosii_bsp.a(alt_irq_handler.o)
 .text          0x000000000002cc20        0x0 ../lab4_bsp/\libucosii_bsp.a(alt_irq_vars.o)
 .text          0x000000000002cc20      0x284 ../lab4_bsp/\libucosii_bsp.a(alt_open.o)
                0x000000000002cd48                open
 .text          0x000000000002cea4      0x1a4 ../lab4_bsp/\libucosii_bsp.a(alt_tick.o)
                0x000000000002cea4                alt_alarm_stop
                0x000000000002cf40                alt_tick
 .text          0x000000000002d048       0x24 ../lab4_bsp/\libucosii_bsp.a(altera_nios2_gen2_irq.o)
                0x000000000002d048                altera_nios2_gen2_irq_init
 .text          0x000000000002d06c       0xd0 ../lab4_bsp/\libucosii_bsp.a(os_cpu_a.o)
                0x000000000002d06c                OSCtxSw
                0x000000000002d06c                OSIntCtxSw
                0x000000000002d0f8                OSStartHighRdy
                0x000000000002d118                OSStartTsk
 .text          0x000000000002d13c      0x288 ../lab4_bsp/\libucosii_bsp.a(os_cpu_c.o)
                0x000000000002d13c                OSTaskStkInit
                0x000000000002d298                OSTaskCreateHook
                0x000000000002d2bc                OSTaskDelHook
                0x000000000002d2e0                OSTaskSwHook
                0x000000000002d300                OSTaskStatHook
                0x000000000002d320                OSTimeTickHook
                0x000000000002d340                OSInitHookBegin
                0x000000000002d360                OSInitHookEnd
                0x000000000002d380                OSTaskIdleHook
                0x000000000002d3a0                OSTCBInitHook
 .text          0x000000000002d3c4        0x0 ../lab4_bsp/\libucosii_bsp.a(alt_exception_entry.o)
 .text          0x000000000002d3c4       0x90 ../lab4_bsp/\libucosii_bsp.a(alt_find_dev.o)
                0x000000000002d3c4                alt_find_dev
 .text          0x000000000002d454      0x108 ../lab4_bsp/\libucosii_bsp.a(alt_find_file.o)
                0x000000000002d454                alt_find_file
 .text          0x000000000002d55c       0xf4 ../lab4_bsp/\libucosii_bsp.a(alt_get_fd.o)
                0x000000000002d55c                alt_get_fd
 .text          0x000000000002d650       0x9c ../lab4_bsp/\libucosii_bsp.a(alt_instruction_exception_entry.o)
                0x000000000002d650                alt_exception_cause_generated_bad_addr
 .text          0x000000000002d6ec        0x0 a:/intelfpga_lite/nios2eds/bin/gnu/h-x86_64-mingw32/bin/../lib/gcc/nios2-elf/5.3.0/../../../../../H-x86_64-mingw32/nios2-elf/lib/mno-hw-mul\libc.a(lib_a-atexit.o)
 .text.atexit   0x000000000002d6ec       0x14 a:/intelfpga_lite/nios2eds/bin/gnu/h-x86_64-mingw32/bin/../lib/gcc/nios2-elf/5.3.0/../../../../../H-x86_64-mingw32/nios2-elf/lib/mno-hw-mul\libc.a(lib_a-atexit.o)
                0x000000000002d6ec                atexit
 .text          0x000000000002d700        0x0 a:/intelfpga_lite/nios2eds/bin/gnu/h-x86_64-mingw32/bin/../lib/gcc/nios2-elf/5.3.0/../../../../../H-x86_64-mingw32/nios2-elf/lib/mno-hw-mul\libc.a(lib_a-exit.o)
 .text.exit     0x000000000002d700       0x38 a:/intelfpga_lite/nios2eds/bin/gnu/h-x86_64-mingw32/bin/../lib/gcc/nios2-elf/5.3.0/../../../../../H-x86_64-mingw32/nios2-elf/lib/mno-hw-mul\libc.a(lib_a-exit.o)
                0x000000000002d700                exit
 .text          0x000000000002d738        0x0 a:/intelfpga_lite/nios2eds/bin/gnu/h-x86_64-mingw32/bin/../lib/gcc/nios2-elf/5.3.0/../../../../../H-x86_64-mingw32/nios2-elf/lib/mno-hw-mul\libc.a(lib_a-memcmp.o)
 .text.memcmp   0x000000000002d738       0x7c a:/intelfpga_lite/nios2eds/bin/gnu/h-x86_64-mingw32/bin/../lib/gcc/nios2-elf/5.3.0/../../../../../H-x86_64-mingw32/nios2-elf/lib/mno-hw-mul\libc.a(lib_a-memcmp.o)
                0x000000000002d738                memcmp
 .text          0x000000000002d7b4        0x0 a:/intelfpga_lite/nios2eds/bin/gnu/h-x86_64-mingw32/bin/../lib/gcc/nios2-elf/5.3.0/../../../../../H-x86_64-mingw32/nios2-elf/lib/mno-hw-mul\libc.a(lib_a-__atexit.o)
 .text.__register_exitproc
                0x000000000002d7b4      0x118 a:/intelfpga_lite/nios2eds/bin/gnu/h-x86_64-mingw32/bin/../lib/gcc/nios2-elf/5.3.0/../../../../../H-x86_64-mingw32/nios2-elf/lib/mno-hw-mul\libc.a(lib_a-__atexit.o)
                0x000000000002d7b4                __register_exitproc
 .text          0x000000000002d8cc        0x0 a:/intelfpga_lite/nios2eds/bin/gnu/h-x86_64-mingw32/bin/../lib/gcc/nios2-elf/5.3.0/../../../../../H-x86_64-mingw32/nios2-elf/lib/mno-hw-mul\libc.a(lib_a-__call_atexit.o)
 .text.__call_exitprocs
                0x000000000002d8cc      0x180 a:/intelfpga_lite/nios2eds/bin/gnu/h-x86_64-mingw32/bin/../lib/gcc/nios2-elf/5.3.0/../../../../../H-x86_64-mingw32/nios2-elf/lib/mno-hw-mul\libc.a(lib_a-__call_atexit.o)
                0x000000000002d8cc                __call_exitprocs
 .text          0x000000000002da4c       0x34 ../lab4_bsp/\libucosii_bsp.a(alt_exit.o)
                0x000000000002da4c                _exit
 *(.gnu.warning.*)
 *(.fini)
                [!provide]                        PROVIDE (__etext, ABSOLUTE (.))
                [!provide]                        PROVIDE (_etext, ABSOLUTE (.))
                [!provide]                        PROVIDE (etext, ABSOLUTE (.))
 *(.eh_frame_hdr)
                0x000000000002da80                . = ALIGN (0x4)
                [!provide]                        PROVIDE (__preinit_array_start, ABSOLUTE (.))
 *(.preinit_array)
                [!provide]                        PROVIDE (__preinit_array_end, ABSOLUTE (.))
                [!provide]                        PROVIDE (__init_array_start, ABSOLUTE (.))
 *(.init_array)
                [!provide]                        PROVIDE (__init_array_end, ABSOLUTE (.))
                [!provide]                        PROVIDE (__fini_array_start, ABSOLUTE (.))
 *(.fini_array)
                [!provide]                        PROVIDE (__fini_array_end, ABSOLUTE (.))
 *(.eh_frame)
 *(.gcc_except_table .gcc_except_table.*)
 *(.dynamic)
                0x000000000002da80                PROVIDE (__CTOR_LIST__, ABSOLUTE (.))
 *(.ctors)
 *(SORT(.ctors.*))
                0x000000000002da80                PROVIDE (__CTOR_END__, ABSOLUTE (.))
                0x000000000002da80                PROVIDE (__DTOR_LIST__, ABSOLUTE (.))
 *(.dtors)
 *(SORT(.dtors.*))
                0x000000000002da80                PROVIDE (__DTOR_END__, ABSOLUTE (.))
 *(.jcr)
                0x000000000002da80                . = ALIGN (0x4)

.rodata         0x000000000002da80      0x180
                0x000000000002da80                PROVIDE (__ram_rodata_start, ABSOLUTE (.))
                0x000000000002da80                . = ALIGN (0x4)
 *(.rodata .rodata.* .gnu.linkonce.r.*)
 .rodata        0x000000000002da80       0x25 obj/default/hello_ucosii.o
 *fill*         0x000000000002daa5        0x3 
 .rodata.str1.4
                0x000000000002daa8        0x2 a:/intelfpga_lite/nios2eds/bin/gnu/h-x86_64-mingw32/bin/../lib/gcc/nios2-elf/5.3.0/../../../../../H-x86_64-mingw32/nios2-elf/lib/mno-hw-mul\libc.a(lib_a-puts.o)
 *fill*         0x000000000002daaa        0x2 
 .rodata.str1.4
                0x000000000002daac        0x4 a:/intelfpga_lite/nios2eds/bin/gnu/h-x86_64-mingw32/bin/../lib/gcc/nios2-elf/5.3.0/../../../../../H-x86_64-mingw32/nios2-elf/lib/mno-hw-mul\libc.a(lib_a-impure.o)
                                          0x2 (size before relaxing)
 .rodata        0x000000000002dab0        0xa ../lab4_bsp/\libucosii_bsp.a(alt_dev.o)
 *fill*         0x000000000002daba        0x2 
 .rodata        0x000000000002dabc        0xf ../lab4_bsp/\libucosii_bsp.a(alt_main.o)
 *fill*         0x000000000002dacb        0x1 
 .rodata        0x000000000002dacc      0x11e ../lab4_bsp/\libucosii_bsp.a(os_core.o)
                0x000000000002dacc                OSUnMapTbl
 *fill*         0x000000000002dbea        0x2 
 .rodata        0x000000000002dbec        0xf ../lab4_bsp/\libucosii_bsp.a(alt_sys_init.o)
 *fill*         0x000000000002dbfb        0x1 
 .rodata        0x000000000002dbfc        0x2 ../lab4_bsp/\libucosii_bsp.a(os_cpu_c.o)
 *(.rodata1)
                0x000000000002dc00                . = ALIGN (0x4)
 *fill*         0x000000000002dbfe        0x2 
                0x000000000002dc00                PROVIDE (__ram_rodata_end, ABSOLUTE (.))
                0x000000000002da80                PROVIDE (__flash_rodata_start, LOADADDR (.rodata))

.rwdata         0x000000000002dc00     0x1af4 load address 0x000000000002f6f4
                0x000000000002dc00                PROVIDE (__ram_rwdata_start, ABSOLUTE (.))
                0x000000000002dc00                . = ALIGN (0x4)
 *(.got.plt)
 *(.got)
 *(.data1)
 *(.data .data.* .gnu.linkonce.d.*)
 .data          0x000000000002dc00        0x0 ../lab4_bsp//obj/HAL/src/crt0.o
 .data          0x000000000002dc00        0x0 obj/default/hello_ucosii.o
 .data          0x000000000002dc00        0x0 a:/intelfpga_lite/nios2eds/bin/gnu/h-x86_64-mingw32/bin/../lib/gcc/nios2-elf/5.3.0/../../../../../H-x86_64-mingw32/nios2-elf/lib/mno-hw-mul\libc.a(lib_a-puts.o)
 .data          0x000000000002dc00        0x0 a:/intelfpga_lite/nios2eds/bin/gnu/h-x86_64-mingw32/bin/../lib/gcc/nios2-elf/5.3.0/../../../../../H-x86_64-mingw32/nios2-elf/lib/mno-hw-mul\libc.a(lib_a-strlen.o)
 .data          0x000000000002dc00        0x0 a:/intelfpga_lite/nios2eds/bin/gnu/h-x86_64-mingw32/bin/../lib/gcc/nios2-elf/5.3.0/../../../../../H-x86_64-mingw32/nios2-elf/lib/mno-hw-mul\libc.a(lib_a-findfp.o)
 .data          0x000000000002dc00        0x0 a:/intelfpga_lite/nios2eds/bin/gnu/h-x86_64-mingw32/bin/../lib/gcc/nios2-elf/5.3.0/../../../../../H-x86_64-mingw32/nios2-elf/lib/mno-hw-mul\libc.a(lib_a-fvwrite.o)
 .data          0x000000000002dc00        0x0 a:/intelfpga_lite/nios2eds/bin/gnu/h-x86_64-mingw32/bin/../lib/gcc/nios2-elf/5.3.0/../../../../../H-x86_64-mingw32/nios2-elf/lib/mno-hw-mul\libc.a(lib_a-fwalk.o)
 .data          0x000000000002dc00        0x0 a:/intelfpga_lite/nios2eds/bin/gnu/h-x86_64-mingw32/bin/../lib/gcc/nios2-elf/5.3.0/../../../../../H-x86_64-mingw32/nios2-elf/lib/mno-hw-mul\libc.a(lib_a-impure.o)
 .data.impure_data
                0x000000000002dc00      0x424 a:/intelfpga_lite/nios2eds/bin/gnu/h-x86_64-mingw32/bin/../lib/gcc/nios2-elf/5.3.0/../../../../../H-x86_64-mingw32/nios2-elf/lib/mno-hw-mul\libc.a(lib_a-impure.o)
 .data          0x000000000002e024        0x0 a:/intelfpga_lite/nios2eds/bin/gnu/h-x86_64-mingw32/bin/../lib/gcc/nios2-elf/5.3.0/../../../../../H-x86_64-mingw32/nios2-elf/lib/mno-hw-mul\libc.a(lib_a-mallocr.o)
 .data.__malloc_av_
                0x000000000002e024      0x408 a:/intelfpga_lite/nios2eds/bin/gnu/h-x86_64-mingw32/bin/../lib/gcc/nios2-elf/5.3.0/../../../../../H-x86_64-mingw32/nios2-elf/lib/mno-hw-mul\libc.a(lib_a-mallocr.o)
                0x000000000002e024                __malloc_av_
 .data          0x000000000002e42c        0x0 a:/intelfpga_lite/nios2eds/bin/gnu/h-x86_64-mingw32/bin/../lib/gcc/nios2-elf/5.3.0/../../../../../H-x86_64-mingw32/nios2-elf/lib/mno-hw-mul\libc.a(lib_a-memchr.o)
 .data          0x000000000002e42c        0x0 a:/intelfpga_lite/nios2eds/bin/gnu/h-x86_64-mingw32/bin/../lib/gcc/nios2-elf/5.3.0/../../../../../H-x86_64-mingw32/nios2-elf/lib/mno-hw-mul\libc.a(lib_a-memcpy.o)
 .data          0x000000000002e42c        0x0 a:/intelfpga_lite/nios2eds/bin/gnu/h-x86_64-mingw32/bin/../lib/gcc/nios2-elf/5.3.0/../../../../../H-x86_64-mingw32/nios2-elf/lib/mno-hw-mul\libc.a(lib_a-memmove.o)
 .data          0x000000000002e42c        0x0 a:/intelfpga_lite/nios2eds/bin/gnu/h-x86_64-mingw32/bin/../lib/gcc/nios2-elf/5.3.0/../../../../../H-x86_64-mingw32/nios2-elf/lib/mno-hw-mul\libc.a(lib_a-memset.o)
 .data          0x000000000002e42c        0x0 a:/intelfpga_lite/nios2eds/bin/gnu/h-x86_64-mingw32/bin/../lib/gcc/nios2-elf/5.3.0/../../../../../H-x86_64-mingw32/nios2-elf/lib/mno-hw-mul\libc.a(lib_a-reallocr.o)
 .data          0x000000000002e42c        0x0 a:/intelfpga_lite/nios2eds/bin/gnu/h-x86_64-mingw32/bin/../lib/gcc/nios2-elf/5.3.0/../../../../../H-x86_64-mingw32/nios2-elf/lib/mno-hw-mul\libc.a(lib_a-sbrkr.o)
 .data          0x000000000002e42c        0x0 a:/intelfpga_lite/nios2eds/bin/gnu/h-x86_64-mingw32/bin/../lib/gcc/nios2-elf/5.3.0/../../../../../H-x86_64-mingw32/nios2-elf/lib/mno-hw-mul\libc.a(lib_a-stdio.o)
 .data          0x000000000002e42c        0x0 a:/intelfpga_lite/nios2eds/bin/gnu/h-x86_64-mingw32/bin/../lib/gcc/nios2-elf/5.3.0/../../../../../H-x86_64-mingw32/nios2-elf/lib/mno-hw-mul\libc.a(lib_a-writer.o)
 .data          0x000000000002e42c        0x0 a:/intelfpga_lite/nios2eds/bin/gnu/h-x86_64-mingw32/bin/../lib/gcc/nios2-elf/5.3.0/../../../../../H-x86_64-mingw32/nios2-elf/lib/mno-hw-mul\libc.a(lib_a-wsetup.o)
 .data          0x000000000002e42c        0x0 a:/intelfpga_lite/nios2eds/bin/gnu/h-x86_64-mingw32/bin/../lib/gcc/nios2-elf/5.3.0/../../../../../H-x86_64-mingw32/nios2-elf/lib/mno-hw-mul\libc.a(closer.o)
 .data          0x000000000002e42c        0x0 a:/intelfpga_lite/nios2eds/bin/gnu/h-x86_64-mingw32/bin/../lib/gcc/nios2-elf/5.3.0/../../../../../H-x86_64-mingw32/nios2-elf/lib/mno-hw-mul\libc.a(lib_a-fclose.o)
 .data          0x000000000002e42c        0x0 a:/intelfpga_lite/nios2eds/bin/gnu/h-x86_64-mingw32/bin/../lib/gcc/nios2-elf/5.3.0/../../../../../H-x86_64-mingw32/nios2-elf/lib/mno-hw-mul\libc.a(lib_a-fflush.o)
 .data          0x000000000002e42c        0x0 a:/intelfpga_lite/nios2eds/bin/gnu/h-x86_64-mingw32/bin/../lib/gcc/nios2-elf/5.3.0/../../../../../H-x86_64-mingw32/nios2-elf/lib/mno-hw-mul\libc.a(lib_a-freer.o)
 .data          0x000000000002e42c        0x0 a:/intelfpga_lite/nios2eds/bin/gnu/h-x86_64-mingw32/bin/../lib/gcc/nios2-elf/5.3.0/../../../../../H-x86_64-mingw32/nios2-elf/lib/mno-hw-mul\libc.a(lib_a-int_errno.o)
 .data          0x000000000002e42c        0x0 a:/intelfpga_lite/nios2eds/bin/gnu/h-x86_64-mingw32/bin/../lib/gcc/nios2-elf/5.3.0/../../../../../H-x86_64-mingw32/nios2-elf/lib/mno-hw-mul\libc.a(lib_a-lseekr.o)
 .data          0x000000000002e42c        0x0 a:/intelfpga_lite/nios2eds/bin/gnu/h-x86_64-mingw32/bin/../lib/gcc/nios2-elf/5.3.0/../../../../../H-x86_64-mingw32/nios2-elf/lib/mno-hw-mul\libc.a(lib_a-makebuf.o)
 .data          0x000000000002e42c        0x0 a:/intelfpga_lite/nios2eds/bin/gnu/h-x86_64-mingw32/bin/../lib/gcc/nios2-elf/5.3.0/../../../../../H-x86_64-mingw32/nios2-elf/lib/mno-hw-mul\libc.a(lib_a-readr.o)
 .data          0x000000000002e42c        0x0 a:/intelfpga_lite/nios2eds/bin/gnu/h-x86_64-mingw32/bin/../lib/gcc/nios2-elf/5.3.0/../../../../../H-x86_64-mingw32/nios2-elf/lib/mno-hw-mul\libc.a(lib_a-fstatr.o)
 .data          0x000000000002e42c        0x0 a:/intelfpga_lite/nios2eds/bin/gnu/h-x86_64-mingw32/bin/../lib/gcc/nios2-elf/5.3.0/../../../../../H-x86_64-mingw32/nios2-elf/lib/mno-hw-mul\libc.a(lib_a-isattyr.o)
 .data          0x000000000002e42c        0x0 a:/intelfpga_lite/nios2eds/bin/gnu/h-x86_64-mingw32/bin/../lib/gcc/nios2-elf/5.3.0/mno-hw-mul\libgcc.a(lib2-divmod.o)
 .data          0x000000000002e42c        0x0 a:/intelfpga_lite/nios2eds/bin/gnu/h-x86_64-mingw32/bin/../lib/gcc/nios2-elf/5.3.0/mno-hw-mul\libgcc.a(lib2-mul.o)
 .data          0x000000000002e42c        0x0 ../lab4_bsp/\libucosii_bsp.a(alt_close.o)
 .data          0x000000000002e42c      0x1a8 ../lab4_bsp/\libucosii_bsp.a(alt_dev.o)
                0x000000000002e42c                alt_dev_null
                0x000000000002e454                alt_fd_list
 .data          0x000000000002e5d4        0x0 ../lab4_bsp/\libucosii_bsp.a(alt_errno.o)
 .data          0x000000000002e5d4        0x0 ../lab4_bsp/\libucosii_bsp.a(alt_fstat.o)
 .data          0x000000000002e5d4        0x0 ../lab4_bsp/\libucosii_bsp.a(alt_isatty.o)
 .data          0x000000000002e5d4        0x0 ../lab4_bsp/\libucosii_bsp.a(alt_load.o)
 .data          0x000000000002e5d4        0x0 ../lab4_bsp/\libucosii_bsp.a(alt_lseek.o)
 .data          0x000000000002e5d4        0x0 ../lab4_bsp/\libucosii_bsp.a(alt_main.o)
 .data          0x000000000002e5d4        0x0 ../lab4_bsp/\libucosii_bsp.a(alt_read.o)
 .data          0x000000000002e5d4        0x0 ../lab4_bsp/\libucosii_bsp.a(alt_release_fd.o)
 .data          0x000000000002e5d4        0x0 ../lab4_bsp/\libucosii_bsp.a(alt_sbrk.o)
 .data          0x000000000002e5d4        0x0 ../lab4_bsp/\libucosii_bsp.a(alt_write.o)
 .data          0x000000000002e5d4        0x0 ../lab4_bsp/\libucosii_bsp.a(alt_env_lock.o)
 .data          0x000000000002e5d4        0x0 ../lab4_bsp/\libucosii_bsp.a(alt_malloc_lock.o)
 .data          0x000000000002e5d4        0x0 ../lab4_bsp/\libucosii_bsp.a(os_core.o)
 .data          0x000000000002e5d4        0x0 ../lab4_bsp/\libucosii_bsp.a(os_dbg.o)
 .data          0x000000000002e5d4        0x0 ../lab4_bsp/\libucosii_bsp.a(os_flag.o)
 .data          0x000000000002e5d4        0x0 ../lab4_bsp/\libucosii_bsp.a(os_mem.o)
 .data          0x000000000002e5d4        0x0 ../lab4_bsp/\libucosii_bsp.a(os_q.o)
 .data          0x000000000002e5d4        0x0 ../lab4_bsp/\libucosii_bsp.a(os_sem.o)
 .data          0x000000000002e5d4        0x0 ../lab4_bsp/\libucosii_bsp.a(os_task.o)
 .data          0x000000000002e5d4        0x0 ../lab4_bsp/\libucosii_bsp.a(os_time.o)
 .data          0x000000000002e5d4     0x106c ../lab4_bsp/\libucosii_bsp.a(alt_sys_init.o)
 .data          0x000000000002f640        0x0 ../lab4_bsp/\libucosii_bsp.a(altera_avalon_jtag_uart_fd.o)
 .data          0x000000000002f640        0x0 ../lab4_bsp/\libucosii_bsp.a(altera_avalon_jtag_uart_init.o)
 .data          0x000000000002f640        0x0 ../lab4_bsp/\libucosii_bsp.a(altera_avalon_jtag_uart_ioctl.o)
 .data          0x000000000002f640        0x0 ../lab4_bsp/\libucosii_bsp.a(altera_avalon_jtag_uart_read.o)
 .data          0x000000000002f640        0x0 ../lab4_bsp/\libucosii_bsp.a(altera_avalon_jtag_uart_write.o)
 .data          0x000000000002f640        0x0 ../lab4_bsp/\libucosii_bsp.a(altera_avalon_timer_sc.o)
 .data          0x000000000002f640        0x0 ../lab4_bsp/\libucosii_bsp.a(alt_alarm_start.o)
 .data          0x000000000002f640        0x0 ../lab4_bsp/\libucosii_bsp.a(alt_dcache_flush_all.o)
 .data          0x000000000002f640        0x0 ../lab4_bsp/\libucosii_bsp.a(alt_dev_llist_insert.o)
 .data          0x000000000002f640        0x0 ../lab4_bsp/\libucosii_bsp.a(alt_do_ctors.o)
 .data          0x000000000002f640        0x0 ../lab4_bsp/\libucosii_bsp.a(alt_do_dtors.o)
 .data          0x000000000002f640        0x0 ../lab4_bsp/\libucosii_bsp.a(alt_icache_flush_all.o)
 .data          0x000000000002f640        0x0 ../lab4_bsp/\libucosii_bsp.a(alt_iic.o)
 .data          0x000000000002f640        0x0 ../lab4_bsp/\libucosii_bsp.a(alt_iic_isr_register.o)
 .data          0x000000000002f640        0x0 ../lab4_bsp/\libucosii_bsp.a(alt_io_redirect.o)
 .data          0x000000000002f640        0x0 ../lab4_bsp/\libucosii_bsp.a(alt_irq_entry.o)
 .data          0x000000000002f640        0x0 ../lab4_bsp/\libucosii_bsp.a(alt_irq_handler.o)
 .data          0x000000000002f640        0x0 ../lab4_bsp/\libucosii_bsp.a(alt_irq_vars.o)
 .data          0x000000000002f640        0x0 ../lab4_bsp/\libucosii_bsp.a(alt_open.o)
 .data          0x000000000002f640        0x0 ../lab4_bsp/\libucosii_bsp.a(alt_tick.o)
 .data          0x000000000002f640        0x0 ../lab4_bsp/\libucosii_bsp.a(altera_nios2_gen2_irq.o)
 .data          0x000000000002f640        0x0 ../lab4_bsp/\libucosii_bsp.a(os_cpu_a.o)
 .data          0x000000000002f640        0x0 ../lab4_bsp/\libucosii_bsp.a(os_cpu_c.o)
 .data          0x000000000002f640        0x0 ../lab4_bsp/\libucosii_bsp.a(alt_exception_entry.o)
 .data          0x000000000002f640        0x0 ../lab4_bsp/\libucosii_bsp.a(alt_find_dev.o)
 .data          0x000000000002f640        0x0 ../lab4_bsp/\libucosii_bsp.a(alt_find_file.o)
 .data          0x000000000002f640        0x0 ../lab4_bsp/\libucosii_bsp.a(alt_get_fd.o)
 .data          0x000000000002f640        0x0 ../lab4_bsp/\libucosii_bsp.a(alt_instruction_exception_entry.o)
 .data          0x000000000002f640        0x0 a:/intelfpga_lite/nios2eds/bin/gnu/h-x86_64-mingw32/bin/../lib/gcc/nios2-elf/5.3.0/../../../../../H-x86_64-mingw32/nios2-elf/lib/mno-hw-mul\libc.a(lib_a-atexit.o)
 .data          0x000000000002f640        0x0 a:/intelfpga_lite/nios2eds/bin/gnu/h-x86_64-mingw32/bin/../lib/gcc/nios2-elf/5.3.0/../../../../../H-x86_64-mingw32/nios2-elf/lib/mno-hw-mul\libc.a(lib_a-exit.o)
 .data          0x000000000002f640        0x0 a:/intelfpga_lite/nios2eds/bin/gnu/h-x86_64-mingw32/bin/../lib/gcc/nios2-elf/5.3.0/../../../../../H-x86_64-mingw32/nios2-elf/lib/mno-hw-mul\libc.a(lib_a-memcmp.o)
 .data          0x000000000002f640        0x0 a:/intelfpga_lite/nios2eds/bin/gnu/h-x86_64-mingw32/bin/../lib/gcc/nios2-elf/5.3.0/../../../../../H-x86_64-mingw32/nios2-elf/lib/mno-hw-mul\libc.a(lib_a-__atexit.o)
 .data          0x000000000002f640        0x0 a:/intelfpga_lite/nios2eds/bin/gnu/h-x86_64-mingw32/bin/../lib/gcc/nios2-elf/5.3.0/../../../../../H-x86_64-mingw32/nios2-elf/lib/mno-hw-mul\libc.a(lib_a-__call_atexit.o)
 .data          0x000000000002f640        0x0 ../lab4_bsp/\libucosii_bsp.a(alt_exit.o)
                0x0000000000037640                _gp = ABSOLUTE ((. + 0x8000))
                [!provide]                        PROVIDE (gp, _gp)
 *(.rwdata .rwdata.*)
 *(.sdata .sdata.* .gnu.linkonce.s.*)
 .sdata._global_impure_ptr
                0x000000000002f640        0x4 a:/intelfpga_lite/nios2eds/bin/gnu/h-x86_64-mingw32/bin/../lib/gcc/nios2-elf/5.3.0/../../../../../H-x86_64-mingw32/nios2-elf/lib/mno-hw-mul\libc.a(lib_a-impure.o)
                0x000000000002f640                _global_impure_ptr
 .sdata._impure_ptr
                0x000000000002f644        0x4 a:/intelfpga_lite/nios2eds/bin/gnu/h-x86_64-mingw32/bin/../lib/gcc/nios2-elf/5.3.0/../../../../../H-x86_64-mingw32/nios2-elf/lib/mno-hw-mul\libc.a(lib_a-impure.o)
                0x000000000002f644                _impure_ptr
 .sdata.__malloc_sbrk_base
                0x000000000002f648        0x4 a:/intelfpga_lite/nios2eds/bin/gnu/h-x86_64-mingw32/bin/../lib/gcc/nios2-elf/5.3.0/../../../../../H-x86_64-mingw32/nios2-elf/lib/mno-hw-mul\libc.a(lib_a-mallocr.o)
                0x000000000002f648                __malloc_sbrk_base
 .sdata.__malloc_trim_threshold
                0x000000000002f64c        0x4 a:/intelfpga_lite/nios2eds/bin/gnu/h-x86_64-mingw32/bin/../lib/gcc/nios2-elf/5.3.0/../../../../../H-x86_64-mingw32/nios2-elf/lib/mno-hw-mul\libc.a(lib_a-mallocr.o)
                0x000000000002f64c                __malloc_trim_threshold
 .sdata         0x000000000002f650       0x14 ../lab4_bsp/\libucosii_bsp.a(alt_dev.o)
                0x000000000002f650                alt_fs_list
                0x000000000002f658                alt_dev_list
                0x000000000002f660                alt_max_fd
 .sdata         0x000000000002f664        0x4 ../lab4_bsp/\libucosii_bsp.a(alt_errno.o)
                0x000000000002f664                alt_errno
 .sdata         0x000000000002f668        0x4 ../lab4_bsp/\libucosii_bsp.a(alt_sbrk.o)
 .sdata         0x000000000002f66c        0x4 ../lab4_bsp/\libucosii_bsp.a(alt_env_lock.o)
 .sdata         0x000000000002f670        0x4 ../lab4_bsp/\libucosii_bsp.a(alt_malloc_lock.o)
 .sdata         0x000000000002f674       0x72 ../lab4_bsp/\libucosii_bsp.a(os_dbg.o)
                0x000000000002f674                OSDebugEn
                0x000000000002f678                OSEndiannessTest
                0x000000000002f67c                OSEventEn
                0x000000000002f67e                OSEventMax
                0x000000000002f680                OSEventNameSize
                0x000000000002f682                OSEventSize
                0x000000000002f684                OSEventTblSize
                0x000000000002f686                OSEventMultiEn
                0x000000000002f688                OSFlagEn
                0x000000000002f68a                OSFlagGrpSize
                0x000000000002f68c                OSFlagNodeSize
                0x000000000002f68e                OSFlagWidth
                0x000000000002f690                OSFlagMax
                0x000000000002f692                OSFlagNameSize
                0x000000000002f694                OSLowestPrio
                0x000000000002f696                OSMboxEn
                0x000000000002f698                OSMemEn
                0x000000000002f69a                OSMemMax
                0x000000000002f69c                OSMemNameSize
                0x000000000002f69e                OSMemSize
                0x000000000002f6a0                OSMemTblSize
                0x000000000002f6a2                OSMutexEn
                0x000000000002f6a4                OSPtrSize
                0x000000000002f6a6                OSQEn
                0x000000000002f6a8                OSQMax
                0x000000000002f6aa                OSQSize
                0x000000000002f6ac                OSRdyTblSize
                0x000000000002f6ae                OSSemEn
                0x000000000002f6b0                OSStkWidth
                0x000000000002f6b2                OSTaskCreateEn
                0x000000000002f6b4                OSTaskCreateExtEn
                0x000000000002f6b6                OSTaskDelEn
                0x000000000002f6b8                OSTaskIdleStkSize
                0x000000000002f6ba                OSTaskProfileEn
                0x000000000002f6bc                OSTaskMax
                0x000000000002f6be                OSTaskNameSize
                0x000000000002f6c0                OSTaskStatEn
                0x000000000002f6c2                OSTaskStatStkSize
                0x000000000002f6c4                OSTaskStatStkChkEn
                0x000000000002f6c6                OSTaskSwHookEn
                0x000000000002f6c8                OSTCBPrioTblMax
                0x000000000002f6ca                OSTCBSize
                0x000000000002f6cc                OSTicksPerSec
                0x000000000002f6ce                OSTimeTickHookEn
                0x000000000002f6d0                OSVersionNbr
                0x000000000002f6d2                OSTmrEn
                0x000000000002f6d4                OSTmrCfgMax
                0x000000000002f6d6                OSTmrCfgNameSize
                0x000000000002f6d8                OSTmrCfgWheelSize
                0x000000000002f6da                OSTmrCfgTicksPerSec
                0x000000000002f6dc                OSTmrSize
                0x000000000002f6de                OSTmrTblSize
                0x000000000002f6e0                OSTmrWheelSize
                0x000000000002f6e2                OSTmrWheelTblSize
                0x000000000002f6e4                OSDataSize
 *fill*         0x000000000002f6e6        0x2 
 .sdata         0x000000000002f6e8        0x4 ../lab4_bsp/\libucosii_bsp.a(alt_irq_vars.o)
                0x000000000002f6e8                alt_priority_mask
 .sdata         0x000000000002f6ec        0x8 ../lab4_bsp/\libucosii_bsp.a(alt_tick.o)
                0x000000000002f6ec                alt_alarm_list
 *(.sdata2 .sdata2.* .gnu.linkonce.s2.*)
                0x000000000002f6f4                . = ALIGN (0x4)
                0x000000000002f6f4                _edata = ABSOLUTE (.)
                [!provide]                        PROVIDE (edata, ABSOLUTE (.))
                0x000000000002f6f4                PROVIDE (__ram_rwdata_end, ABSOLUTE (.))
                0x000000000002f6f4                PROVIDE (__flash_rwdata_start, LOADADDR (.rwdata))

.bss            0x00000000000311e8     0x73dc
                0x00000000000311e8                __bss_start = ABSOLUTE (.)
                [!provide]                        PROVIDE (__sbss_start, ABSOLUTE (.))
                [!provide]                        PROVIDE (___sbss_start, ABSOLUTE (.))
 *(.dynsbss)
 *(.sbss .sbss.* .gnu.linkonce.sb.*)
 .sbss.__malloc_max_total_mem
                0x00000000000311e8        0x4 a:/intelfpga_lite/nios2eds/bin/gnu/h-x86_64-mingw32/bin/../lib/gcc/nios2-elf/5.3.0/../../../../../H-x86_64-mingw32/nios2-elf/lib/mno-hw-mul\libc.a(lib_a-mallocr.o)
                0x00000000000311e8                __malloc_max_total_mem
 .sbss.__malloc_max_sbrked_mem
                0x00000000000311ec        0x4 a:/intelfpga_lite/nios2eds/bin/gnu/h-x86_64-mingw32/bin/../lib/gcc/nios2-elf/5.3.0/../../../../../H-x86_64-mingw32/nios2-elf/lib/mno-hw-mul\libc.a(lib_a-mallocr.o)
                0x00000000000311ec                __malloc_max_sbrked_mem
 .sbss.__malloc_top_pad
                0x00000000000311f0        0x4 a:/intelfpga_lite/nios2eds/bin/gnu/h-x86_64-mingw32/bin/../lib/gcc/nios2-elf/5.3.0/../../../../../H-x86_64-mingw32/nios2-elf/lib/mno-hw-mul\libc.a(lib_a-mallocr.o)
                0x00000000000311f0                __malloc_top_pad
 .sbss          0x00000000000311f4        0x4 a:/intelfpga_lite/nios2eds/bin/gnu/h-x86_64-mingw32/bin/../lib/gcc/nios2-elf/5.3.0/../../../../../H-x86_64-mingw32/nios2-elf/lib/mno-hw-mul\libc.a(lib_a-int_errno.o)
                0x00000000000311f4                errno
 .sbss          0x00000000000311f8        0x4 ../lab4_bsp/\libucosii_bsp.a(alt_dev.o)
                0x00000000000311f8                alt_fd_list_lock
 .sbss          0x00000000000311fc        0xc ../lab4_bsp/\libucosii_bsp.a(alt_main.o)
                0x00000000000311fc                alt_argc
                0x0000000000031200                alt_argv
                0x0000000000031204                alt_envp
 .sbss          0x0000000000031208        0x8 ../lab4_bsp/\libucosii_bsp.a(alt_env_lock.o)
                0x000000000003120c                alt_envsem
 .sbss          0x0000000000031210        0x8 ../lab4_bsp/\libucosii_bsp.a(alt_malloc_lock.o)
                0x0000000000031214                alt_heapsem
 .sbss          0x0000000000031218       0x50 ../lab4_bsp/\libucosii_bsp.a(os_core.o)
                0x0000000000031218                OSLockNesting
                0x0000000000031219                OSRunning
                0x000000000003121c                OSIdleCtr
                0x0000000000031220                OSPrioHighRdy
                0x0000000000031221                OSPrioCur
                0x0000000000031224                OSTCBList
                0x0000000000031228                OSTickStepState
                0x000000000003122c                OSCtxSwCtr
                0x0000000000031230                OSIdleCtrMax
                0x0000000000031234                OSTCBFreeList
                0x0000000000031238                OSCPUUsage
                0x0000000000031239                OSTaskCtr
                0x000000000003123c                OSMemFreeList
                0x0000000000031240                OSTCBHighRdy
                0x0000000000031244                OSQFreeList
                0x0000000000031248                OSRdyGrp
                0x0000000000031249                OSRdyTbl
                0x000000000003124c                OSEventFreeList
                0x0000000000031250                OSIntNesting
                0x0000000000031254                OSTCBCur
                0x0000000000031258                OSTime
                0x000000000003125c                OSFlagFreeList
                0x0000000000031260                OSStatRdy
                0x0000000000031264                OSIdleCtrRun
 .sbss          0x0000000000031268        0x4 ../lab4_bsp/\libucosii_bsp.a(alt_irq_vars.o)
                0x0000000000031268                alt_irq_active
 .sbss          0x000000000003126c        0x8 ../lab4_bsp/\libucosii_bsp.a(alt_tick.o)
                0x000000000003126c                _alt_tick_rate
                0x0000000000031270                _alt_nticks
 .sbss          0x0000000000031274        0x4 ../lab4_bsp/\libucosii_bsp.a(alt_instruction_exception_entry.o)
                0x0000000000031274                alt_instruction_exception_handler
 *(.sbss2 .sbss2.* .gnu.linkonce.sb2.*)
 *(.scommon)
                [!provide]                        PROVIDE (__sbss_end, ABSOLUTE (.))
                [!provide]                        PROVIDE (___sbss_end, ABSOLUTE (.))
 *(.dynbss)
 *(.bss .bss.* .gnu.linkonce.b.*)
 .bss           0x0000000000031278        0x0 ../lab4_bsp//obj/HAL/src/crt0.o
 .bss           0x0000000000031278        0x0 obj/default/hello_ucosii.o
 .bss           0x0000000000031278        0x0 a:/intelfpga_lite/nios2eds/bin/gnu/h-x86_64-mingw32/bin/../lib/gcc/nios2-elf/5.3.0/../../../../../H-x86_64-mingw32/nios2-elf/lib/mno-hw-mul\libc.a(lib_a-puts.o)
 .bss           0x0000000000031278        0x0 a:/intelfpga_lite/nios2eds/bin/gnu/h-x86_64-mingw32/bin/../lib/gcc/nios2-elf/5.3.0/../../../../../H-x86_64-mingw32/nios2-elf/lib/mno-hw-mul\libc.a(lib_a-strlen.o)
 .bss           0x0000000000031278        0x0 a:/intelfpga_lite/nios2eds/bin/gnu/h-x86_64-mingw32/bin/../lib/gcc/nios2-elf/5.3.0/../../../../../H-x86_64-mingw32/nios2-elf/lib/mno-hw-mul\libc.a(lib_a-findfp.o)
 .bss           0x0000000000031278        0x0 a:/intelfpga_lite/nios2eds/bin/gnu/h-x86_64-mingw32/bin/../lib/gcc/nios2-elf/5.3.0/../../../../../H-x86_64-mingw32/nios2-elf/lib/mno-hw-mul\libc.a(lib_a-fvwrite.o)
 .bss           0x0000000000031278        0x0 a:/intelfpga_lite/nios2eds/bin/gnu/h-x86_64-mingw32/bin/../lib/gcc/nios2-elf/5.3.0/../../../../../H-x86_64-mingw32/nios2-elf/lib/mno-hw-mul\libc.a(lib_a-fwalk.o)
 .bss           0x0000000000031278        0x0 a:/intelfpga_lite/nios2eds/bin/gnu/h-x86_64-mingw32/bin/../lib/gcc/nios2-elf/5.3.0/../../../../../H-x86_64-mingw32/nios2-elf/lib/mno-hw-mul\libc.a(lib_a-impure.o)
 .bss           0x0000000000031278        0x0 a:/intelfpga_lite/nios2eds/bin/gnu/h-x86_64-mingw32/bin/../lib/gcc/nios2-elf/5.3.0/../../../../../H-x86_64-mingw32/nios2-elf/lib/mno-hw-mul\libc.a(lib_a-mallocr.o)
 .bss.__malloc_current_mallinfo
                0x0000000000031278       0x28 a:/intelfpga_lite/nios2eds/bin/gnu/h-x86_64-mingw32/bin/../lib/gcc/nios2-elf/5.3.0/../../../../../H-x86_64-mingw32/nios2-elf/lib/mno-hw-mul\libc.a(lib_a-mallocr.o)
                0x0000000000031278                __malloc_current_mallinfo
 .bss           0x00000000000312a0        0x0 a:/intelfpga_lite/nios2eds/bin/gnu/h-x86_64-mingw32/bin/../lib/gcc/nios2-elf/5.3.0/../../../../../H-x86_64-mingw32/nios2-elf/lib/mno-hw-mul\libc.a(lib_a-memchr.o)
 .bss           0x00000000000312a0        0x0 a:/intelfpga_lite/nios2eds/bin/gnu/h-x86_64-mingw32/bin/../lib/gcc/nios2-elf/5.3.0/../../../../../H-x86_64-mingw32/nios2-elf/lib/mno-hw-mul\libc.a(lib_a-memcpy.o)
 .bss           0x00000000000312a0        0x0 a:/intelfpga_lite/nios2eds/bin/gnu/h-x86_64-mingw32/bin/../lib/gcc/nios2-elf/5.3.0/../../../../../H-x86_64-mingw32/nios2-elf/lib/mno-hw-mul\libc.a(lib_a-memmove.o)
 .bss           0x00000000000312a0        0x0 a:/intelfpga_lite/nios2eds/bin/gnu/h-x86_64-mingw32/bin/../lib/gcc/nios2-elf/5.3.0/../../../../../H-x86_64-mingw32/nios2-elf/lib/mno-hw-mul\libc.a(lib_a-memset.o)
 .bss           0x00000000000312a0        0x0 a:/intelfpga_lite/nios2eds/bin/gnu/h-x86_64-mingw32/bin/../lib/gcc/nios2-elf/5.3.0/../../../../../H-x86_64-mingw32/nios2-elf/lib/mno-hw-mul\libc.a(lib_a-reallocr.o)
 .bss           0x00000000000312a0        0x0 a:/intelfpga_lite/nios2eds/bin/gnu/h-x86_64-mingw32/bin/../lib/gcc/nios2-elf/5.3.0/../../../../../H-x86_64-mingw32/nios2-elf/lib/mno-hw-mul\libc.a(lib_a-sbrkr.o)
 .bss           0x00000000000312a0        0x0 a:/intelfpga_lite/nios2eds/bin/gnu/h-x86_64-mingw32/bin/../lib/gcc/nios2-elf/5.3.0/../../../../../H-x86_64-mingw32/nios2-elf/lib/mno-hw-mul\libc.a(lib_a-stdio.o)
 .bss           0x00000000000312a0        0x0 a:/intelfpga_lite/nios2eds/bin/gnu/h-x86_64-mingw32/bin/../lib/gcc/nios2-elf/5.3.0/../../../../../H-x86_64-mingw32/nios2-elf/lib/mno-hw-mul\libc.a(lib_a-writer.o)
 .bss           0x00000000000312a0        0x0 a:/intelfpga_lite/nios2eds/bin/gnu/h-x86_64-mingw32/bin/../lib/gcc/nios2-elf/5.3.0/../../../../../H-x86_64-mingw32/nios2-elf/lib/mno-hw-mul\libc.a(lib_a-wsetup.o)
 .bss           0x00000000000312a0        0x0 a:/intelfpga_lite/nios2eds/bin/gnu/h-x86_64-mingw32/bin/../lib/gcc/nios2-elf/5.3.0/../../../../../H-x86_64-mingw32/nios2-elf/lib/mno-hw-mul\libc.a(closer.o)
 .bss           0x00000000000312a0        0x0 a:/intelfpga_lite/nios2eds/bin/gnu/h-x86_64-mingw32/bin/../lib/gcc/nios2-elf/5.3.0/../../../../../H-x86_64-mingw32/nios2-elf/lib/mno-hw-mul\libc.a(lib_a-fclose.o)
 .bss           0x00000000000312a0        0x0 a:/intelfpga_lite/nios2eds/bin/gnu/h-x86_64-mingw32/bin/../lib/gcc/nios2-elf/5.3.0/../../../../../H-x86_64-mingw32/nios2-elf/lib/mno-hw-mul\libc.a(lib_a-fflush.o)
 .bss           0x00000000000312a0        0x0 a:/intelfpga_lite/nios2eds/bin/gnu/h-x86_64-mingw32/bin/../lib/gcc/nios2-elf/5.3.0/../../../../../H-x86_64-mingw32/nios2-elf/lib/mno-hw-mul\libc.a(lib_a-freer.o)
 .bss           0x00000000000312a0        0x0 a:/intelfpga_lite/nios2eds/bin/gnu/h-x86_64-mingw32/bin/../lib/gcc/nios2-elf/5.3.0/../../../../../H-x86_64-mingw32/nios2-elf/lib/mno-hw-mul\libc.a(lib_a-int_errno.o)
 .bss           0x00000000000312a0        0x0 a:/intelfpga_lite/nios2eds/bin/gnu/h-x86_64-mingw32/bin/../lib/gcc/nios2-elf/5.3.0/../../../../../H-x86_64-mingw32/nios2-elf/lib/mno-hw-mul\libc.a(lib_a-lseekr.o)
 .bss           0x00000000000312a0        0x0 a:/intelfpga_lite/nios2eds/bin/gnu/h-x86_64-mingw32/bin/../lib/gcc/nios2-elf/5.3.0/../../../../../H-x86_64-mingw32/nios2-elf/lib/mno-hw-mul\libc.a(lib_a-makebuf.o)
 .bss           0x00000000000312a0        0x0 a:/intelfpga_lite/nios2eds/bin/gnu/h-x86_64-mingw32/bin/../lib/gcc/nios2-elf/5.3.0/../../../../../H-x86_64-mingw32/nios2-elf/lib/mno-hw-mul\libc.a(lib_a-readr.o)
 .bss           0x00000000000312a0        0x0 a:/intelfpga_lite/nios2eds/bin/gnu/h-x86_64-mingw32/bin/../lib/gcc/nios2-elf/5.3.0/../../../../../H-x86_64-mingw32/nios2-elf/lib/mno-hw-mul\libc.a(lib_a-fstatr.o)
 .bss           0x00000000000312a0        0x0 a:/intelfpga_lite/nios2eds/bin/gnu/h-x86_64-mingw32/bin/../lib/gcc/nios2-elf/5.3.0/../../../../../H-x86_64-mingw32/nios2-elf/lib/mno-hw-mul\libc.a(lib_a-isattyr.o)
 .bss           0x00000000000312a0        0x0 a:/intelfpga_lite/nios2eds/bin/gnu/h-x86_64-mingw32/bin/../lib/gcc/nios2-elf/5.3.0/mno-hw-mul\libgcc.a(lib2-divmod.o)
 .bss           0x00000000000312a0        0x0 a:/intelfpga_lite/nios2eds/bin/gnu/h-x86_64-mingw32/bin/../lib/gcc/nios2-elf/5.3.0/mno-hw-mul\libgcc.a(lib2-mul.o)
 .bss           0x00000000000312a0        0x0 ../lab4_bsp/\libucosii_bsp.a(alt_close.o)
 .bss           0x00000000000312a0        0x0 ../lab4_bsp/\libucosii_bsp.a(alt_dev.o)
 .bss           0x00000000000312a0        0x0 ../lab4_bsp/\libucosii_bsp.a(alt_errno.o)
 .bss           0x00000000000312a0        0x0 ../lab4_bsp/\libucosii_bsp.a(alt_fstat.o)
 .bss           0x00000000000312a0        0x0 ../lab4_bsp/\libucosii_bsp.a(alt_isatty.o)
 .bss           0x00000000000312a0        0x0 ../lab4_bsp/\libucosii_bsp.a(alt_load.o)
 .bss           0x00000000000312a0        0x0 ../lab4_bsp/\libucosii_bsp.a(alt_lseek.o)
 .bss           0x00000000000312a0        0x0 ../lab4_bsp/\libucosii_bsp.a(alt_main.o)
 .bss           0x00000000000312a0        0x0 ../lab4_bsp/\libucosii_bsp.a(alt_read.o)
 .bss           0x00000000000312a0        0x0 ../lab4_bsp/\libucosii_bsp.a(alt_release_fd.o)
 .bss           0x00000000000312a0        0x0 ../lab4_bsp/\libucosii_bsp.a(alt_sbrk.o)
 .bss           0x00000000000312a0        0x0 ../lab4_bsp/\libucosii_bsp.a(alt_write.o)
 .bss           0x00000000000312a0        0x0 ../lab4_bsp/\libucosii_bsp.a(alt_env_lock.o)
 .bss           0x00000000000312a0        0x0 ../lab4_bsp/\libucosii_bsp.a(alt_malloc_lock.o)
 .bss           0x00000000000312a0        0x0 ../lab4_bsp/\libucosii_bsp.a(os_core.o)
 .bss           0x00000000000312a0        0x0 ../lab4_bsp/\libucosii_bsp.a(os_dbg.o)
 .bss           0x00000000000312a0        0x0 ../lab4_bsp/\libucosii_bsp.a(os_flag.o)
 .bss           0x00000000000312a0        0x0 ../lab4_bsp/\libucosii_bsp.a(os_mem.o)
 .bss           0x00000000000312a0        0x0 ../lab4_bsp/\libucosii_bsp.a(os_q.o)
 .bss           0x00000000000312a0        0x0 ../lab4_bsp/\libucosii_bsp.a(os_sem.o)
 .bss           0x00000000000312a0        0x0 ../lab4_bsp/\libucosii_bsp.a(os_task.o)
 .bss           0x00000000000312a0        0x0 ../lab4_bsp/\libucosii_bsp.a(os_time.o)
 .bss           0x00000000000312a0        0x0 ../lab4_bsp/\libucosii_bsp.a(alt_sys_init.o)
 .bss           0x00000000000312a0        0x0 ../lab4_bsp/\libucosii_bsp.a(altera_avalon_jtag_uart_fd.o)
 .bss           0x00000000000312a0        0x0 ../lab4_bsp/\libucosii_bsp.a(altera_avalon_jtag_uart_init.o)
 .bss           0x00000000000312a0        0x0 ../lab4_bsp/\libucosii_bsp.a(altera_avalon_jtag_uart_ioctl.o)
 .bss           0x00000000000312a0        0x0 ../lab4_bsp/\libucosii_bsp.a(altera_avalon_jtag_uart_read.o)
 .bss           0x00000000000312a0        0x0 ../lab4_bsp/\libucosii_bsp.a(altera_avalon_jtag_uart_write.o)
 .bss           0x00000000000312a0        0x0 ../lab4_bsp/\libucosii_bsp.a(altera_avalon_timer_sc.o)
 .bss           0x00000000000312a0        0x0 ../lab4_bsp/\libucosii_bsp.a(alt_alarm_start.o)
 .bss           0x00000000000312a0        0x0 ../lab4_bsp/\libucosii_bsp.a(alt_dcache_flush_all.o)
 .bss           0x00000000000312a0        0x0 ../lab4_bsp/\libucosii_bsp.a(alt_dev_llist_insert.o)
 .bss           0x00000000000312a0        0x0 ../lab4_bsp/\libucosii_bsp.a(alt_do_ctors.o)
 .bss           0x00000000000312a0        0x0 ../lab4_bsp/\libucosii_bsp.a(alt_do_dtors.o)
 .bss           0x00000000000312a0        0x0 ../lab4_bsp/\libucosii_bsp.a(alt_icache_flush_all.o)
 .bss           0x00000000000312a0        0x0 ../lab4_bsp/\libucosii_bsp.a(alt_iic.o)
 .bss           0x00000000000312a0        0x0 ../lab4_bsp/\libucosii_bsp.a(alt_iic_isr_register.o)
 .bss           0x00000000000312a0        0x0 ../lab4_bsp/\libucosii_bsp.a(alt_io_redirect.o)
 .bss           0x00000000000312a0        0x0 ../lab4_bsp/\libucosii_bsp.a(alt_irq_entry.o)
 .bss           0x00000000000312a0        0x0 ../lab4_bsp/\libucosii_bsp.a(alt_irq_handler.o)
 .bss           0x00000000000312a0        0x0 ../lab4_bsp/\libucosii_bsp.a(alt_irq_vars.o)
 .bss           0x00000000000312a0        0x0 ../lab4_bsp/\libucosii_bsp.a(alt_open.o)
 .bss           0x00000000000312a0        0x0 ../lab4_bsp/\libucosii_bsp.a(alt_tick.o)
 .bss           0x00000000000312a0        0x0 ../lab4_bsp/\libucosii_bsp.a(altera_nios2_gen2_irq.o)
 .bss           0x00000000000312a0        0x0 ../lab4_bsp/\libucosii_bsp.a(os_cpu_a.o)
 .bss           0x00000000000312a0        0x0 ../lab4_bsp/\libucosii_bsp.a(os_cpu_c.o)
 .bss           0x00000000000312a0        0x0 ../lab4_bsp/\libucosii_bsp.a(alt_exception_entry.o)
 .bss           0x00000000000312a0        0x0 ../lab4_bsp/\libucosii_bsp.a(alt_find_dev.o)
 .bss           0x00000000000312a0        0x0 ../lab4_bsp/\libucosii_bsp.a(alt_find_file.o)
 .bss           0x00000000000312a0        0x0 ../lab4_bsp/\libucosii_bsp.a(alt_get_fd.o)
 .bss           0x00000000000312a0        0x0 ../lab4_bsp/\libucosii_bsp.a(alt_instruction_exception_entry.o)
 .bss           0x00000000000312a0        0x0 a:/intelfpga_lite/nios2eds/bin/gnu/h-x86_64-mingw32/bin/../lib/gcc/nios2-elf/5.3.0/../../../../../H-x86_64-mingw32/nios2-elf/lib/mno-hw-mul\libc.a(lib_a-atexit.o)
 .bss           0x00000000000312a0        0x0 a:/intelfpga_lite/nios2eds/bin/gnu/h-x86_64-mingw32/bin/../lib/gcc/nios2-elf/5.3.0/../../../../../H-x86_64-mingw32/nios2-elf/lib/mno-hw-mul\libc.a(lib_a-exit.o)
 .bss           0x00000000000312a0        0x0 a:/intelfpga_lite/nios2eds/bin/gnu/h-x86_64-mingw32/bin/../lib/gcc/nios2-elf/5.3.0/../../../../../H-x86_64-mingw32/nios2-elf/lib/mno-hw-mul\libc.a(lib_a-memcmp.o)
 .bss           0x00000000000312a0        0x0 a:/intelfpga_lite/nios2eds/bin/gnu/h-x86_64-mingw32/bin/../lib/gcc/nios2-elf/5.3.0/../../../../../H-x86_64-mingw32/nios2-elf/lib/mno-hw-mul\libc.a(lib_a-__atexit.o)
 .bss           0x00000000000312a0        0x0 a:/intelfpga_lite/nios2eds/bin/gnu/h-x86_64-mingw32/bin/../lib/gcc/nios2-elf/5.3.0/../../../../../H-x86_64-mingw32/nios2-elf/lib/mno-hw-mul\libc.a(lib_a-__call_atexit.o)
 .bss           0x00000000000312a0        0x0 ../lab4_bsp/\libucosii_bsp.a(alt_exit.o)
 *(COMMON)
 COMMON         0x00000000000312a0     0x4000 obj/default/hello_ucosii.o
                0x00000000000312a0                task1_stk
                0x00000000000332a0                task2_stk
 COMMON         0x00000000000352a0     0x3224 ../lab4_bsp/\libucosii_bsp.a(os_core.o)
                0x00000000000352a0                OSFlagTbl
                0x0000000000035610                OSMemTbl
                0x0000000000036240                OSTaskStatStk
                0x0000000000036a40                OSQTbl
                0x0000000000036c20                OSTaskIdleStk
                0x0000000000037420                OSEventTbl
                0x0000000000037f60                OSTCBTbl
                0x0000000000038470                OSTCBPrioTbl
 COMMON         0x00000000000384c4      0x100 ../lab4_bsp/\libucosii_bsp.a(alt_irq_handler.o)
                0x00000000000384c4                alt_irq
                0x00000000000385c4                . = ALIGN (0x4)
                0x00000000000385c4                __bss_end = ABSOLUTE (.)

.OnChip_Memory  0x00000000000385c4        0x0
                [!provide]                        PROVIDE (_alt_partition_OnChip_Memory_start, ABSOLUTE (.))
 *(.OnChip_Memory .OnChip_Memory. OnChip_Memory.*)
                0x00000000000385c4                . = ALIGN (0x4)
                [!provide]                        PROVIDE (_alt_partition_OnChip_Memory_end, ABSOLUTE (.))
                0x00000000000385c4                _end = ABSOLUTE (.)
                0x00000000000385c4                end = ABSOLUTE (.)
                0x00000000000385c4                __alt_stack_base = ABSOLUTE (.)
                [!provide]                        PROVIDE (_alt_partition_OnChip_Memory_load_addr, LOADADDR (.OnChip_Memory))

.stab
 *(.stab)

.stabstr
 *(.stabstr)

.stab.excl
 *(.stab.excl)

.stab.exclstr
 *(.stab.exclstr)

.stab.index
 *(.stab.index)

.stab.indexstr
 *(.stab.indexstr)

.comment        0x0000000000000000       0x23
 *(.comment)
 .comment       0x0000000000000000       0x23 obj/default/hello_ucosii.o
                                         0x24 (size before relaxing)
 .comment       0x0000000000000023       0x24 a:/intelfpga_lite/nios2eds/bin/gnu/h-x86_64-mingw32/bin/../lib/gcc/nios2-elf/5.3.0/../../../../../H-x86_64-mingw32/nios2-elf/lib/mno-hw-mul\libc.a(lib_a-puts.o)
 .comment       0x0000000000000023       0x24 a:/intelfpga_lite/nios2eds/bin/gnu/h-x86_64-mingw32/bin/../lib/gcc/nios2-elf/5.3.0/../../../../../H-x86_64-mingw32/nios2-elf/lib/mno-hw-mul\libc.a(lib_a-strlen.o)
 .comment       0x0000000000000023       0x24 a:/intelfpga_lite/nios2eds/bin/gnu/h-x86_64-mingw32/bin/../lib/gcc/nios2-elf/5.3.0/../../../../../H-x86_64-mingw32/nios2-elf/lib/mno-hw-mul\libc.a(lib_a-findfp.o)
 .comment       0x0000000000000023       0x24 a:/intelfpga_lite/nios2eds/bin/gnu/h-x86_64-mingw32/bin/../lib/gcc/nios2-elf/5.3.0/../../../../../H-x86_64-mingw32/nios2-elf/lib/mno-hw-mul\libc.a(lib_a-fvwrite.o)
 .comment       0x0000000000000023       0x24 a:/intelfpga_lite/nios2eds/bin/gnu/h-x86_64-mingw32/bin/../lib/gcc/nios2-elf/5.3.0/../../../../../H-x86_64-mingw32/nios2-elf/lib/mno-hw-mul\libc.a(lib_a-fwalk.o)
 .comment       0x0000000000000023       0x24 a:/intelfpga_lite/nios2eds/bin/gnu/h-x86_64-mingw32/bin/../lib/gcc/nios2-elf/5.3.0/../../../../../H-x86_64-mingw32/nios2-elf/lib/mno-hw-mul\libc.a(lib_a-impure.o)
 .comment       0x0000000000000023       0x24 a:/intelfpga_lite/nios2eds/bin/gnu/h-x86_64-mingw32/bin/../lib/gcc/nios2-elf/5.3.0/../../../../../H-x86_64-mingw32/nios2-elf/lib/mno-hw-mul\libc.a(lib_a-mallocr.o)
 .comment       0x0000000000000023       0x24 a:/intelfpga_lite/nios2eds/bin/gnu/h-x86_64-mingw32/bin/../lib/gcc/nios2-elf/5.3.0/../../../../../H-x86_64-mingw32/nios2-elf/lib/mno-hw-mul\libc.a(lib_a-memchr.o)
 .comment       0x0000000000000023       0x24 a:/intelfpga_lite/nios2eds/bin/gnu/h-x86_64-mingw32/bin/../lib/gcc/nios2-elf/5.3.0/../../../../../H-x86_64-mingw32/nios2-elf/lib/mno-hw-mul\libc.a(lib_a-memcpy.o)
 .comment       0x0000000000000023       0x24 a:/intelfpga_lite/nios2eds/bin/gnu/h-x86_64-mingw32/bin/../lib/gcc/nios2-elf/5.3.0/../../../../../H-x86_64-mingw32/nios2-elf/lib/mno-hw-mul\libc.a(lib_a-memmove.o)
 .comment       0x0000000000000023       0x24 a:/intelfpga_lite/nios2eds/bin/gnu/h-x86_64-mingw32/bin/../lib/gcc/nios2-elf/5.3.0/../../../../../H-x86_64-mingw32/nios2-elf/lib/mno-hw-mul\libc.a(lib_a-memset.o)
 .comment       0x0000000000000023       0x24 a:/intelfpga_lite/nios2eds/bin/gnu/h-x86_64-mingw32/bin/../lib/gcc/nios2-elf/5.3.0/../../../../../H-x86_64-mingw32/nios2-elf/lib/mno-hw-mul\libc.a(lib_a-reallocr.o)
 .comment       0x0000000000000023       0x24 a:/intelfpga_lite/nios2eds/bin/gnu/h-x86_64-mingw32/bin/../lib/gcc/nios2-elf/5.3.0/../../../../../H-x86_64-mingw32/nios2-elf/lib/mno-hw-mul\libc.a(lib_a-sbrkr.o)
 .comment       0x0000000000000023       0x24 a:/intelfpga_lite/nios2eds/bin/gnu/h-x86_64-mingw32/bin/../lib/gcc/nios2-elf/5.3.0/../../../../../H-x86_64-mingw32/nios2-elf/lib/mno-hw-mul\libc.a(lib_a-stdio.o)
 .comment       0x0000000000000023       0x24 a:/intelfpga_lite/nios2eds/bin/gnu/h-x86_64-mingw32/bin/../lib/gcc/nios2-elf/5.3.0/../../../../../H-x86_64-mingw32/nios2-elf/lib/mno-hw-mul\libc.a(lib_a-writer.o)
 .comment       0x0000000000000023       0x24 a:/intelfpga_lite/nios2eds/bin/gnu/h-x86_64-mingw32/bin/../lib/gcc/nios2-elf/5.3.0/../../../../../H-x86_64-mingw32/nios2-elf/lib/mno-hw-mul\libc.a(lib_a-wsetup.o)
 .comment       0x0000000000000023       0x24 a:/intelfpga_lite/nios2eds/bin/gnu/h-x86_64-mingw32/bin/../lib/gcc/nios2-elf/5.3.0/../../../../../H-x86_64-mingw32/nios2-elf/lib/mno-hw-mul\libc.a(closer.o)
 .comment       0x0000000000000023       0x24 a:/intelfpga_lite/nios2eds/bin/gnu/h-x86_64-mingw32/bin/../lib/gcc/nios2-elf/5.3.0/../../../../../H-x86_64-mingw32/nios2-elf/lib/mno-hw-mul\libc.a(lib_a-fclose.o)
 .comment       0x0000000000000023       0x24 a:/intelfpga_lite/nios2eds/bin/gnu/h-x86_64-mingw32/bin/../lib/gcc/nios2-elf/5.3.0/../../../../../H-x86_64-mingw32/nios2-elf/lib/mno-hw-mul\libc.a(lib_a-fflush.o)
 .comment       0x0000000000000023       0x24 a:/intelfpga_lite/nios2eds/bin/gnu/h-x86_64-mingw32/bin/../lib/gcc/nios2-elf/5.3.0/../../../../../H-x86_64-mingw32/nios2-elf/lib/mno-hw-mul\libc.a(lib_a-freer.o)
 .comment       0x0000000000000023       0x24 a:/intelfpga_lite/nios2eds/bin/gnu/h-x86_64-mingw32/bin/../lib/gcc/nios2-elf/5.3.0/../../../../../H-x86_64-mingw32/nios2-elf/lib/mno-hw-mul\libc.a(lib_a-int_errno.o)
 .comment       0x0000000000000023       0x24 a:/intelfpga_lite/nios2eds/bin/gnu/h-x86_64-mingw32/bin/../lib/gcc/nios2-elf/5.3.0/../../../../../H-x86_64-mingw32/nios2-elf/lib/mno-hw-mul\libc.a(lib_a-lseekr.o)
 .comment       0x0000000000000023       0x24 a:/intelfpga_lite/nios2eds/bin/gnu/h-x86_64-mingw32/bin/../lib/gcc/nios2-elf/5.3.0/../../../../../H-x86_64-mingw32/nios2-elf/lib/mno-hw-mul\libc.a(lib_a-makebuf.o)
 .comment       0x0000000000000023       0x24 a:/intelfpga_lite/nios2eds/bin/gnu/h-x86_64-mingw32/bin/../lib/gcc/nios2-elf/5.3.0/../../../../../H-x86_64-mingw32/nios2-elf/lib/mno-hw-mul\libc.a(lib_a-readr.o)
 .comment       0x0000000000000023       0x24 a:/intelfpga_lite/nios2eds/bin/gnu/h-x86_64-mingw32/bin/../lib/gcc/nios2-elf/5.3.0/../../../../../H-x86_64-mingw32/nios2-elf/lib/mno-hw-mul\libc.a(lib_a-fstatr.o)
 .comment       0x0000000000000023       0x24 a:/intelfpga_lite/nios2eds/bin/gnu/h-x86_64-mingw32/bin/../lib/gcc/nios2-elf/5.3.0/../../../../../H-x86_64-mingw32/nios2-elf/lib/mno-hw-mul\libc.a(lib_a-isattyr.o)
 .comment       0x0000000000000023       0x24 a:/intelfpga_lite/nios2eds/bin/gnu/h-x86_64-mingw32/bin/../lib/gcc/nios2-elf/5.3.0/mno-hw-mul\libgcc.a(lib2-divmod.o)
 .comment       0x0000000000000023       0x24 a:/intelfpga_lite/nios2eds/bin/gnu/h-x86_64-mingw32/bin/../lib/gcc/nios2-elf/5.3.0/mno-hw-mul\libgcc.a(lib2-mul.o)
 .comment       0x0000000000000023       0x24 ../lab4_bsp/\libucosii_bsp.a(alt_close.o)
 .comment       0x0000000000000023       0x24 ../lab4_bsp/\libucosii_bsp.a(alt_dev.o)
 .comment       0x0000000000000023       0x24 ../lab4_bsp/\libucosii_bsp.a(alt_errno.o)
 .comment       0x0000000000000023       0x24 ../lab4_bsp/\libucosii_bsp.a(alt_fstat.o)
 .comment       0x0000000000000023       0x24 ../lab4_bsp/\libucosii_bsp.a(alt_isatty.o)
 .comment       0x0000000000000023       0x24 ../lab4_bsp/\libucosii_bsp.a(alt_load.o)
 .comment       0x0000000000000023       0x24 ../lab4_bsp/\libucosii_bsp.a(alt_lseek.o)
 .comment       0x0000000000000023       0x24 ../lab4_bsp/\libucosii_bsp.a(alt_main.o)
 .comment       0x0000000000000023       0x24 ../lab4_bsp/\libucosii_bsp.a(alt_read.o)
 .comment       0x0000000000000023       0x24 ../lab4_bsp/\libucosii_bsp.a(alt_release_fd.o)
 .comment       0x0000000000000023       0x24 ../lab4_bsp/\libucosii_bsp.a(alt_sbrk.o)
 .comment       0x0000000000000023       0x24 ../lab4_bsp/\libucosii_bsp.a(alt_write.o)
 .comment       0x0000000000000023       0x24 ../lab4_bsp/\libucosii_bsp.a(alt_env_lock.o)
 .comment       0x0000000000000023       0x24 ../lab4_bsp/\libucosii_bsp.a(alt_malloc_lock.o)
 .comment       0x0000000000000023       0x24 ../lab4_bsp/\libucosii_bsp.a(os_core.o)
 .comment       0x0000000000000023       0x24 ../lab4_bsp/\libucosii_bsp.a(os_dbg.o)
 .comment       0x0000000000000023       0x24 ../lab4_bsp/\libucosii_bsp.a(os_flag.o)
 .comment       0x0000000000000023       0x24 ../lab4_bsp/\libucosii_bsp.a(os_mem.o)
 .comment       0x0000000000000023       0x24 ../lab4_bsp/\libucosii_bsp.a(os_q.o)
 .comment       0x0000000000000023       0x24 ../lab4_bsp/\libucosii_bsp.a(os_sem.o)
 .comment       0x0000000000000023       0x24 ../lab4_bsp/\libucosii_bsp.a(os_task.o)
 .comment       0x0000000000000023       0x24 ../lab4_bsp/\libucosii_bsp.a(os_time.o)
 .comment       0x0000000000000023       0x24 ../lab4_bsp/\libucosii_bsp.a(alt_sys_init.o)
 .comment       0x0000000000000023       0x24 ../lab4_bsp/\libucosii_bsp.a(altera_avalon_jtag_uart_fd.o)
 .comment       0x0000000000000023       0x24 ../lab4_bsp/\libucosii_bsp.a(altera_avalon_jtag_uart_init.o)
 .comment       0x0000000000000023       0x24 ../lab4_bsp/\libucosii_bsp.a(altera_avalon_jtag_uart_ioctl.o)
 .comment       0x0000000000000023       0x24 ../lab4_bsp/\libucosii_bsp.a(altera_avalon_jtag_uart_read.o)
 .comment       0x0000000000000023       0x24 ../lab4_bsp/\libucosii_bsp.a(altera_avalon_jtag_uart_write.o)
 .comment       0x0000000000000023       0x24 ../lab4_bsp/\libucosii_bsp.a(altera_avalon_timer_sc.o)
 .comment       0x0000000000000023       0x24 ../lab4_bsp/\libucosii_bsp.a(alt_alarm_start.o)
 .comment       0x0000000000000023       0x24 ../lab4_bsp/\libucosii_bsp.a(alt_dcache_flush_all.o)
 .comment       0x0000000000000023       0x24 ../lab4_bsp/\libucosii_bsp.a(alt_dev_llist_insert.o)
 .comment       0x0000000000000023       0x24 ../lab4_bsp/\libucosii_bsp.a(alt_do_ctors.o)
 .comment       0x0000000000000023       0x24 ../lab4_bsp/\libucosii_bsp.a(alt_do_dtors.o)
 .comment       0x0000000000000023       0x24 ../lab4_bsp/\libucosii_bsp.a(alt_icache_flush_all.o)
 .comment       0x0000000000000023       0x24 ../lab4_bsp/\libucosii_bsp.a(alt_iic.o)
 .comment       0x0000000000000023       0x24 ../lab4_bsp/\libucosii_bsp.a(alt_iic_isr_register.o)
 .comment       0x0000000000000023       0x24 ../lab4_bsp/\libucosii_bsp.a(alt_io_redirect.o)
 .comment       0x0000000000000023       0x24 ../lab4_bsp/\libucosii_bsp.a(alt_irq_handler.o)
 .comment       0x0000000000000023       0x24 ../lab4_bsp/\libucosii_bsp.a(alt_irq_vars.o)
 .comment       0x0000000000000023       0x24 ../lab4_bsp/\libucosii_bsp.a(alt_open.o)
 .comment       0x0000000000000023       0x24 ../lab4_bsp/\libucosii_bsp.a(alt_tick.o)
 .comment       0x0000000000000023       0x24 ../lab4_bsp/\libucosii_bsp.a(altera_nios2_gen2_irq.o)
 .comment       0x0000000000000023       0x24 ../lab4_bsp/\libucosii_bsp.a(os_cpu_c.o)
 .comment       0x0000000000000023       0x24 ../lab4_bsp/\libucosii_bsp.a(alt_find_dev.o)
 .comment       0x0000000000000023       0x24 ../lab4_bsp/\libucosii_bsp.a(alt_find_file.o)
 .comment       0x0000000000000023       0x24 ../lab4_bsp/\libucosii_bsp.a(alt_get_fd.o)
 .comment       0x0000000000000023       0x24 ../lab4_bsp/\libucosii_bsp.a(alt_instruction_exception_entry.o)
 .comment       0x0000000000000023       0x24 a:/intelfpga_lite/nios2eds/bin/gnu/h-x86_64-mingw32/bin/../lib/gcc/nios2-elf/5.3.0/../../../../../H-x86_64-mingw32/nios2-elf/lib/mno-hw-mul\libc.a(lib_a-atexit.o)
 .comment       0x0000000000000023       0x24 a:/intelfpga_lite/nios2eds/bin/gnu/h-x86_64-mingw32/bin/../lib/gcc/nios2-elf/5.3.0/../../../../../H-x86_64-mingw32/nios2-elf/lib/mno-hw-mul\libc.a(lib_a-exit.o)
 .comment       0x0000000000000023       0x24 a:/intelfpga_lite/nios2eds/bin/gnu/h-x86_64-mingw32/bin/../lib/gcc/nios2-elf/5.3.0/../../../../../H-x86_64-mingw32/nios2-elf/lib/mno-hw-mul\libc.a(lib_a-memcmp.o)
 .comment       0x0000000000000023       0x24 a:/intelfpga_lite/nios2eds/bin/gnu/h-x86_64-mingw32/bin/../lib/gcc/nios2-elf/5.3.0/../../../../../H-x86_64-mingw32/nios2-elf/lib/mno-hw-mul\libc.a(lib_a-__atexit.o)
 .comment       0x0000000000000023       0x24 a:/intelfpga_lite/nios2eds/bin/gnu/h-x86_64-mingw32/bin/../lib/gcc/nios2-elf/5.3.0/../../../../../H-x86_64-mingw32/nios2-elf/lib/mno-hw-mul\libc.a(lib_a-__call_atexit.o)
 .comment       0x0000000000000023       0x24 ../lab4_bsp/\libucosii_bsp.a(alt_exit.o)

.debug
 *(.debug)

.line
 *(.line)

.debug_srcinfo
 *(.debug_srcinfo)

.debug_sfnames
 *(.debug_sfnames)

.debug_aranges  0x0000000000000000      0xb90
 *(.debug_aranges)